Archive member included to satisfy reference by file (symbol)

c:/arm-gcc/tools/gcc-arm-none-eabi-10-2020-q4-major/bin/../lib/gcc/arm-none-eabi/10.3.1/../../../../arm-none-eabi/lib/thumb/v7-m/nofp\libc_nano.a(lib_a-exit.o)
                              c:/arm-gcc/tools/gcc-arm-none-eabi-10-2020-q4-major/bin/../lib/gcc/arm-none-eabi/10.3.1/../../../../arm-none-eabi/lib/thumb/v7-m/nofp/crt0.o (exit)
c:/arm-gcc/tools/gcc-arm-none-eabi-10-2020-q4-major/bin/../lib/gcc/arm-none-eabi/10.3.1/../../../../arm-none-eabi/lib/thumb/v7-m/nofp\libc_nano.a(lib_a-impure.o)
                              c:/arm-gcc/tools/gcc-arm-none-eabi-10-2020-q4-major/bin/../lib/gcc/arm-none-eabi/10.3.1/../../../../arm-none-eabi/lib/thumb/v7-m/nofp\libc_nano.a(lib_a-exit.o) (_global_impure_ptr)
c:/arm-gcc/tools/gcc-arm-none-eabi-10-2020-q4-major/bin/../lib/gcc/arm-none-eabi/10.3.1/../../../../arm-none-eabi/lib/thumb/v7-m/nofp\libc_nano.a(lib_a-init.o)
                              c:/arm-gcc/tools/gcc-arm-none-eabi-10-2020-q4-major/bin/../lib/gcc/arm-none-eabi/10.3.1/../../../../arm-none-eabi/lib/thumb/v7-m/nofp/crt0.o (__libc_init_array)
c:/arm-gcc/tools/gcc-arm-none-eabi-10-2020-q4-major/bin/../lib/gcc/arm-none-eabi/10.3.1/../../../../arm-none-eabi/lib/thumb/v7-m/nofp\libc_nano.a(lib_a-itoa.o)
                              build/main.o (itoa)
c:/arm-gcc/tools/gcc-arm-none-eabi-10-2020-q4-major/bin/../lib/gcc/arm-none-eabi/10.3.1/../../../../arm-none-eabi/lib/thumb/v7-m/nofp\libc_nano.a(lib_a-memset.o)
                              c:/arm-gcc/tools/gcc-arm-none-eabi-10-2020-q4-major/bin/../lib/gcc/arm-none-eabi/10.3.1/../../../../arm-none-eabi/lib/thumb/v7-m/nofp/crt0.o (memset)
c:/arm-gcc/tools/gcc-arm-none-eabi-10-2020-q4-major/bin/../lib/gcc/arm-none-eabi/10.3.1/../../../../arm-none-eabi/lib/thumb/v7-m/nofp\libc_nano.a(lib_a-strlen.o)
                              build/fonts.o (strlen)
c:/arm-gcc/tools/gcc-arm-none-eabi-10-2020-q4-major/bin/../lib/gcc/arm-none-eabi/10.3.1/../../../../arm-none-eabi/lib/thumb/v7-m/nofp\libc_nano.a(lib_a-utoa.o)
                              c:/arm-gcc/tools/gcc-arm-none-eabi-10-2020-q4-major/bin/../lib/gcc/arm-none-eabi/10.3.1/../../../../arm-none-eabi/lib/thumb/v7-m/nofp\libc_nano.a(lib_a-itoa.o) (__utoa)
c:/arm-gcc/tools/gcc-arm-none-eabi-10-2020-q4-major/bin/../lib/gcc/arm-none-eabi/10.3.1/../../../../arm-none-eabi/lib/thumb/v7-m/nofp\libnosys.a(_exit.o)
                              c:/arm-gcc/tools/gcc-arm-none-eabi-10-2020-q4-major/bin/../lib/gcc/arm-none-eabi/10.3.1/../../../../arm-none-eabi/lib/thumb/v7-m/nofp\libc_nano.a(lib_a-exit.o) (_exit)
c:/arm-gcc/tools/gcc-arm-none-eabi-10-2020-q4-major/bin/../lib/gcc/arm-none-eabi/10.3.1/thumb/v7-m/nofp\libgcc.a(_arm_muldf3.o)
                              build/main.o (__aeabi_dmul)
c:/arm-gcc/tools/gcc-arm-none-eabi-10-2020-q4-major/bin/../lib/gcc/arm-none-eabi/10.3.1/thumb/v7-m/nofp\libgcc.a(_arm_mulsf3.o)
                              build/main.o (__aeabi_fmul)
c:/arm-gcc/tools/gcc-arm-none-eabi-10-2020-q4-major/bin/../lib/gcc/arm-none-eabi/10.3.1/thumb/v7-m/nofp\libgcc.a(_arm_addsubdf3.o)
                              build/main.o (__aeabi_ui2d)
c:/arm-gcc/tools/gcc-arm-none-eabi-10-2020-q4-major/bin/../lib/gcc/arm-none-eabi/10.3.1/thumb/v7-m/nofp\libgcc.a(_arm_muldivdf3.o)
                              build/main.o (__aeabi_ddiv)
c:/arm-gcc/tools/gcc-arm-none-eabi-10-2020-q4-major/bin/../lib/gcc/arm-none-eabi/10.3.1/thumb/v7-m/nofp\libgcc.a(_arm_truncdfsf2.o)
                              build/main.o (__aeabi_d2f)
c:/arm-gcc/tools/gcc-arm-none-eabi-10-2020-q4-major/bin/../lib/gcc/arm-none-eabi/10.3.1/thumb/v7-m/nofp\libgcc.a(_arm_addsubsf3.o)
                              build/main.o (__aeabi_fsub)
c:/arm-gcc/tools/gcc-arm-none-eabi-10-2020-q4-major/bin/../lib/gcc/arm-none-eabi/10.3.1/thumb/v7-m/nofp\libgcc.a(_arm_fixsfsi.o)
                              build/main.o (__aeabi_f2iz)

Discarded input sections

 .text          0x00000000        0x0 c:/arm-gcc/tools/gcc-arm-none-eabi-10-2020-q4-major/bin/../lib/gcc/arm-none-eabi/10.3.1/thumb/v7-m/nofp/crti.o
 .data          0x00000000        0x0 c:/arm-gcc/tools/gcc-arm-none-eabi-10-2020-q4-major/bin/../lib/gcc/arm-none-eabi/10.3.1/thumb/v7-m/nofp/crti.o
 .bss           0x00000000        0x0 c:/arm-gcc/tools/gcc-arm-none-eabi-10-2020-q4-major/bin/../lib/gcc/arm-none-eabi/10.3.1/thumb/v7-m/nofp/crti.o
 .data          0x00000000        0x4 c:/arm-gcc/tools/gcc-arm-none-eabi-10-2020-q4-major/bin/../lib/gcc/arm-none-eabi/10.3.1/thumb/v7-m/nofp/crtbegin.o
 .rodata        0x00000000       0x24 c:/arm-gcc/tools/gcc-arm-none-eabi-10-2020-q4-major/bin/../lib/gcc/arm-none-eabi/10.3.1/thumb/v7-m/nofp/crtbegin.o
 .text          0x00000000       0x7c c:/arm-gcc/tools/gcc-arm-none-eabi-10-2020-q4-major/bin/../lib/gcc/arm-none-eabi/10.3.1/../../../../arm-none-eabi/lib/thumb/v7-m/nofp/crt0.o
[...]
Memory Configuration

Name             Origin             Length             Attributes
RAM              0x20000000         0x00005000         xrw
FLASH            0x08000000         0x00010000         xr
*default*        0x00000000         0xffffffff

Linker script and memory map

LOAD c:/arm-gcc/tools/gcc-arm-none-eabi-10-2020-q4-major/bin/../lib/gcc/arm-none-eabi/10.3.1/thumb/v7-m/nofp/crti.o
LOAD c:/arm-gcc/tools/gcc-arm-none-eabi-10-2020-q4-major/bin/../lib/gcc/arm-none-eabi/10.3.1/thumb/v7-m/nofp/crtbegin.o
LOAD c:/arm-gcc/tools/gcc-arm-none-eabi-10-2020-q4-major/bin/../lib/gcc/arm-none-eabi/10.3.1/../../../../arm-none-eabi/lib/thumb/v7-m/nofp/crt0.o
LOAD build/main.o
LOAD build/ssd1306.o
LOAD build/fonts.o
LOAD build/test.o
LOAD build/stm32f1xx_it.o
LOAD build/stm32f1xx_hal_msp.o
LOAD build/stm32f1xx_hal_gpio_ex.o
LOAD build/stm32f1xx_hal_tim.o
LOAD build/stm32f1xx_hal_tim_ex.o
LOAD build/stm32f1xx_hal.o
LOAD build/stm32f1xx_hal_rcc.o
LOAD build/stm32f1xx_hal_rcc_ex.o
LOAD build/stm32f1xx_hal_gpio.o
LOAD build/stm32f1xx_hal_dma.o
LOAD build/stm32f1xx_hal_cortex.o
LOAD build/stm32f1xx_hal_pwr.o
LOAD build/stm32f1xx_hal_flash.o
LOAD build/stm32f1xx_hal_flash_ex.o
LOAD build/stm32f1xx_hal_exti.o
LOAD build/system_stm32f1xx.o
LOAD build/stm32f1xx_hal_i2c.o
LOAD build/stm32f1xx_hal_adc.o
LOAD build/stm32f1xx_hal_adc_ex.o
LOAD build/startup_stm32f103xb.o
LOAD c:/arm-gcc/tools/gcc-arm-none-eabi-10-2020-q4-major/bin/../lib/gcc/arm-none-eabi/10.3.1/../../../../arm-none-eabi/lib/thumb/v7-m/nofp\libc_nano.a
LOAD c:/arm-gcc/tools/gcc-arm-none-eabi-10-2020-q4-major/bin/../lib/gcc/arm-none-eabi/10.3.1/../../../../arm-none-eabi/lib/thumb/v7-m/nofp\libm.a
LOAD c:/arm-gcc/tools/gcc-arm-none-eabi-10-2020-q4-major/bin/../lib/gcc/arm-none-eabi/10.3.1/../../../../arm-none-eabi/lib/thumb/v7-m/nofp\libnosys.a
START GROUP
LOAD c:/arm-gcc/tools/gcc-arm-none-eabi-10-2020-q4-major/bin/../lib/gcc/arm-none-eabi/10.3.1/thumb/v7-m/nofp\libgcc.a
LOAD c:/arm-gcc/tools/gcc-arm-none-eabi-10-2020-q4-major/bin/../lib/gcc/arm-none-eabi/10.3.1/../../../../arm-none-eabi/lib/thumb/v7-m/nofp\libc_nano.a
END GROUP
START GROUP
LOAD c:/arm-gcc/tools/gcc-arm-none-eabi-10-2020-q4-major/bin/../lib/gcc/arm-none-eabi/10.3.1/thumb/v7-m/nofp\libgcc.a
LOAD c:/arm-gcc/tools/gcc-arm-none-eabi-10-2020-q4-major/bin/../lib/gcc/arm-none-eabi/10.3.1/../../../../arm-none-eabi/lib/thumb/v7-m/nofp\libc_nano.a
END GROUP
LOAD c:/arm-gcc/tools/gcc-arm-none-eabi-10-2020-q4-major/bin/../lib/gcc/arm-none-eabi/10.3.1/thumb/v7-m/nofp/crtend.o
LOAD c:/arm-gcc/tools/gcc-arm-none-eabi-10-2020-q4-major/bin/../lib/gcc/arm-none-eabi/10.3.1/thumb/v7-m/nofp/crtn.o
                0x20005000                _estack = 0x20005000
                0x00000200                _Min_Heap_Size = 0x200
                0x00000400                _Min_Stack_Size = 0x400

.isr_vector     0x08000000      0x10c
                0x08000000                . = ALIGN (0x4)
 *(.isr_vector)
 .isr_vector    0x08000000      0x10c build/startup_stm32f103xb.o
                0x08000000                g_pfnVectors
                0x0800010c                . = ALIGN (0x4)

.text           0x08000110     0x4974
                0x08000110                . = ALIGN (0x4)
 *(.text)
 .text          0x08000110       0x40 c:/arm-gcc/tools/gcc-arm-none-eabi-10-2020-q4-major/bin/../lib/gcc/arm-none-eabi/10.3.1/thumb/v7-m/nofp/crtbegin.o
 .text          0x08000150      0x168 c:/arm-gcc/tools/gcc-arm-none-eabi-10-2020-q4-major/bin/../lib/gcc/arm-none-eabi/10.3.1/thumb/v7-m/nofp\libgcc.a(_arm_mulsf3.o)
                0x08000150                __aeabi_fmul
                0x08000150                __mulsf3
 .text          0x080002b8      0x378 c:/arm-gcc/tools/gcc-arm-none-eabi-10-2020-q4-major/bin/../lib/gcc/arm-none-eabi/10.3.1/thumb/v7-m/nofp\libgcc.a(_arm_addsubdf3.o)
                0x080002b8                __aeabi_drsub
                0x080002c0                __aeabi_dsub
                0x080002c0                __subdf3
                0x080002c4                __aeabi_dadd
                0x080002c4                __adddf3
                0x0800053c                __floatunsidf
                0x0800053c                __aeabi_ui2d
                0x0800055c                __floatsidf
                0x0800055c                __aeabi_i2d
                0x08000580                __aeabi_f2d
                0x08000580                __extendsfdf2
                0x080005c4                __floatundidf
                0x080005c4                __aeabi_ul2d
                0x080005d4                __floatdidf
                0x080005d4                __aeabi_l2d
 .text          0x08000630      0x424 c:/arm-gcc/tools/gcc-arm-none-eabi-10-2020-q4-major/bin/../lib/gcc/arm-none-eabi/10.3.1/thumb/v7-m/nofp\libgcc.a(_arm_muldivdf3.o)
                0x08000630                __aeabi_dmul
                0x08000630                __muldf3
                0x08000884                __divdf3
                0x08000884                __aeabi_ddiv
 .text          0x08000a54       0xa0 c:/arm-gcc/tools/gcc-arm-none-eabi-10-2020-q4-major/bin/../lib/gcc/arm-none-eabi/10.3.1/thumb/v7-m/nofp\libgcc.a(_arm_truncdfsf2.o)
                0x08000a54                __truncdfsf2
                0x08000a54                __aeabi_d2f
 .text          0x08000af4      0x21c c:/arm-gcc/tools/gcc-arm-none-eabi-10-2020-q4-major/bin/../lib/gcc/arm-none-eabi/10.3.1/thumb/v7-m/nofp\libgcc.a(_arm_addsubsf3.o)
                0x08000af4                __aeabi_frsub
                0x08000afc                __subsf3
                0x08000afc                __aeabi_fsub
                0x08000b00                __aeabi_fadd
                0x08000b00                __addsf3
                0x08000c60                __aeabi_ui2f
                0x08000c60                __floatunsisf
                0x08000c68                __aeabi_i2f
                0x08000c68                __floatsisf
                0x08000c84                __aeabi_ul2f
                0x08000c84                __floatundisf
                0x08000c94                __aeabi_l2f
                0x08000c94                __floatdisf
 .text          0x08000d10       0x4c c:/arm-gcc/tools/gcc-arm-none-eabi-10-2020-q4-major/bin/../lib/gcc/arm-none-eabi/10.3.1/thumb/v7-m/nofp\libgcc.a(_arm_fixsfsi.o)
                0x08000d10                __aeabi_f2iz
                0x08000d10                __fixsfsi
 *(.text*)
 .text.HAL_TIM_PeriodElapsedCallback
                0x08000d5c       0x54 build/main.o
                0x08000d5c                HAL_TIM_PeriodElapsedCallback
 .text.MenuHandler
                0x08000db0      0x184 build/main.o
                0x08000db0                MenuHandler
 .text.ClickHandler
                0x08000f34       0x7c build/main.o
                0x08000f34                ClickHandler
 .text.main     0x08000fb0      0x138 build/main.o
                0x08000fb0                main
 .text.SystemClock_Config
                0x080010e8       0xb6 build/main.o
                0x080010e8                SystemClock_Config
 *fill*         0x0800119e        0x2 
 .text.MX_ADC1_Init
                0x080011a0       0x7c build/main.o
 .text.MX_I2C1_Init
                0x0800121c       0x5c build/main.o
 .text.MX_TIM4_Init
                0x08001278       0x9c build/main.o
 .text.MX_GPIO_Init
                0x08001314      0x130 build/main.o
 .text.Error_Handler
                0x08001444        0xa build/main.o
                0x08001444                Error_Handler
 *fill*         0x0800144e        0x2 
 .text.SSD1306_Init
                0x08001450      0x188 build/ssd1306.o
                0x08001450                SSD1306_Init
 .text.SSD1306_UpdateScreen
                0x080015d8       0x5c build/ssd1306.o
                0x080015d8                SSD1306_UpdateScreen
 .text.SSD1306_Fill
                0x08001634       0x30 build/ssd1306.o
                0x08001634                SSD1306_Fill
 .text.SSD1306_DrawPixel
                0x08001664       0xbc build/ssd1306.o
                0x08001664                SSD1306_DrawPixel
 .text.SSD1306_GotoXY
                0x08001720       0x2c build/ssd1306.o
                0x08001720                SSD1306_GotoXY
 .text.SSD1306_Putc
                0x0800174c      0x100 build/ssd1306.o
                0x0800174c                SSD1306_Putc
 .text.SSD1306_Puts
                0x0800184c       0x4a build/ssd1306.o
                0x0800184c                SSD1306_Puts
 .text.SSD1306_Clear
                0x08001896       0x12 build/ssd1306.o
                0x08001896                SSD1306_Clear
 .text.ssd1306_I2C_Init
                0x080018a8       0x28 build/ssd1306.o
                0x080018a8                ssd1306_I2C_Init
 .text.ssd1306_I2C_WriteMulti
                0x080018d0       0xcc build/ssd1306.o
                0x080018d0                ssd1306_I2C_WriteMulti
 .text.ssd1306_I2C_Write
                0x0800199c       0x3c build/ssd1306.o
                0x0800199c                ssd1306_I2C_Write
 .text.NMI_Handler
                0x080019d8        0x6 build/stm32f1xx_it.o
                0x080019d8                NMI_Handler
 .text.HardFault_Handler
                0x080019de        0x6 build/stm32f1xx_it.o
                0x080019de                HardFault_Handler
 .text.MemManage_Handler
                0x080019e4        0x6 build/stm32f1xx_it.o
                0x080019e4                MemManage_Handler
 .text.BusFault_Handler
                0x080019ea        0x6 build/stm32f1xx_it.o
                0x080019ea                BusFault_Handler
 .text.UsageFault_Handler
                0x080019f0        0x6 build/stm32f1xx_it.o
                0x080019f0                UsageFault_Handler
 .text.SVC_Handler
                0x080019f6        0xc build/stm32f1xx_it.o
                0x080019f6                SVC_Handler
 .text.DebugMon_Handler
                0x08001a02        0xc build/stm32f1xx_it.o
                0x08001a02                DebugMon_Handler
 .text.PendSV_Handler
                0x08001a0e        0xc build/stm32f1xx_it.o
                0x08001a0e                PendSV_Handler
 .text.SysTick_Handler
                0x08001a1a        0xc build/stm32f1xx_it.o
                0x08001a1a                SysTick_Handler
 *fill*         0x08001a26        0x2 
 .text.TIM4_IRQHandler
                0x08001a28       0x14 build/stm32f1xx_it.o
                0x08001a28                TIM4_IRQHandler
 .text.HAL_MspInit
                0x08001a3c       0x64 build/stm32f1xx_hal_msp.o
                0x08001a3c                HAL_MspInit
 .text.HAL_ADC_MspInit
                0x08001aa0       0x78 build/stm32f1xx_hal_msp.o
                0x08001aa0                HAL_ADC_MspInit
 .text.HAL_I2C_MspInit
                0x08001b18       0xa0 build/stm32f1xx_hal_msp.o
                0x08001b18                HAL_I2C_MspInit
 .text.HAL_TIM_Base_MspInit
                0x08001bb8       0x4c build/stm32f1xx_hal_msp.o
                0x08001bb8                HAL_TIM_Base_MspInit
 .text.HAL_TIM_Base_Init
                0x08001c04       0x9e build/stm32f1xx_hal_tim.o
                0x08001c04                HAL_TIM_Base_Init
 *fill*         0x08001ca2        0x2 
 .text.HAL_TIM_Base_Start_IT
                0x08001ca4       0xa4 build/stm32f1xx_hal_tim.o
                0x08001ca4                HAL_TIM_Base_Start_IT
 .text.HAL_TIM_Base_Stop_IT
                0x08001d48       0x5c build/stm32f1xx_hal_tim.o
                0x08001d48                HAL_TIM_Base_Stop_IT
 .text.HAL_TIM_IRQHandler
                0x08001da4      0x210 build/stm32f1xx_hal_tim.o
                0x08001da4                HAL_TIM_IRQHandler
 .text.HAL_TIM_ConfigClockSource
                0x08001fb4      0x188 build/stm32f1xx_hal_tim.o
                0x08001fb4                HAL_TIM_ConfigClockSource
 .text.HAL_TIM_OC_DelayElapsedCallback
                0x0800213c       0x12 build/stm32f1xx_hal_tim.o
                0x0800213c                HAL_TIM_OC_DelayElapsedCallback
 .text.HAL_TIM_IC_CaptureCallback
                0x0800214e       0x12 build/stm32f1xx_hal_tim.o
                0x0800214e                HAL_TIM_IC_CaptureCallback
 .text.HAL_TIM_PWM_PulseFinishedCallback
                0x08002160       0x12 build/stm32f1xx_hal_tim.o
                0x08002160                HAL_TIM_PWM_PulseFinishedCallback
 .text.HAL_TIM_TriggerCallback
                0x08002172       0x12 build/stm32f1xx_hal_tim.o
                0x08002172                HAL_TIM_TriggerCallback
 .text.TIM_Base_SetConfig
                0x08002184       0xc4 build/stm32f1xx_hal_tim.o
                0x08002184                TIM_Base_SetConfig
 .text.TIM_TI1_ConfigInputStage
                0x08002248       0x5c build/stm32f1xx_hal_tim.o
 .text.TIM_TI2_ConfigInputStage
                0x080022a4       0x5e build/stm32f1xx_hal_tim.o
 .text.TIM_ITRx_SetConfig
                0x08002302       0x34 build/stm32f1xx_hal_tim.o
 .text.TIM_ETR_SetConfig
                0x08002336       0x3e build/stm32f1xx_hal_tim.o
                0x08002336                TIM_ETR_SetConfig
 .text.HAL_TIMEx_MasterConfigSynchronization
                0x08002374       0xbc build/stm32f1xx_hal_tim_ex.o
                0x08002374                HAL_TIMEx_MasterConfigSynchronization
 .text.HAL_TIMEx_CommutCallback
                0x08002430       0x12 build/stm32f1xx_hal_tim_ex.o
                0x08002430                HAL_TIMEx_CommutCallback
 .text.HAL_TIMEx_BreakCallback
                0x08002442       0x12 build/stm32f1xx_hal_tim_ex.o
                0x08002442                HAL_TIMEx_BreakCallback
 .text.HAL_Init
                0x08002454       0x2c build/stm32f1xx_hal.o
                0x08002454                HAL_Init
 .text.HAL_InitTick
                0x08002480       0x60 build/stm32f1xx_hal.o
                0x08002480                HAL_InitTick
 .text.HAL_IncTick
                0x080024e0       0x24 build/stm32f1xx_hal.o
                0x080024e0                HAL_IncTick
 .text.HAL_GetTick
                0x08002504       0x14 build/stm32f1xx_hal.o
                0x08002504                HAL_GetTick
 .text.HAL_RCC_OscConfig
                0x08002518      0x504 build/stm32f1xx_hal_rcc.o
                0x08002518                HAL_RCC_OscConfig
 .text.HAL_RCC_ClockConfig
                0x08002a1c      0x1d4 build/stm32f1xx_hal_rcc.o
                0x08002a1c                HAL_RCC_ClockConfig
 .text.HAL_RCC_GetSysClockFreq
                0x08002bf0       0xbc build/stm32f1xx_hal_rcc.o
                0x08002bf0                HAL_RCC_GetSysClockFreq
 .text.HAL_RCC_GetHCLKFreq
                0x08002cac       0x14 build/stm32f1xx_hal_rcc.o
                0x08002cac                HAL_RCC_GetHCLKFreq
 .text.HAL_RCC_GetPCLK1Freq
                0x08002cc0       0x28 build/stm32f1xx_hal_rcc.o
                0x08002cc0                HAL_RCC_GetPCLK1Freq
 .text.HAL_RCC_GetPCLK2Freq
                0x08002ce8       0x28 build/stm32f1xx_hal_rcc.o
                0x08002ce8                HAL_RCC_GetPCLK2Freq
 .text.RCC_Delay
                0x08002d10       0x3c build/stm32f1xx_hal_rcc.o
 .text.HAL_RCCEx_PeriphCLKConfig
                0x08002d4c      0x16c build/stm32f1xx_hal_rcc_ex.o
                0x08002d4c                HAL_RCCEx_PeriphCLKConfig
 .text.HAL_RCCEx_GetPeriphCLKFreq
                0x08002eb8      0x180 build/stm32f1xx_hal_rcc_ex.o
                0x08002eb8                HAL_RCCEx_GetPeriphCLKFreq
 .text.HAL_GPIO_Init
                0x08003038      0x308 build/stm32f1xx_hal_gpio.o
                0x08003038                HAL_GPIO_Init
 .text.HAL_GPIO_ReadPin
                0x08003340       0x2e build/stm32f1xx_hal_gpio.o
                0x08003340                HAL_GPIO_ReadPin
 .text.HAL_GPIO_WritePin
                0x0800336e       0x30 build/stm32f1xx_hal_gpio.o
                0x0800336e                HAL_GPIO_WritePin
 *fill*         0x0800339e        0x2 
 .text.__NVIC_SetPriorityGrouping
                0x080033a0       0x48 build/stm32f1xx_hal_cortex.o
 .text.__NVIC_GetPriorityGrouping
                0x080033e8       0x1c build/stm32f1xx_hal_cortex.o
 .text.__NVIC_EnableIRQ
                0x08003404       0x38 build/stm32f1xx_hal_cortex.o
 .text.__NVIC_SetPriority
                0x0800343c       0x54 build/stm32f1xx_hal_cortex.o
 .text.NVIC_EncodePriority
                0x08003490       0x64 build/stm32f1xx_hal_cortex.o
 .text.SysTick_Config
                0x080034f4       0x44 build/stm32f1xx_hal_cortex.o
 .text.HAL_NVIC_SetPriorityGrouping
                0x08003538       0x16 build/stm32f1xx_hal_cortex.o
                0x08003538                HAL_NVIC_SetPriorityGrouping
 .text.HAL_NVIC_SetPriority
                0x0800354e       0x38 build/stm32f1xx_hal_cortex.o
                0x0800354e                HAL_NVIC_SetPriority
 .text.HAL_NVIC_EnableIRQ
                0x08003586       0x1c build/stm32f1xx_hal_cortex.o
                0x08003586                HAL_NVIC_EnableIRQ
 .text.HAL_SYSTICK_Config
                0x080035a2       0x18 build/stm32f1xx_hal_cortex.o
                0x080035a2                HAL_SYSTICK_Config
 .text.SystemInit
                0x080035ba        0xc build/system_stm32f1xx.o
                0x080035ba                SystemInit
 *fill*         0x080035c6        0x2 
 .text.HAL_I2C_Init
                0x080035c8      0x288 build/stm32f1xx_hal_i2c.o
                0x080035c8                HAL_I2C_Init
 .text.HAL_I2C_Master_Transmit
                0x08003850      0x1fc build/stm32f1xx_hal_i2c.o
                0x08003850                HAL_I2C_Master_Transmit
 .text.HAL_I2C_IsDeviceReady
                0x08003a4c      0x25c build/stm32f1xx_hal_i2c.o
                0x08003a4c                HAL_I2C_IsDeviceReady
 .text.I2C_MasterRequestWrite
                0x08003ca8      0x104 build/stm32f1xx_hal_i2c.o
 .text.I2C_WaitOnFlagUntilTimeout
                0x08003dac       0xae build/stm32f1xx_hal_i2c.o
 .text.I2C_WaitOnMasterAddressFlagUntilTimeout
                0x08003e5a       0xfe build/stm32f1xx_hal_i2c.o
 .text.I2C_WaitOnTXEFlagUntilTimeout
                0x08003f58       0x82 build/stm32f1xx_hal_i2c.o
 .text.I2C_WaitOnBTFFlagUntilTimeout
                0x08003fda       0x82 build/stm32f1xx_hal_i2c.o
 .text.I2C_IsAcknowledgeFailed
                0x0800405c       0x5c build/stm32f1xx_hal_i2c.o
 .text.HAL_ADC_Init
                0x080040b8      0x1b0 build/stm32f1xx_hal_adc.o
                0x080040b8                HAL_ADC_Init
 .text.HAL_ADC_Start
                0x08004268      0x15c build/stm32f1xx_hal_adc.o
                0x08004268                HAL_ADC_Start
 .text.HAL_ADC_PollForConversion
                0x080043c4      0x20c build/stm32f1xx_hal_adc.o
                0x080043c4                HAL_ADC_PollForConversion
 .text.HAL_ADC_GetValue
                0x080045d0       0x18 build/stm32f1xx_hal_adc.o
                0x080045d0                HAL_ADC_GetValue
 .text.HAL_ADC_ConfigChannel
                0x080045e8      0x1f0 build/stm32f1xx_hal_adc.o
                0x080045e8                HAL_ADC_ConfigChannel
 .text.ADC_Enable
                0x080047d8       0xb4 build/stm32f1xx_hal_adc.o
                0x080047d8                ADC_Enable
 .text.ADC_ConversionStop_Disable
                0x0800488c       0x82 build/stm32f1xx_hal_adc.o
                0x0800488c                ADC_ConversionStop_Disable
 *fill*         0x0800490e        0x2 
 .text.Reset_Handler
                0x08004910       0x48 build/startup_stm32f103xb.o
                0x08004910                Reset_Handler
 .text.Default_Handler
                0x08004958        0x2 build/startup_stm32f103xb.o
                0x08004958                RTC_Alarm_IRQHandler
                0x08004958                EXTI2_IRQHandler
                0x08004958                TIM1_CC_IRQHandler
                0x08004958                PVD_IRQHandler
                0x08004958                EXTI3_IRQHandler
                0x08004958                EXTI0_IRQHandler
                0x08004958                I2C2_EV_IRQHandler
                0x08004958                ADC1_2_IRQHandler
                0x08004958                SPI1_IRQHandler
                0x08004958                TAMPER_IRQHandler
                0x08004958                DMA1_Channel4_IRQHandler
                0x08004958                USART3_IRQHandler
                0x08004958                RTC_IRQHandler
                0x08004958                DMA1_Channel7_IRQHandler
                0x08004958                CAN1_RX1_IRQHandler
                0x08004958                I2C1_EV_IRQHandler
                0x08004958                DMA1_Channel6_IRQHandler
                0x08004958                TIM3_IRQHandler
                0x08004958                RCC_IRQHandler
                0x08004958                TIM1_TRG_COM_IRQHandler
                0x08004958                DMA1_Channel1_IRQHandler
                0x08004958                Default_Handler
                0x08004958                EXTI15_10_IRQHandler
                0x08004958                EXTI9_5_IRQHandler
                0x08004958                SPI2_IRQHandler
                0x08004958                DMA1_Channel5_IRQHandler
                0x08004958                EXTI4_IRQHandler
                0x08004958                USB_LP_CAN1_RX0_IRQHandler
                0x08004958                USB_HP_CAN1_TX_IRQHandler
                0x08004958                DMA1_Channel3_IRQHandler
                0x08004958                TIM1_UP_IRQHandler
                0x08004958                WWDG_IRQHandler
                0x08004958                TIM2_IRQHandler
                0x08004958                TIM1_BRK_IRQHandler
                0x08004958                EXTI1_IRQHandler
                0x08004958                USART2_IRQHandler
                0x08004958                I2C2_ER_IRQHandler
                0x08004958                DMA1_Channel2_IRQHandler
                0x08004958                CAN1_SCE_IRQHandler
                0x08004958                FLASH_IRQHandler
                0x08004958                USART1_IRQHandler
                0x08004958                I2C1_ER_IRQHandler
                0x08004958                USBWakeUp_IRQHandler
 *fill*         0x0800495a        0x2 
 .text.__libc_init_array
                0x0800495c       0x48 c:/arm-gcc/tools/gcc-arm-none-eabi-10-2020-q4-major/bin/../lib/gcc/arm-none-eabi/10.3.1/../../../../arm-none-eabi/lib/thumb/v7-m/nofp\libc_nano.a(lib_a-init.o)
                0x0800495c                __libc_init_array
 .text.__itoa   0x080049a4       0x30 c:/arm-gcc/tools/gcc-arm-none-eabi-10-2020-q4-major/bin/../lib/gcc/arm-none-eabi/10.3.1/../../../../arm-none-eabi/lib/thumb/v7-m/nofp\libc_nano.a(lib_a-itoa.o)
                0x080049a4                __itoa
 .text.itoa     0x080049d4        0x4 c:/arm-gcc/tools/gcc-arm-none-eabi-10-2020-q4-major/bin/../lib/gcc/arm-none-eabi/10.3.1/../../../../arm-none-eabi/lib/thumb/v7-m/nofp\libc_nano.a(lib_a-itoa.o)
                0x080049d4                itoa
 .text.memset   0x080049d8       0x10 c:/arm-gcc/tools/gcc-arm-none-eabi-10-2020-q4-major/bin/../lib/gcc/arm-none-eabi/10.3.1/../../../../arm-none-eabi/lib/thumb/v7-m/nofp\libc_nano.a(lib_a-memset.o)
                0x080049d8                memset
 .text.__utoa   0x080049e8       0x84 c:/arm-gcc/tools/gcc-arm-none-eabi-10-2020-q4-major/bin/../lib/gcc/arm-none-eabi/10.3.1/../../../../arm-none-eabi/lib/thumb/v7-m/nofp\libc_nano.a(lib_a-utoa.o)
                0x080049e8                __utoa
 *(.glue_7)
 .glue_7        0x08004a6c        0x0 linker stubs
 *(.glue_7t)
 .glue_7t       0x08004a6c        0x0 linker stubs
 *(.eh_frame)
 .eh_frame      0x08004a6c        0x0 c:/arm-gcc/tools/gcc-arm-none-eabi-10-2020-q4-major/bin/../lib/gcc/arm-none-eabi/10.3.1/thumb/v7-m/nofp/crtbegin.o
 *(.init)
 .init          0x08004a6c        0x4 c:/arm-gcc/tools/gcc-arm-none-eabi-10-2020-q4-major/bin/../lib/gcc/arm-none-eabi/10.3.1/thumb/v7-m/nofp/crti.o
                0x08004a6c                _init
 .init          0x08004a70        0x8 c:/arm-gcc/tools/gcc-arm-none-eabi-10-2020-q4-major/bin/../lib/gcc/arm-none-eabi/10.3.1/thumb/v7-m/nofp/crtn.o
 *(.fini)
 .fini          0x08004a78        0x4 c:/arm-gcc/tools/gcc-arm-none-eabi-10-2020-q4-major/bin/../lib/gcc/arm-none-eabi/10.3.1/thumb/v7-m/nofp/crti.o
                0x08004a78                _fini
 .fini          0x08004a7c        0x8 c:/arm-gcc/tools/gcc-arm-none-eabi-10-2020-q4-major/bin/../lib/gcc/arm-none-eabi/10.3.1/thumb/v7-m/nofp/crtn.o
                0x08004a84                . = ALIGN (0x4)
                0x08004a84                _etext = .

.vfp11_veneer   0x08004a84        0x0
 .vfp11_veneer  0x08004a84        0x0 linker stubs

.v4_bx          0x08004a84        0x0
 .v4_bx         0x08004a84        0x0 linker stubs

.iplt           0x08004a84        0x0
 .iplt          0x08004a84        0x0 c:/arm-gcc/tools/gcc-arm-none-eabi-10-2020-q4-major/bin/../lib/gcc/arm-none-eabi/10.3.1/thumb/v7-m/nofp/crtbegin.o

.rodata         0x08004a84      0x810
                0x08004a84                . = ALIGN (0x4)
 *(.rodata)
 .rodata        0x08004a84       0x41 build/main.o
 *fill*         0x08004ac5        0x3 
 .rodata        0x08004ac8       0x10 build/stm32f1xx_hal_rcc.o
 .rodata        0x08004ad8       0x10 build/stm32f1xx_hal_rcc_ex.o
 *(.rodata*)
 .rodata.Font7x10
                0x08004ae8      0x76c build/fonts.o
                0x08004ae8                Font7x10
 .rodata.AHBPrescTable
                0x08005254       0x10 build/system_stm32f1xx.o
                0x08005254                AHBPrescTable
 .rodata.APBPrescTable
                0x08005264        0x8 build/system_stm32f1xx.o
                0x08005264                APBPrescTable
 .rodata.__utoa.str1.1
                0x0800526c       0x25 c:/arm-gcc/tools/gcc-arm-none-eabi-10-2020-q4-major/bin/../lib/gcc/arm-none-eabi/10.3.1/../../../../arm-none-eabi/lib/thumb/v7-m/nofp\libc_nano.a(lib_a-utoa.o)
                0x08005294                . = ALIGN (0x4)
 *fill*         0x08005291        0x3 

.rel.dyn        0x08005294        0x0
 .rel.iplt      0x08005294        0x0 c:/arm-gcc/tools/gcc-arm-none-eabi-10-2020-q4-major/bin/../lib/gcc/arm-none-eabi/10.3.1/thumb/v7-m/nofp/crtbegin.o

.ARM.extab
 *(.ARM.extab* .gnu.linkonce.armextab.*)

.ARM            0x08005294        0x0
                0x08005294                __exidx_start = .
 *(.ARM.exidx*)
                0x08005294                __exidx_end = .

.preinit_array  0x08005294        0x0
                0x08005294                PROVIDE (__preinit_array_start = .)
 *(.preinit_array*)
                0x08005294                PROVIDE (__preinit_array_end = .)

.init_array     0x08005294        0x4
                0x08005294                PROVIDE (__init_array_start = .)
 *(SORT_BY_NAME(.init_array.*))
 *(.init_array*)
 .init_array    0x08005294        0x4 c:/arm-gcc/tools/gcc-arm-none-eabi-10-2020-q4-major/bin/../lib/gcc/arm-none-eabi/10.3.1/thumb/v7-m/nofp/crtbegin.o
                0x08005298                PROVIDE (__init_array_end = .)

.fini_array     0x08005298        0x4
                [!provide]                PROVIDE (__fini_array_start = .)
 *(SORT_BY_NAME(.fini_array.*))
 *(.fini_array*)
 .fini_array    0x08005298        0x4 c:/arm-gcc/tools/gcc-arm-none-eabi-10-2020-q4-major/bin/../lib/gcc/arm-none-eabi/10.3.1/thumb/v7-m/nofp/crtbegin.o
                [!provide]                PROVIDE (__fini_array_end = .)
                0x0800529c                _sidata = LOADADDR (.data)

.data           0x20000000       0x18 load address 0x0800529c
                0x20000000                . = ALIGN (0x4)
                0x20000000                _sdata = .
 *(.data)
 *(.data*)
 .data.StepAlta
                0x20000000        0x1 build/main.o
                0x20000000                StepAlta
 *fill*         0x20000001        0x3 
 .data.Font_7x10
                0x20000004        0x8 build/fonts.o
                0x20000004                Font_7x10
 .data.uwTickPrio
                0x2000000c        0x4 build/stm32f1xx_hal.o
                0x2000000c                uwTickPrio
 .data.uwTickFreq
                0x20000010        0x1 build/stm32f1xx_hal.o
                0x20000010                uwTickFreq
 *fill*         0x20000011        0x3 
 .data.SystemCoreClock
                0x20000014        0x4 build/system_stm32f1xx.o
                0x20000014                SystemCoreClock
                0x20000018                . = ALIGN (0x4)
                0x20000018                _edata = .

.igot.plt       0x20000018        0x0 load address 0x080052b4
 .igot.plt      0x20000018        0x0 c:/arm-gcc/tools/gcc-arm-none-eabi-10-2020-q4-major/bin/../lib/gcc/arm-none-eabi/10.3.1/thumb/v7-m/nofp/crtbegin.o
                0x20000018                . = ALIGN (0x4)

.bss            0x20000018      0x514 load address 0x080052b4
                0x20000018                _sbss = .
                0x20000018                __bss_start__ = _sbss
 *(.bss)
 .bss           0x20000018       0x1c c:/arm-gcc/tools/gcc-arm-none-eabi-10-2020-q4-major/bin/../lib/gcc/arm-none-eabi/10.3.1/thumb/v7-m/nofp/crtbegin.o
 *(.bss*)
 .bss.hadc1     0x20000034       0x30 build/main.o
                0x20000034                hadc1
 .bss.hi2c1     0x20000064       0x54 build/main.o
                0x20000064                hi2c1
 .bss.htim4     0x200000b8       0x48 build/main.o
                0x200000b8                htim4
 .bss.MenuAtual
                0x20000100        0x4 build/main.o
                0x20000100                MenuAtual
 .bss.counterOpcao
                0x20000104        0x4 build/main.o
                0x20000104                counterOpcao
 .bss.counterPrev
                0x20000108        0x4 build/main.o
                0x20000108                counterPrev
 .bss.txtCounter
                0x2000010c        0xa build/main.o
                0x2000010c                txtCounter
 *fill*         0x20000116        0x2 
 .bss.TempVolts
                0x20000118        0x4 build/main.o
                0x20000118                TempVolts
 .bss.TempCelsius
                0x2000011c        0x4 build/main.o
                0x2000011c                TempCelsius
 .bss.SSD1306_Buffer
                0x20000120      0x400 build/ssd1306.o
 .bss.SSD1306   0x20000520        0x6 build/ssd1306.o
 *fill*         0x20000526        0x2 
 .bss.uwTick    0x20000528        0x4 build/stm32f1xx_hal.o
                0x20000528                uwTick
 *(COMMON)
                0x2000052c                . = ALIGN (0x4)
                0x2000052c                _ebss = .
                0x2000052c                __bss_end__ = _ebss

._user_heap_stack
                0x2000052c      0x604 load address 0x080052b4
                0x20000530                . = ALIGN (0x8)
 *fill*         0x2000052c        0x4 
                [!provide]                PROVIDE (end = .)
                [!provide]                PROVIDE (_end = .)
                0x20000730                . = (. + _Min_Heap_Size)
 *fill*         0x20000530      0x200 
                0x20000b30                . = (. + _Min_Stack_Size)
 *fill*         0x20000730      0x400 
                0x20000b30                . = ALIGN (0x8)

/DISCARD/
 libc.a(*)
 libm.a(*)
 libgcc.a(*)

.ARM.attributes
                0x00000000       0x29
 *(.ARM.attributes)
 .ARM.attributes
                0x00000000       0x1d c:/arm-gcc/tools/gcc-arm-none-eabi-10-2020-q4-major/bin/../lib/gcc/arm-none-eabi/10.3.1/thumb/v7-m/nofp/crti.o
 .ARM.attributes
                0x0000001d       0x2d c:/arm-gcc/tools/gcc-arm-none-eabi-10-2020-q4-major/bin/../lib/gcc/arm-none-eabi/10.3.1/thumb/v7-m/nofp/crtbegin.o
 .ARM.attributes
                0x0000004a       0x2d build/main.o
 .ARM.attributes
                0x00000077       0x2d build/ssd1306.o
 .ARM.attributes
                0x000000a4       0x2d build/fonts.o
 .ARM.attributes
                0x000000d1       0x2d build/stm32f1xx_it.o
 .ARM.attributes
                0x000000fe       0x2d build/stm32f1xx_hal_msp.o
 .ARM.attributes
                0x0000012b       0x2d build/stm32f1xx_hal_tim.o
 .ARM.attributes
                0x00000158       0x2d build/stm32f1xx_hal_tim_ex.o
 .ARM.attributes
                0x00000185       0x2d build/stm32f1xx_hal.o
 .ARM.attributes
                0x000001b2       0x2d build/stm32f1xx_hal_rcc.o
 .ARM.attributes
                0x000001df       0x2d build/stm32f1xx_hal_rcc_ex.o
 .ARM.attributes
                0x0000020c       0x2d build/stm32f1xx_hal_gpio.o
 .ARM.attributes
                0x00000239       0x2d build/stm32f1xx_hal_cortex.o
 .ARM.attributes
                0x00000266       0x2d build/system_stm32f1xx.o
 .ARM.attributes
                0x00000293       0x2d build/stm32f1xx_hal_i2c.o
 .ARM.attributes
                0x000002c0       0x2d build/stm32f1xx_hal_adc.o
 .ARM.attributes
                0x000002ed       0x21 build/startup_stm32f103xb.o
 .ARM.attributes
                0x0000030e       0x2d c:/arm-gcc/tools/gcc-arm-none-eabi-10-2020-q4-major/bin/../lib/gcc/arm-none-eabi/10.3.1/../../../../arm-none-eabi/lib/thumb/v7-m/nofp\libc_nano.a(lib_a-init.o)
 .ARM.attributes
                0x0000033b       0x2d c:/arm-gcc/tools/gcc-arm-none-eabi-10-2020-q4-major/bin/../lib/gcc/arm-none-eabi/10.3.1/../../../../arm-none-eabi/lib/thumb/v7-m/nofp\libc_nano.a(lib_a-itoa.o)
 .ARM.attributes
                0x00000368       0x2d c:/arm-gcc/tools/gcc-arm-none-eabi-10-2020-q4-major/bin/../lib/gcc/arm-none-eabi/10.3.1/../../../../arm-none-eabi/lib/thumb/v7-m/nofp\libc_nano.a(lib_a-memset.o)
 .ARM.attributes
                0x00000395       0x2d c:/arm-gcc/tools/gcc-arm-none-eabi-10-2020-q4-major/bin/../lib/gcc/arm-none-eabi/10.3.1/../../../../arm-none-eabi/lib/thumb/v7-m/nofp\libc_nano.a(lib_a-utoa.o)
 .ARM.attributes
                0x000003c2       0x1d c:/arm-gcc/tools/gcc-arm-none-eabi-10-2020-q4-major/bin/../lib/gcc/arm-none-eabi/10.3.1/thumb/v7-m/nofp\libgcc.a(_arm_mulsf3.o)
 .ARM.attributes
                0x000003df       0x1d c:/arm-gcc/tools/gcc-arm-none-eabi-10-2020-q4-major/bin/../lib/gcc/arm-none-eabi/10.3.1/thumb/v7-m/nofp\libgcc.a(_arm_addsubdf3.o)
 .ARM.attributes
                0x000003fc       0x1d c:/arm-gcc/tools/gcc-arm-none-eabi-10-2020-q4-major/bin/../lib/gcc/arm-none-eabi/10.3.1/thumb/v7-m/nofp\libgcc.a(_arm_muldivdf3.o)
 .ARM.attributes
                0x00000419       0x1d c:/arm-gcc/tools/gcc-arm-none-eabi-10-2020-q4-major/bin/../lib/gcc/arm-none-eabi/10.3.1/thumb/v7-m/nofp\libgcc.a(_arm_truncdfsf2.o)
 .ARM.attributes
                0x00000436       0x1d c:/arm-gcc/tools/gcc-arm-none-eabi-10-2020-q4-major/bin/../lib/gcc/arm-none-eabi/10.3.1/thumb/v7-m/nofp\libgcc.a(_arm_addsubsf3.o)
 .ARM.attributes
                0x00000453       0x1d c:/arm-gcc/tools/gcc-arm-none-eabi-10-2020-q4-major/bin/../lib/gcc/arm-none-eabi/10.3.1/thumb/v7-m/nofp\libgcc.a(_arm_fixsfsi.o)
 .ARM.attributes
                0x00000470       0x1d c:/arm-gcc/tools/gcc-arm-none-eabi-10-2020-q4-major/bin/../lib/gcc/arm-none-eabi/10.3.1/thumb/v7-m/nofp/crtn.o
OUTPUT(build/hellobluepill.elf elf32-littlearm)
LOAD linker stubs
LOAD c:/arm-gcc/tools/gcc-arm-none-eabi-10-2020-q4-major/bin/../lib/gcc/arm-none-eabi/10.3.1/../../../../arm-none-eabi/lib/thumb/v7-m/nofp\libc.a
LOAD c:/arm-gcc/tools/gcc-arm-none-eabi-10-2020-q4-major/bin/../lib/gcc/arm-none-eabi/10.3.1/../../../../arm-none-eabi/lib/thumb/v7-m/nofp\libm.a
LOAD c:/arm-gcc/tools/gcc-arm-none-eabi-10-2020-q4-major/bin/../lib/gcc/arm-none-eabi/10.3.1/thumb/v7-m/nofp\libgcc.a

.debug_info     0x00000000     0xe230
 .debug_info    0x00000000     0x13e0 build/main.o
 .debug_info    0x000013e0     0x1195 build/ssd1306.o
 .debug_info    0x00002575      0x265 build/fonts.o
 .debug_info    0x000027da      0x777 build/stm32f1xx_it.o
 .debug_info    0x00002f51     0x119c build/stm32f1xx_hal_msp.o
 .debug_info    0x000040ed     0x2c6e build/stm32f1xx_hal_tim.o
 .debug_info    0x00006d5b     0x155d build/stm32f1xx_hal_tim_ex.o
 .debug_info    0x000082b8      0x798 build/stm32f1xx_hal.o
 .debug_info    0x00008a50      0x8cb build/stm32f1xx_hal_rcc.o
 .debug_info    0x0000931b      0x3f5 build/stm32f1xx_hal_rcc_ex.o
 .debug_info    0x00009710      0x67d build/stm32f1xx_hal_gpio.o
 .debug_info    0x00009d8d      0xbf5 build/stm32f1xx_hal_cortex.o
 .debug_info    0x0000a982      0x261 build/system_stm32f1xx.o
 .debug_info    0x0000abe3     0x28b6 build/stm32f1xx_hal_i2c.o
 .debug_info    0x0000d499      0xd75 build/stm32f1xx_hal_adc.o
 .debug_info    0x0000e20e       0x22 build/startup_stm32f103xb.o

.debug_abbrev   0x00000000     0x1d1c
 .debug_abbrev  0x00000000      0x279 build/main.o
 .debug_abbrev  0x00000279      0x2c9 build/ssd1306.o
 .debug_abbrev  0x00000542       0xf2 build/fonts.o
 .debug_abbrev  0x00000634      0x15b build/stm32f1xx_it.o
 .debug_abbrev  0x0000078f      0x19a build/stm32f1xx_hal_msp.o
 .debug_abbrev  0x00000929      0x230 build/stm32f1xx_hal_tim.o
 .debug_abbrev  0x00000b59      0x238 build/stm32f1xx_hal_tim_ex.o
 .debug_abbrev  0x00000d91      0x1c7 build/stm32f1xx_hal.o
 .debug_abbrev  0x00000f58      0x25f build/stm32f1xx_hal_rcc.o
 .debug_abbrev  0x000011b7      0x16c build/stm32f1xx_hal_rcc_ex.o
 .debug_abbrev  0x00001323      0x1ba build/stm32f1xx_hal_gpio.o
 .debug_abbrev  0x000014dd      0x2ca build/stm32f1xx_hal_cortex.o
 .debug_abbrev  0x000017a7      0x13a build/system_stm32f1xx.o
 .debug_abbrev  0x000018e1      0x25b build/stm32f1xx_hal_i2c.o
 .debug_abbrev  0x00001b3c      0x1ce build/stm32f1xx_hal_adc.o
 .debug_abbrev  0x00001d0a       0x12 build/startup_stm32f103xb.o

.debug_loc      0x00000000     0x8101
 .debug_loc     0x00000000      0x27a build/main.o
 .debug_loc     0x0000027a      0x863 build/ssd1306.o
 .debug_loc     0x00000add       0x50 build/fonts.o
 .debug_loc     0x00000b2d      0x200 build/stm32f1xx_it.o
 .debug_loc     0x00000d2d      0x23c build/stm32f1xx_hal_msp.o
 .debug_loc     0x00000f69     0x27a0 build/stm32f1xx_hal_tim.o
 .debug_loc     0x00003709      0xdc8 build/stm32f1xx_hal_tim_ex.o
 .debug_loc     0x000044d1      0x698 build/stm32f1xx_hal.o
 .debug_loc     0x00004b69      0x444 build/stm32f1xx_hal_rcc.o
 .debug_loc     0x00004fad       0xfe build/stm32f1xx_hal_rcc_ex.o
 .debug_loc     0x000050ab      0x2d4 build/stm32f1xx_hal_gpio.o
 .debug_loc     0x0000537f      0x8f8 build/stm32f1xx_hal_cortex.o
 .debug_loc     0x00005c77       0xa0 build/system_stm32f1xx.o
 .debug_loc     0x00005d17     0x1af6 build/stm32f1xx_hal_i2c.o
 .debug_loc     0x0000780d      0x8f4 build/stm32f1xx_hal_adc.o

.debug_aranges  0x00000000      0xe48
 .debug_aranges
                0x00000000       0x68 build/main.o
 .debug_aranges
                0x00000068       0xf8 build/ssd1306.o
 .debug_aranges
                0x00000160       0x20 build/fonts.o
 .debug_aranges
                0x00000180       0x68 build/stm32f1xx_it.o
 .debug_aranges
                0x000001e8       0x50 build/stm32f1xx_hal_msp.o
 .debug_aranges
                0x00000238      0x3d0 build/stm32f1xx_hal_tim.o
 .debug_aranges
                0x00000608      0x168 build/stm32f1xx_hal_tim_ex.o
 .debug_aranges
                0x00000770       0xe0 build/stm32f1xx_hal.o
 .debug_aranges
                0x00000850       0x90 build/stm32f1xx_hal_rcc.o
 .debug_aranges
                0x000008e0       0x30 build/stm32f1xx_hal_rcc_ex.o
 .debug_aranges
                0x00000910       0x58 build/stm32f1xx_hal_gpio.o
 .debug_aranges
                0x00000968      0x100 build/stm32f1xx_hal_cortex.o
 .debug_aranges
                0x00000a68       0x28 build/system_stm32f1xx.o
 .debug_aranges
                0x00000a90      0x2a0 build/stm32f1xx_hal_i2c.o
 .debug_aranges
                0x00000d30       0xf0 build/stm32f1xx_hal_adc.o
 .debug_aranges
                0x00000e20       0x28 build/startup_stm32f103xb.o

.debug_ranges   0x00000000      0xd78
 .debug_ranges  0x00000000       0x58 build/main.o
 .debug_ranges  0x00000058       0xe8 build/ssd1306.o
 .debug_ranges  0x00000140       0x10 build/fonts.o
 .debug_ranges  0x00000150       0x58 build/stm32f1xx_it.o
 .debug_ranges  0x000001a8       0x40 build/stm32f1xx_hal_msp.o
 .debug_ranges  0x000001e8      0x3c0 build/stm32f1xx_hal_tim.o
 .debug_ranges  0x000005a8      0x158 build/stm32f1xx_hal_tim_ex.o
 .debug_ranges  0x00000700       0xd0 build/stm32f1xx_hal.o
 .debug_ranges  0x000007d0       0x80 build/stm32f1xx_hal_rcc.o
 .debug_ranges  0x00000850       0x20 build/stm32f1xx_hal_rcc_ex.o
 .debug_ranges  0x00000870       0x48 build/stm32f1xx_hal_gpio.o
 .debug_ranges  0x000008b8       0xf0 build/stm32f1xx_hal_cortex.o
 .debug_ranges  0x000009a8       0x18 build/system_stm32f1xx.o
 .debug_ranges  0x000009c0      0x2b8 build/stm32f1xx_hal_i2c.o
 .debug_ranges  0x00000c78       0xe0 build/stm32f1xx_hal_adc.o
 .debug_ranges  0x00000d58       0x20 build/startup_stm32f103xb.o

.debug_line     0x00000000     0xb68a
 .debug_line    0x00000000      0x556 build/main.o
 .debug_line    0x00000556      0x981 build/ssd1306.o
 .debug_line    0x00000ed7      0x130 build/fonts.o
 .debug_line    0x00001007      0x280 build/stm32f1xx_it.o
 .debug_line    0x00001287      0x2da build/stm32f1xx_hal_msp.o
 .debug_line    0x00001561     0x2e32 build/stm32f1xx_hal_tim.o
 .debug_line    0x00004393     0x13be build/stm32f1xx_hal_tim_ex.o
 .debug_line    0x00005751      0x48c build/stm32f1xx_hal.o
 .debug_line    0x00005bdd      0x8ce build/stm32f1xx_hal_rcc.o
 .debug_line    0x000064ab      0x3b4 build/stm32f1xx_hal_rcc_ex.o
 .debug_line    0x0000685f      0x4ee build/stm32f1xx_hal_gpio.o
 .debug_line    0x00006d4d      0x622 build/stm32f1xx_hal_cortex.o
 .debug_line    0x0000736f      0x1ff build/system_stm32f1xx.o
 .debug_line    0x0000756e     0x35a1 build/stm32f1xx_hal_i2c.o
 .debug_line    0x0000ab0f      0xb09 build/stm32f1xx_hal_adc.o
 .debug_line    0x0000b618       0x72 build/startup_stm32f103xb.o

.debug_str      0x00000000     0x4066
 .debug_str     0x00000000      0xd9b build/main.o
                                0xe8e (size before relaxing)
 .debug_str     0x00000d9b      0x331 build/ssd1306.o
                                0x96e (size before relaxing)
 .debug_str     0x000010cc       0x70 build/fonts.o
                                0x224 (size before relaxing)
 .debug_str     0x0000113c       0xb8 build/stm32f1xx_it.o
                                0x6ce (size before relaxing)
 .debug_str     0x000011f4      0x3b0 build/stm32f1xx_hal_msp.o
                                0xe1b (size before relaxing)
 .debug_str     0x000015a4      0xe44 build/stm32f1xx_hal_tim.o
                               0x15bf (size before relaxing)
 .debug_str     0x000023e8      0x578 build/stm32f1xx_hal_tim_ex.o
                                0xd70 (size before relaxing)
 .debug_str     0x00002960      0x2ee build/stm32f1xx_hal.o
                                0x7b9 (size before relaxing)
 .debug_str     0x00002c4e      0x224 build/stm32f1xx_hal_rcc.o
                                0x5de (size before relaxing)
 .debug_str     0x00002e72       0xb6 build/stm32f1xx_hal_rcc_ex.o
                                0x38c (size before relaxing)
 .debug_str     0x00002f28      0x139 build/stm32f1xx_hal_gpio.o
                                0x3da (size before relaxing)
 .debug_str     0x00003061      0x407 build/stm32f1xx_hal_cortex.o
                                0x8ad (size before relaxing)
 .debug_str     0x00003468       0x4f build/system_stm32f1xx.o
                                0x22e (size before relaxing)
 .debug_str     0x000034b7      0x89b build/stm32f1xx_hal_i2c.o
                                0xf3e (size before relaxing)
 .debug_str     0x00003d52      0x2f0 build/stm32f1xx_hal_adc.o
                                0x844 (size before relaxing)
 .debug_str     0x00004042       0x24 build/startup_stm32f103xb.o
                                 0x4d (size before relaxing)

.comment        0x00000000       0x49
 .comment       0x00000000       0x49 build/main.o
                                 0x4a (size before relaxing)
 .comment       0x00000049       0x4a build/ssd1306.o
 .comment       0x00000049       0x4a build/fonts.o
 .comment       0x00000049       0x4a build/stm32f1xx_it.o
 .comment       0x00000049       0x4a build/stm32f1xx_hal_msp.o
 .comment       0x00000049       0x4a build/stm32f1xx_hal_tim.o
 .comment       0x00000049       0x4a build/stm32f1xx_hal_tim_ex.o
 .comment       0x00000049       0x4a build/stm32f1xx_hal.o
 .comment       0x00000049       0x4a build/stm32f1xx_hal_rcc.o
 .comment       0x00000049       0x4a build/stm32f1xx_hal_rcc_ex.o
 .comment       0x00000049       0x4a build/stm32f1xx_hal_gpio.o
 .comment       0x00000049       0x4a build/stm32f1xx_hal_cortex.o
 .comment       0x00000049       0x4a build/system_stm32f1xx.o
 .comment       0x00000049       0x4a build/stm32f1xx_hal_i2c.o
 .comment       0x00000049       0x4a build/stm32f1xx_hal_adc.o

.debug_frame    0x00000000     0x3e48
 .debug_frame   0x00000000      0x154 build/main.o
 .debug_frame   0x00000154      0x414 build/ssd1306.o
 .debug_frame   0x00000568       0x38 build/fonts.o
 .debug_frame   0x000005a0      0x120 build/stm32f1xx_it.o
 .debug_frame   0x000006c0      0x110 build/stm32f1xx_hal_msp.o
 .debug_frame   0x000007d0     0x11b8 build/stm32f1xx_hal_tim.o
 .debug_frame   0x00001988      0x638 build/stm32f1xx_hal_tim_ex.o
 .debug_frame   0x00001fc0      0x334 build/stm32f1xx_hal.o
 .debug_frame   0x000022f4      0x21c build/stm32f1xx_hal_rcc.o
 .debug_frame   0x00002510       0x84 build/stm32f1xx_hal_rcc_ex.o
 .debug_frame   0x00002594      0x14c build/stm32f1xx_hal_gpio.o
 .debug_frame   0x000026e0      0x428 build/stm32f1xx_hal_cortex.o
 .debug_frame   0x00002b08       0x58 build/system_stm32f1xx.o
 .debug_frame   0x00002b60      0xc5c build/stm32f1xx_hal_i2c.o
 .debug_frame   0x000037bc      0x40c build/stm32f1xx_hal_adc.o
 .debug_frame   0x00003bc8       0x2c c:/arm-gcc/tools/gcc-arm-none-eabi-10-2020-q4-major/bin/../lib/gcc/arm-none-eabi/10.3.1/../../../../arm-none-eabi/lib/thumb/v7-m/nofp\libc_nano.a(lib_a-init.o)
 .debug_frame   0x00003bf4       0x38 c:/arm-gcc/tools/gcc-arm-none-eabi-10-2020-q4-major/bin/../lib/gcc/arm-none-eabi/10.3.1/../../../../arm-none-eabi/lib/thumb/v7-m/nofp\libc_nano.a(lib_a-itoa.o)
 .debug_frame   0x00003c2c       0x20 c:/arm-gcc/tools/gcc-arm-none-eabi-10-2020-q4-major/bin/../lib/gcc/arm-none-eabi/10.3.1/../../../../arm-none-eabi/lib/thumb/v7-m/nofp\libc_nano.a(lib_a-memset.o)
 .debug_frame   0x00003c4c       0x48 c:/arm-gcc/tools/gcc-arm-none-eabi-10-2020-q4-major/bin/../lib/gcc/arm-none-eabi/10.3.1/../../../../arm-none-eabi/lib/thumb/v7-m/nofp\libc_nano.a(lib_a-utoa.o)
 .debug_frame   0x00003c94       0x24 c:/arm-gcc/tools/gcc-arm-none-eabi-10-2020-q4-major/bin/../lib/gcc/arm-none-eabi/10.3.1/thumb/v7-m/nofp\libgcc.a(_arm_mulsf3.o)
 .debug_frame   0x00003cb8       0xac c:/arm-gcc/tools/gcc-arm-none-eabi-10-2020-q4-major/bin/../lib/gcc/arm-none-eabi/10.3.1/thumb/v7-m/nofp\libgcc.a(_arm_addsubdf3.o)
 .debug_frame   0x00003d64       0x50 c:/arm-gcc/tools/gcc-arm-none-eabi-10-2020-q4-major/bin/../lib/gcc/arm-none-eabi/10.3.1/thumb/v7-m/nofp\libgcc.a(_arm_muldivdf3.o)
 .debug_frame   0x00003db4       0x24 c:/arm-gcc/tools/gcc-arm-none-eabi-10-2020-q4-major/bin/../lib/gcc/arm-none-eabi/10.3.1/thumb/v7-m/nofp\libgcc.a(_arm_truncdfsf2.o)
 .debug_frame   0x00003dd8       0x4c c:/arm-gcc/tools/gcc-arm-none-eabi-10-2020-q4-major/bin/../lib/gcc/arm-none-eabi/10.3.1/thumb/v7-m/nofp\libgcc.a(_arm_addsubsf3.o)
 .debug_frame   0x00003e24       0x24 c:/arm-gcc/tools/gcc-arm-none-eabi-10-2020-q4-major/bin/../lib/gcc/arm-none-eabi/10.3.1/thumb/v7-m/nofp\libgcc.a(_arm_fixsfsi.o)

Cross Reference Table

Symbol                                            File
ADC1_2_IRQHandler                                 build/startup_stm32f103xb.o
ADC_ConversionStop_Disable                        build/stm32f1xx_hal_adc.o
                                                  build/stm32f1xx_hal_adc_ex.o
ADC_DMAConvCplt                                   build/stm32f1xx_hal_adc.o
                                                  build/stm32f1xx_hal_adc_ex.o
ADC_DMAError                                      build/stm32f1xx_hal_adc.o
                                                  build/stm32f1xx_hal_adc_ex.o
ADC_DMAHalfConvCplt                               build/stm32f1xx_hal_adc.o
                                                  build/stm32f1xx_hal_adc_ex.o
ADC_Enable                                        build/stm32f1xx_hal_adc.o
                                                  build/stm32f1xx_hal_adc_ex.o
AHBPrescTable                                     build/system_stm32f1xx.o
                                                  build/stm32f1xx_hal_rcc.o
APBPrescTable                                     build/system_stm32f1xx.o
                                                  build/stm32f1xx_hal_rcc.o
BusFault_Handler                                  build/stm32f1xx_it.o
CAN1_RX1_IRQHandler                               build/startup_stm32f103xb.o
CAN1_SCE_IRQHandler                               build/startup_stm32f103xb.o
ClickHandler                                      build/main.o
DMA1_Channel1_IRQHandler                          build/startup_stm32f103xb.o
DMA1_Channel2_IRQHandler                          build/startup_stm32f103xb.o
DMA1_Channel3_IRQHandler                          build/startup_stm32f103xb.o
DMA1_Channel4_IRQHandler                          build/startup_stm32f103xb.o
DMA1_Channel5_IRQHandler                          build/startup_stm32f103xb.o
DMA1_Channel6_IRQHandler                          build/startup_stm32f103xb.o
DMA1_Channel7_IRQHandler                          build/startup_stm32f103xb.o
DebugMon_Handler                                  build/stm32f1xx_it.o
Default_Handler                                   build/startup_stm32f103xb.o
EXTI0_IRQHandler                                  build/startup_stm32f103xb.o
EXTI15_10_IRQHandler                              build/startup_stm32f103xb.o
EXTI1_IRQHandler                                  build/startup_stm32f103xb.o
EXTI2_IRQHandler                                  build/startup_stm32f103xb.o
EXTI3_IRQHandler                                  build/startup_stm32f103xb.o
EXTI4_IRQHandler                                  build/startup_stm32f103xb.o
EXTI9_5_IRQHandler                                build/startup_stm32f103xb.o
Error_Handler                                     build/main.o
FLASH_IRQHandler                                  build/startup_stm32f103xb.o
FLASH_PageErase                                   build/stm32f1xx_hal_flash_ex.o
                                                  build/stm32f1xx_hal_flash.o
FLASH_WaitForLastOperation                        build/stm32f1xx_hal_flash.o
                                                  build/stm32f1xx_hal_flash_ex.o
FONTS_GetStringSize                               build/fonts.o
Font11x18                                         build/fonts.o
Font16x26                                         build/fonts.o
Font7x10                                          build/fonts.o
Font_11x18                                        build/fonts.o
Font_16x26                                        build/fonts.o
Font_7x10                                         build/fonts.o
                                                  build/main.o
HAL_ADCEx_Calibration_Start                       build/stm32f1xx_hal_adc_ex.o
HAL_ADCEx_InjectedConfigChannel                   build/stm32f1xx_hal_adc_ex.o
HAL_ADCEx_InjectedConvCpltCallback                build/stm32f1xx_hal_adc_ex.o
                                                  build/stm32f1xx_hal_adc.o
HAL_ADCEx_InjectedGetValue                        build/stm32f1xx_hal_adc_ex.o
HAL_ADCEx_InjectedPollForConversion               build/stm32f1xx_hal_adc_ex.o
HAL_ADCEx_InjectedStart                           build/stm32f1xx_hal_adc_ex.o
HAL_ADCEx_InjectedStart_IT                        build/stm32f1xx_hal_adc_ex.o
HAL_ADCEx_InjectedStop                            build/stm32f1xx_hal_adc_ex.o
HAL_ADCEx_InjectedStop_IT                         build/stm32f1xx_hal_adc_ex.o
HAL_ADCEx_MultiModeConfigChannel                  build/stm32f1xx_hal_adc_ex.o
HAL_ADCEx_MultiModeGetValue                       build/stm32f1xx_hal_adc_ex.o
HAL_ADCEx_MultiModeStart_DMA                      build/stm32f1xx_hal_adc_ex.o
HAL_ADCEx_MultiModeStop_DMA                       build/stm32f1xx_hal_adc_ex.o
HAL_ADC_AnalogWDGConfig                           build/stm32f1xx_hal_adc.o
HAL_ADC_ConfigChannel                             build/stm32f1xx_hal_adc.o
                                                  build/main.o
HAL_ADC_ConvCpltCallback                          build/stm32f1xx_hal_adc.o
HAL_ADC_ConvHalfCpltCallback                      build/stm32f1xx_hal_adc.o
HAL_ADC_DeInit                                    build/stm32f1xx_hal_adc.o
HAL_ADC_ErrorCallback                             build/stm32f1xx_hal_adc.o
HAL_ADC_GetError                                  build/stm32f1xx_hal_adc.o
HAL_ADC_GetState                                  build/stm32f1xx_hal_adc.o
HAL_ADC_GetValue                                  build/stm32f1xx_hal_adc.o
                                                  build/main.o
HAL_ADC_IRQHandler                                build/stm32f1xx_hal_adc.o
HAL_ADC_Init                                      build/stm32f1xx_hal_adc.o
                                                  build/main.o
HAL_ADC_LevelOutOfWindowCallback                  build/stm32f1xx_hal_adc.o
HAL_ADC_MspDeInit                                 build/stm32f1xx_hal_msp.o
HAL_ADC_MspInit                                   build/stm32f1xx_hal_msp.o
HAL_ADC_PollForConversion                         build/stm32f1xx_hal_adc.o
                                                  build/main.o
HAL_ADC_PollForEvent                              build/stm32f1xx_hal_adc.o
HAL_ADC_Start                                     build/stm32f1xx_hal_adc.o
                                                  build/main.o
HAL_ADC_Start_DMA                                 build/stm32f1xx_hal_adc.o
HAL_ADC_Start_IT                                  build/stm32f1xx_hal_adc.o
HAL_ADC_Stop                                      build/stm32f1xx_hal_adc.o
HAL_ADC_Stop_DMA                                  build/stm32f1xx_hal_adc.o
HAL_ADC_Stop_IT                                   build/stm32f1xx_hal_adc.o
HAL_DBGMCU_DisableDBGSleepMode                    build/stm32f1xx_hal.o
HAL_DBGMCU_DisableDBGStandbyMode                  build/stm32f1xx_hal.o
HAL_DBGMCU_DisableDBGStopMode                     build/stm32f1xx_hal.o
HAL_DBGMCU_EnableDBGSleepMode                     build/stm32f1xx_hal.o
HAL_DBGMCU_EnableDBGStandbyMode                   build/stm32f1xx_hal.o
HAL_DBGMCU_EnableDBGStopMode                      build/stm32f1xx_hal.o
HAL_DMA_Abort                                     build/stm32f1xx_hal_dma.o
                                                  build/stm32f1xx_hal_adc_ex.o
                                                  build/stm32f1xx_hal_adc.o
HAL_DMA_Abort_IT                                  build/stm32f1xx_hal_dma.o
                                                  build/stm32f1xx_hal_i2c.o
                                                  build/stm32f1xx_hal_tim_ex.o
                                                  build/stm32f1xx_hal_tim.o
HAL_DMA_DeInit                                    build/stm32f1xx_hal_dma.o
HAL_DMA_GetError                                  build/stm32f1xx_hal_dma.o
HAL_DMA_GetState                                  build/stm32f1xx_hal_dma.o
                                                  build/stm32f1xx_hal_i2c.o
HAL_DMA_IRQHandler                                build/stm32f1xx_hal_dma.o
HAL_DMA_Init                                      build/stm32f1xx_hal_dma.o
HAL_DMA_PollForTransfer                           build/stm32f1xx_hal_dma.o
HAL_DMA_RegisterCallback                          build/stm32f1xx_hal_dma.o
HAL_DMA_Start                                     build/stm32f1xx_hal_dma.o
HAL_DMA_Start_IT                                  build/stm32f1xx_hal_dma.o
                                                  build/stm32f1xx_hal_adc_ex.o
                                                  build/stm32f1xx_hal_adc.o
                                                  build/stm32f1xx_hal_i2c.o
                                                  build/stm32f1xx_hal_tim_ex.o
                                                  build/stm32f1xx_hal_tim.o
HAL_DMA_UnRegisterCallback                        build/stm32f1xx_hal_dma.o
HAL_DeInit                                        build/stm32f1xx_hal.o
HAL_Delay                                         build/stm32f1xx_hal.o
                                                  build/test.o
HAL_EXTI_ClearConfigLine                          build/stm32f1xx_hal_exti.o
HAL_EXTI_ClearPending                             build/stm32f1xx_hal_exti.o
HAL_EXTI_GenerateSWI                              build/stm32f1xx_hal_exti.o
HAL_EXTI_GetConfigLine                            build/stm32f1xx_hal_exti.o
HAL_EXTI_GetHandle                                build/stm32f1xx_hal_exti.o
HAL_EXTI_GetPending                               build/stm32f1xx_hal_exti.o
HAL_EXTI_IRQHandler                               build/stm32f1xx_hal_exti.o
HAL_EXTI_RegisterCallback                         build/stm32f1xx_hal_exti.o
HAL_EXTI_SetConfigLine                            build/stm32f1xx_hal_exti.o
HAL_FLASHEx_Erase                                 build/stm32f1xx_hal_flash_ex.o
HAL_FLASHEx_Erase_IT                              build/stm32f1xx_hal_flash_ex.o
HAL_FLASHEx_OBErase                               build/stm32f1xx_hal_flash_ex.o
HAL_FLASHEx_OBGetConfig                           build/stm32f1xx_hal_flash_ex.o
HAL_FLASHEx_OBGetUserData                         build/stm32f1xx_hal_flash_ex.o
HAL_FLASHEx_OBProgram                             build/stm32f1xx_hal_flash_ex.o
HAL_FLASH_EndOfOperationCallback                  build/stm32f1xx_hal_flash.o
HAL_FLASH_GetError                                build/stm32f1xx_hal_flash.o
HAL_FLASH_IRQHandler                              build/stm32f1xx_hal_flash.o
HAL_FLASH_Lock                                    build/stm32f1xx_hal_flash.o
HAL_FLASH_OB_Launch                               build/stm32f1xx_hal_flash.o
HAL_FLASH_OB_Lock                                 build/stm32f1xx_hal_flash.o
HAL_FLASH_OB_Unlock                               build/stm32f1xx_hal_flash.o
HAL_FLASH_OperationErrorCallback                  build/stm32f1xx_hal_flash.o
HAL_FLASH_Program                                 build/stm32f1xx_hal_flash.o
HAL_FLASH_Program_IT                              build/stm32f1xx_hal_flash.o
HAL_FLASH_Unlock                                  build/stm32f1xx_hal_flash.o
HAL_GPIOEx_ConfigEventout                         build/stm32f1xx_hal_gpio_ex.o
HAL_GPIOEx_DisableEventout                        build/stm32f1xx_hal_gpio_ex.o
HAL_GPIOEx_EnableEventout                         build/stm32f1xx_hal_gpio_ex.o
HAL_GPIO_DeInit                                   build/stm32f1xx_hal_gpio.o
                                                  build/stm32f1xx_hal_msp.o
HAL_GPIO_EXTI_Callback                            build/stm32f1xx_hal_gpio.o
HAL_GPIO_EXTI_IRQHandler                          build/stm32f1xx_hal_gpio.o
HAL_GPIO_Init                                     build/stm32f1xx_hal_gpio.o
                                                  build/stm32f1xx_hal_rcc.o
                                                  build/stm32f1xx_hal_msp.o
                                                  build/main.o
HAL_GPIO_LockPin                                  build/stm32f1xx_hal_gpio.o
HAL_GPIO_ReadPin                                  build/stm32f1xx_hal_gpio.o
                                                  build/main.o
HAL_GPIO_TogglePin                                build/stm32f1xx_hal_gpio.o
HAL_GPIO_WritePin                                 build/stm32f1xx_hal_gpio.o
                                                  build/main.o
HAL_GetDEVID                                      build/stm32f1xx_hal.o
HAL_GetHalVersion                                 build/stm32f1xx_hal.o
HAL_GetREVID                                      build/stm32f1xx_hal.o
HAL_GetTick                                       build/stm32f1xx_hal.o
                                                  build/stm32f1xx_hal_adc_ex.o
                                                  build/stm32f1xx_hal_adc.o
                                                  build/stm32f1xx_hal_i2c.o
                                                  build/stm32f1xx_hal_flash.o
                                                  build/stm32f1xx_hal_dma.o
                                                  build/stm32f1xx_hal_rcc_ex.o
                                                  build/stm32f1xx_hal_rcc.o
HAL_GetTickFreq                                   build/stm32f1xx_hal.o
HAL_GetTickPrio                                   build/stm32f1xx_hal.o
HAL_GetUIDw0                                      build/stm32f1xx_hal.o
HAL_GetUIDw1                                      build/stm32f1xx_hal.o
HAL_GetUIDw2                                      build/stm32f1xx_hal.o
HAL_I2C_AbortCpltCallback                         build/stm32f1xx_hal_i2c.o
HAL_I2C_AddrCallback                              build/stm32f1xx_hal_i2c.o
HAL_I2C_DeInit                                    build/stm32f1xx_hal_i2c.o
HAL_I2C_DisableListen_IT                          build/stm32f1xx_hal_i2c.o
HAL_I2C_ER_IRQHandler                             build/stm32f1xx_hal_i2c.o
HAL_I2C_EV_IRQHandler                             build/stm32f1xx_hal_i2c.o
HAL_I2C_EnableListen_IT                           build/stm32f1xx_hal_i2c.o
HAL_I2C_ErrorCallback                             build/stm32f1xx_hal_i2c.o
HAL_I2C_GetError                                  build/stm32f1xx_hal_i2c.o
HAL_I2C_GetMode                                   build/stm32f1xx_hal_i2c.o
HAL_I2C_GetState                                  build/stm32f1xx_hal_i2c.o
HAL_I2C_Init                                      build/stm32f1xx_hal_i2c.o
                                                  build/main.o
HAL_I2C_IsDeviceReady                             build/stm32f1xx_hal_i2c.o
                                                  build/ssd1306.o
HAL_I2C_ListenCpltCallback                        build/stm32f1xx_hal_i2c.o
HAL_I2C_MasterRxCpltCallback                      build/stm32f1xx_hal_i2c.o
HAL_I2C_MasterTxCpltCallback                      build/stm32f1xx_hal_i2c.o
HAL_I2C_Master_Abort_IT                           build/stm32f1xx_hal_i2c.o
HAL_I2C_Master_Receive                            build/stm32f1xx_hal_i2c.o
HAL_I2C_Master_Receive_DMA                        build/stm32f1xx_hal_i2c.o
HAL_I2C_Master_Receive_IT                         build/stm32f1xx_hal_i2c.o
HAL_I2C_Master_Seq_Receive_DMA                    build/stm32f1xx_hal_i2c.o
HAL_I2C_Master_Seq_Receive_IT                     build/stm32f1xx_hal_i2c.o
HAL_I2C_Master_Seq_Transmit_DMA                   build/stm32f1xx_hal_i2c.o
HAL_I2C_Master_Seq_Transmit_IT                    build/stm32f1xx_hal_i2c.o
HAL_I2C_Master_Transmit                           build/stm32f1xx_hal_i2c.o
                                                  build/ssd1306.o
HAL_I2C_Master_Transmit_DMA                       build/stm32f1xx_hal_i2c.o
HAL_I2C_Master_Transmit_IT                        build/stm32f1xx_hal_i2c.o
HAL_I2C_MemRxCpltCallback                         build/stm32f1xx_hal_i2c.o
HAL_I2C_MemTxCpltCallback                         build/stm32f1xx_hal_i2c.o
HAL_I2C_Mem_Read                                  build/stm32f1xx_hal_i2c.o
HAL_I2C_Mem_Read_DMA                              build/stm32f1xx_hal_i2c.o
HAL_I2C_Mem_Read_IT                               build/stm32f1xx_hal_i2c.o
HAL_I2C_Mem_Write                                 build/stm32f1xx_hal_i2c.o
HAL_I2C_Mem_Write_DMA                             build/stm32f1xx_hal_i2c.o
HAL_I2C_Mem_Write_IT                              build/stm32f1xx_hal_i2c.o
HAL_I2C_MspDeInit                                 build/stm32f1xx_hal_msp.o
HAL_I2C_MspInit                                   build/stm32f1xx_hal_msp.o
HAL_I2C_SlaveRxCpltCallback                       build/stm32f1xx_hal_i2c.o
HAL_I2C_SlaveTxCpltCallback                       build/stm32f1xx_hal_i2c.o
HAL_I2C_Slave_Receive                             build/stm32f1xx_hal_i2c.o
HAL_I2C_Slave_Receive_DMA                         build/stm32f1xx_hal_i2c.o
HAL_I2C_Slave_Receive_IT                          build/stm32f1xx_hal_i2c.o
HAL_I2C_Slave_Seq_Receive_DMA                     build/stm32f1xx_hal_i2c.o
HAL_I2C_Slave_Seq_Receive_IT                      build/stm32f1xx_hal_i2c.o
HAL_I2C_Slave_Seq_Transmit_DMA                    build/stm32f1xx_hal_i2c.o
HAL_I2C_Slave_Seq_Transmit_IT                     build/stm32f1xx_hal_i2c.o
HAL_I2C_Slave_Transmit                            build/stm32f1xx_hal_i2c.o
HAL_I2C_Slave_Transmit_DMA                        build/stm32f1xx_hal_i2c.o
HAL_I2C_Slave_Transmit_IT                         build/stm32f1xx_hal_i2c.o
HAL_IncTick                                       build/stm32f1xx_hal.o
                                                  build/stm32f1xx_it.o
HAL_Init                                          build/stm32f1xx_hal.o
                                                  build/main.o
HAL_InitTick                                      build/stm32f1xx_hal.o
                                                  build/stm32f1xx_hal_rcc.o
HAL_MspDeInit                                     build/stm32f1xx_hal.o
HAL_MspInit                                       build/stm32f1xx_hal_msp.o
HAL_NVIC_ClearPendingIRQ                          build/stm32f1xx_hal_cortex.o
HAL_NVIC_DisableIRQ                               build/stm32f1xx_hal_cortex.o
                                                  build/stm32f1xx_hal_msp.o
HAL_NVIC_EnableIRQ                                build/stm32f1xx_hal_cortex.o
                                                  build/stm32f1xx_hal_msp.o
HAL_NVIC_GetActive                                build/stm32f1xx_hal_cortex.o
HAL_NVIC_GetPendingIRQ                            build/stm32f1xx_hal_cortex.o
HAL_NVIC_GetPriority                              build/stm32f1xx_hal_cortex.o
HAL_NVIC_GetPriorityGrouping                      build/stm32f1xx_hal_cortex.o
HAL_NVIC_SetPendingIRQ                            build/stm32f1xx_hal_cortex.o
HAL_NVIC_SetPriority                              build/stm32f1xx_hal_cortex.o
                                                  build/stm32f1xx_hal.o
                                                  build/stm32f1xx_hal_msp.o
HAL_NVIC_SetPriorityGrouping                      build/stm32f1xx_hal_cortex.o
                                                  build/stm32f1xx_hal.o
HAL_NVIC_SystemReset                              build/stm32f1xx_hal_cortex.o
                                                  build/stm32f1xx_hal_flash.o
HAL_PWR_ConfigPVD                                 build/stm32f1xx_hal_pwr.o
HAL_PWR_DeInit                                    build/stm32f1xx_hal_pwr.o
HAL_PWR_DisableBkUpAccess                         build/stm32f1xx_hal_pwr.o
HAL_PWR_DisablePVD                                build/stm32f1xx_hal_pwr.o
HAL_PWR_DisableSEVOnPend                          build/stm32f1xx_hal_pwr.o
HAL_PWR_DisableSleepOnExit                        build/stm32f1xx_hal_pwr.o
HAL_PWR_DisableWakeUpPin                          build/stm32f1xx_hal_pwr.o
HAL_PWR_EnableBkUpAccess                          build/stm32f1xx_hal_pwr.o
HAL_PWR_EnablePVD                                 build/stm32f1xx_hal_pwr.o
HAL_PWR_EnableSEVOnPend                           build/stm32f1xx_hal_pwr.o
HAL_PWR_EnableSleepOnExit                         build/stm32f1xx_hal_pwr.o
HAL_PWR_EnableWakeUpPin                           build/stm32f1xx_hal_pwr.o
HAL_PWR_EnterSLEEPMode                            build/stm32f1xx_hal_pwr.o
HAL_PWR_EnterSTANDBYMode                          build/stm32f1xx_hal_pwr.o
HAL_PWR_EnterSTOPMode                             build/stm32f1xx_hal_pwr.o
HAL_PWR_PVDCallback                               build/stm32f1xx_hal_pwr.o
HAL_PWR_PVD_IRQHandler                            build/stm32f1xx_hal_pwr.o
HAL_RCCEx_GetPeriphCLKConfig                      build/stm32f1xx_hal_rcc_ex.o
HAL_RCCEx_GetPeriphCLKFreq                        build/stm32f1xx_hal_rcc_ex.o
                                                  build/stm32f1xx_hal_adc_ex.o
                                                  build/stm32f1xx_hal_adc.o
HAL_RCCEx_PeriphCLKConfig                         build/stm32f1xx_hal_rcc_ex.o
                                                  build/main.o
HAL_RCC_CSSCallback                               build/stm32f1xx_hal_rcc.o
HAL_RCC_ClockConfig                               build/stm32f1xx_hal_rcc.o
                                                  build/main.o
HAL_RCC_DeInit                                    build/stm32f1xx_hal_rcc.o
HAL_RCC_DisableCSS                                build/stm32f1xx_hal_rcc.o
HAL_RCC_EnableCSS                                 build/stm32f1xx_hal_rcc.o
HAL_RCC_GetClockConfig                            build/stm32f1xx_hal_rcc.o
HAL_RCC_GetHCLKFreq                               build/stm32f1xx_hal_rcc.o
HAL_RCC_GetOscConfig                              build/stm32f1xx_hal_rcc.o
HAL_RCC_GetPCLK1Freq                              build/stm32f1xx_hal_rcc.o
                                                  build/stm32f1xx_hal_i2c.o
HAL_RCC_GetPCLK2Freq                              build/stm32f1xx_hal_rcc.o
                                                  build/stm32f1xx_hal_rcc_ex.o
HAL_RCC_GetSysClockFreq                           build/stm32f1xx_hal_rcc.o
HAL_RCC_MCOConfig                                 build/stm32f1xx_hal_rcc.o
HAL_RCC_NMI_IRQHandler                            build/stm32f1xx_hal_rcc.o
HAL_RCC_OscConfig                                 build/stm32f1xx_hal_rcc.o
                                                  build/main.o
HAL_ResumeTick                                    build/stm32f1xx_hal.o
HAL_SYSTICK_CLKSourceConfig                       build/stm32f1xx_hal_cortex.o
HAL_SYSTICK_Callback                              build/stm32f1xx_hal_cortex.o
HAL_SYSTICK_Config                                build/stm32f1xx_hal_cortex.o
                                                  build/stm32f1xx_hal.o
HAL_SYSTICK_IRQHandler                            build/stm32f1xx_hal_cortex.o
HAL_SetTickFreq                                   build/stm32f1xx_hal.o
HAL_SuspendTick                                   build/stm32f1xx_hal.o
HAL_TIMEx_BreakCallback                           build/stm32f1xx_hal_tim_ex.o
                                                  build/stm32f1xx_hal_tim.o
HAL_TIMEx_CommutCallback                          build/stm32f1xx_hal_tim_ex.o
                                                  build/stm32f1xx_hal_tim.o
HAL_TIMEx_CommutHalfCpltCallback                  build/stm32f1xx_hal_tim_ex.o
HAL_TIMEx_ConfigBreakDeadTime                     build/stm32f1xx_hal_tim_ex.o
HAL_TIMEx_ConfigCommutEvent                       build/stm32f1xx_hal_tim_ex.o
HAL_TIMEx_ConfigCommutEvent_DMA                   build/stm32f1xx_hal_tim_ex.o
HAL_TIMEx_ConfigCommutEvent_IT                    build/stm32f1xx_hal_tim_ex.o
HAL_TIMEx_GetChannelNState                        build/stm32f1xx_hal_tim_ex.o
HAL_TIMEx_HallSensor_DeInit                       build/stm32f1xx_hal_tim_ex.o
HAL_TIMEx_HallSensor_GetState                     build/stm32f1xx_hal_tim_ex.o
HAL_TIMEx_HallSensor_Init                         build/stm32f1xx_hal_tim_ex.o
HAL_TIMEx_HallSensor_MspDeInit                    build/stm32f1xx_hal_tim_ex.o
HAL_TIMEx_HallSensor_MspInit                      build/stm32f1xx_hal_tim_ex.o
HAL_TIMEx_HallSensor_Start                        build/stm32f1xx_hal_tim_ex.o
HAL_TIMEx_HallSensor_Start_DMA                    build/stm32f1xx_hal_tim_ex.o
HAL_TIMEx_HallSensor_Start_IT                     build/stm32f1xx_hal_tim_ex.o
HAL_TIMEx_HallSensor_Stop                         build/stm32f1xx_hal_tim_ex.o
HAL_TIMEx_HallSensor_Stop_DMA                     build/stm32f1xx_hal_tim_ex.o
HAL_TIMEx_HallSensor_Stop_IT                      build/stm32f1xx_hal_tim_ex.o
HAL_TIMEx_MasterConfigSynchronization             build/stm32f1xx_hal_tim_ex.o
                                                  build/main.o
HAL_TIMEx_OCN_Start                               build/stm32f1xx_hal_tim_ex.o
HAL_TIMEx_OCN_Start_DMA                           build/stm32f1xx_hal_tim_ex.o
HAL_TIMEx_OCN_Start_IT                            build/stm32f1xx_hal_tim_ex.o
HAL_TIMEx_OCN_Stop                                build/stm32f1xx_hal_tim_ex.o
HAL_TIMEx_OCN_Stop_DMA                            build/stm32f1xx_hal_tim_ex.o
HAL_TIMEx_OCN_Stop_IT                             build/stm32f1xx_hal_tim_ex.o
HAL_TIMEx_OnePulseN_Start                         build/stm32f1xx_hal_tim_ex.o
HAL_TIMEx_OnePulseN_Start_IT                      build/stm32f1xx_hal_tim_ex.o
HAL_TIMEx_OnePulseN_Stop                          build/stm32f1xx_hal_tim_ex.o
HAL_TIMEx_OnePulseN_Stop_IT                       build/stm32f1xx_hal_tim_ex.o
HAL_TIMEx_PWMN_Start                              build/stm32f1xx_hal_tim_ex.o
HAL_TIMEx_PWMN_Start_DMA                          build/stm32f1xx_hal_tim_ex.o
HAL_TIMEx_PWMN_Start_IT                           build/stm32f1xx_hal_tim_ex.o
HAL_TIMEx_PWMN_Stop                               build/stm32f1xx_hal_tim_ex.o
HAL_TIMEx_PWMN_Stop_DMA                           build/stm32f1xx_hal_tim_ex.o
HAL_TIMEx_PWMN_Stop_IT                            build/stm32f1xx_hal_tim_ex.o
HAL_TIMEx_RemapConfig                             build/stm32f1xx_hal_tim_ex.o
HAL_TIM_Base_DeInit                               build/stm32f1xx_hal_tim.o
HAL_TIM_Base_GetState                             build/stm32f1xx_hal_tim.o
HAL_TIM_Base_Init                                 build/stm32f1xx_hal_tim.o
                                                  build/main.o
HAL_TIM_Base_MspDeInit                            build/stm32f1xx_hal_msp.o
HAL_TIM_Base_MspInit                              build/stm32f1xx_hal_msp.o
HAL_TIM_Base_Start                                build/stm32f1xx_hal_tim.o
HAL_TIM_Base_Start_DMA                            build/stm32f1xx_hal_tim.o
HAL_TIM_Base_Start_IT                             build/stm32f1xx_hal_tim.o
                                                  build/main.o
HAL_TIM_Base_Stop                                 build/stm32f1xx_hal_tim.o
HAL_TIM_Base_Stop_DMA                             build/stm32f1xx_hal_tim.o
HAL_TIM_Base_Stop_IT                              build/stm32f1xx_hal_tim.o
                                                  build/main.o
HAL_TIM_ConfigClockSource                         build/stm32f1xx_hal_tim.o
                                                  build/main.o
HAL_TIM_ConfigOCrefClear                          build/stm32f1xx_hal_tim.o
HAL_TIM_ConfigTI1Input                            build/stm32f1xx_hal_tim.o
HAL_TIM_DMABurstState                             build/stm32f1xx_hal_tim.o
HAL_TIM_DMABurst_MultiReadStart                   build/stm32f1xx_hal_tim.o
HAL_TIM_DMABurst_MultiWriteStart                  build/stm32f1xx_hal_tim.o
HAL_TIM_DMABurst_ReadStart                        build/stm32f1xx_hal_tim.o
HAL_TIM_DMABurst_ReadStop                         build/stm32f1xx_hal_tim.o
HAL_TIM_DMABurst_WriteStart                       build/stm32f1xx_hal_tim.o
HAL_TIM_DMABurst_WriteStop                        build/stm32f1xx_hal_tim.o
HAL_TIM_Encoder_DeInit                            build/stm32f1xx_hal_tim.o
HAL_TIM_Encoder_GetState                          build/stm32f1xx_hal_tim.o
HAL_TIM_Encoder_Init                              build/stm32f1xx_hal_tim.o
HAL_TIM_Encoder_MspDeInit                         build/stm32f1xx_hal_tim.o
HAL_TIM_Encoder_MspInit                           build/stm32f1xx_hal_tim.o
HAL_TIM_Encoder_Start                             build/stm32f1xx_hal_tim.o
HAL_TIM_Encoder_Start_DMA                         build/stm32f1xx_hal_tim.o
HAL_TIM_Encoder_Start_IT                          build/stm32f1xx_hal_tim.o
HAL_TIM_Encoder_Stop                              build/stm32f1xx_hal_tim.o
HAL_TIM_Encoder_Stop_DMA                          build/stm32f1xx_hal_tim.o
HAL_TIM_Encoder_Stop_IT                           build/stm32f1xx_hal_tim.o
HAL_TIM_ErrorCallback                             build/stm32f1xx_hal_tim.o
                                                  build/stm32f1xx_hal_tim_ex.o
HAL_TIM_GenerateEvent                             build/stm32f1xx_hal_tim.o
HAL_TIM_GetActiveChannel                          build/stm32f1xx_hal_tim.o
HAL_TIM_GetChannelState                           build/stm32f1xx_hal_tim.o
HAL_TIM_IC_CaptureCallback                        build/stm32f1xx_hal_tim.o
HAL_TIM_IC_CaptureHalfCpltCallback                build/stm32f1xx_hal_tim.o
HAL_TIM_IC_ConfigChannel                          build/stm32f1xx_hal_tim.o
HAL_TIM_IC_DeInit                                 build/stm32f1xx_hal_tim.o
HAL_TIM_IC_GetState                               build/stm32f1xx_hal_tim.o
HAL_TIM_IC_Init                                   build/stm32f1xx_hal_tim.o
HAL_TIM_IC_MspDeInit                              build/stm32f1xx_hal_tim.o
HAL_TIM_IC_MspInit                                build/stm32f1xx_hal_tim.o
HAL_TIM_IC_Start                                  build/stm32f1xx_hal_tim.o
HAL_TIM_IC_Start_DMA                              build/stm32f1xx_hal_tim.o
HAL_TIM_IC_Start_IT                               build/stm32f1xx_hal_tim.o
HAL_TIM_IC_Stop                                   build/stm32f1xx_hal_tim.o
HAL_TIM_IC_Stop_DMA                               build/stm32f1xx_hal_tim.o
HAL_TIM_IC_Stop_IT                                build/stm32f1xx_hal_tim.o
HAL_TIM_IRQHandler                                build/stm32f1xx_hal_tim.o
                                                  build/stm32f1xx_it.o
HAL_TIM_OC_ConfigChannel                          build/stm32f1xx_hal_tim.o
HAL_TIM_OC_DeInit                                 build/stm32f1xx_hal_tim.o
HAL_TIM_OC_DelayElapsedCallback                   build/stm32f1xx_hal_tim.o
HAL_TIM_OC_GetState                               build/stm32f1xx_hal_tim.o
HAL_TIM_OC_Init                                   build/stm32f1xx_hal_tim.o
HAL_TIM_OC_MspDeInit                              build/stm32f1xx_hal_tim.o
HAL_TIM_OC_MspInit                                build/stm32f1xx_hal_tim.o
HAL_TIM_OC_Start                                  build/stm32f1xx_hal_tim.o
HAL_TIM_OC_Start_DMA                              build/stm32f1xx_hal_tim.o
HAL_TIM_OC_Start_IT                               build/stm32f1xx_hal_tim.o
HAL_TIM_OC_Stop                                   build/stm32f1xx_hal_tim.o
HAL_TIM_OC_Stop_DMA                               build/stm32f1xx_hal_tim.o
HAL_TIM_OC_Stop_IT                                build/stm32f1xx_hal_tim.o
HAL_TIM_OnePulse_ConfigChannel                    build/stm32f1xx_hal_tim.o
HAL_TIM_OnePulse_DeInit                           build/stm32f1xx_hal_tim.o
HAL_TIM_OnePulse_GetState                         build/stm32f1xx_hal_tim.o
HAL_TIM_OnePulse_Init                             build/stm32f1xx_hal_tim.o
HAL_TIM_OnePulse_MspDeInit                        build/stm32f1xx_hal_tim.o
HAL_TIM_OnePulse_MspInit                          build/stm32f1xx_hal_tim.o
HAL_TIM_OnePulse_Start                            build/stm32f1xx_hal_tim.o
HAL_TIM_OnePulse_Start_IT                         build/stm32f1xx_hal_tim.o
HAL_TIM_OnePulse_Stop                             build/stm32f1xx_hal_tim.o
HAL_TIM_OnePulse_Stop_IT                          build/stm32f1xx_hal_tim.o
HAL_TIM_PWM_ConfigChannel                         build/stm32f1xx_hal_tim.o
HAL_TIM_PWM_DeInit                                build/stm32f1xx_hal_tim.o
HAL_TIM_PWM_GetState                              build/stm32f1xx_hal_tim.o
HAL_TIM_PWM_Init                                  build/stm32f1xx_hal_tim.o
HAL_TIM_PWM_MspDeInit                             build/stm32f1xx_hal_tim.o
HAL_TIM_PWM_MspInit                               build/stm32f1xx_hal_tim.o
HAL_TIM_PWM_PulseFinishedCallback                 build/stm32f1xx_hal_tim.o
                                                  build/stm32f1xx_hal_tim_ex.o
HAL_TIM_PWM_PulseFinishedHalfCpltCallback         build/stm32f1xx_hal_tim.o
HAL_TIM_PWM_Start                                 build/stm32f1xx_hal_tim.o
HAL_TIM_PWM_Start_DMA                             build/stm32f1xx_hal_tim.o
HAL_TIM_PWM_Start_IT                              build/stm32f1xx_hal_tim.o
HAL_TIM_PWM_Stop                                  build/stm32f1xx_hal_tim.o
HAL_TIM_PWM_Stop_DMA                              build/stm32f1xx_hal_tim.o
HAL_TIM_PWM_Stop_IT                               build/stm32f1xx_hal_tim.o
HAL_TIM_PeriodElapsedCallback                     build/main.o
HAL_TIM_PeriodElapsedHalfCpltCallback             build/stm32f1xx_hal_tim.o
HAL_TIM_ReadCapturedValue                         build/stm32f1xx_hal_tim.o
HAL_TIM_SlaveConfigSynchro                        build/stm32f1xx_hal_tim.o
HAL_TIM_SlaveConfigSynchro_IT                     build/stm32f1xx_hal_tim.o
HAL_TIM_TriggerCallback                           build/stm32f1xx_hal_tim.o
HAL_TIM_TriggerHalfCpltCallback                   build/stm32f1xx_hal_tim.o
HardFault_Handler                                 build/stm32f1xx_it.o
I2C1_ER_IRQHandler                                build/startup_stm32f103xb.o
I2C1_EV_IRQHandler                                build/startup_stm32f103xb.o
I2C2_ER_IRQHandler                                build/startup_stm32f103xb.o
I2C2_EV_IRQHandler                                build/startup_stm32f103xb.o
MemManage_Handler                                 build/stm32f1xx_it.o
MenuAtual                                         build/main.o
MenuHandler                                       build/main.o
NMI_Handler                                       build/stm32f1xx_it.o
PVD_IRQHandler                                    build/startup_stm32f103xb.o
PendSV_Handler                                    build/stm32f1xx_it.o
RCC_IRQHandler                                    build/startup_stm32f103xb.o
RTC_Alarm_IRQHandler                              build/startup_stm32f103xb.o
RTC_IRQHandler                                    build/startup_stm32f103xb.o
Reset_Handler                                     build/startup_stm32f103xb.o
SPI1_IRQHandler                                   build/startup_stm32f103xb.o
SPI2_IRQHandler                                   build/startup_stm32f103xb.o
SSD1306_Clear                                     build/ssd1306.o
                                                  build/test.o
                                                  build/main.o
SSD1306_DrawBitmap                                build/ssd1306.o
SSD1306_DrawCircle                                build/ssd1306.o
                                                  build/test.o
SSD1306_DrawFilledCircle                          build/ssd1306.o
                                                  build/test.o
SSD1306_DrawFilledRectangle                       build/ssd1306.o
                                                  build/test.o
SSD1306_DrawFilledTriangle                        build/ssd1306.o
SSD1306_DrawLine                                  build/ssd1306.o
                                                  build/test.o
SSD1306_DrawPixel                                 build/ssd1306.o
SSD1306_DrawRectangle                             build/ssd1306.o
                                                  build/test.o
SSD1306_DrawTriangle                              build/ssd1306.o
                                                  build/test.o
SSD1306_Fill                                      build/ssd1306.o
SSD1306_GotoXY                                    build/ssd1306.o
                                                  build/main.o
SSD1306_Init                                      build/ssd1306.o
                                                  build/main.o
SSD1306_InvertDisplay                             build/ssd1306.o
SSD1306_OFF                                       build/ssd1306.o
SSD1306_ON                                        build/ssd1306.o
SSD1306_Putc                                      build/ssd1306.o
SSD1306_Puts                                      build/ssd1306.o
                                                  build/main.o
SSD1306_ScrollLeft                                build/ssd1306.o
SSD1306_ScrollRight                               build/ssd1306.o
SSD1306_Scrolldiagleft                            build/ssd1306.o
SSD1306_Scrolldiagright                           build/ssd1306.o
SSD1306_Stopscroll                                build/ssd1306.o
SSD1306_ToggleInvert                              build/ssd1306.o
SSD1306_UpdateScreen                              build/ssd1306.o
                                                  build/test.o
                                                  build/main.o
SVC_Handler                                       build/stm32f1xx_it.o
StepAlta                                          build/main.o
SysTick_Handler                                   build/stm32f1xx_it.o
SystemClock_Config                                build/main.o
SystemCoreClock                                   build/system_stm32f1xx.o
                                                  build/stm32f1xx_hal_adc_ex.o
                                                  build/stm32f1xx_hal_adc.o
                                                  build/stm32f1xx_hal_i2c.o
                                                  build/stm32f1xx_hal_rcc.o
                                                  build/stm32f1xx_hal.o
SystemCoreClockUpdate                             build/system_stm32f1xx.o
SystemInit                                        build/system_stm32f1xx.o
                                                  build/startup_stm32f103xb.o
TAMPER_IRQHandler                                 build/startup_stm32f103xb.o
TIM1_BRK_IRQHandler                               build/startup_stm32f103xb.o
TIM1_CC_IRQHandler                                build/startup_stm32f103xb.o
TIM1_TRG_COM_IRQHandler                           build/startup_stm32f103xb.o
TIM1_UP_IRQHandler                                build/startup_stm32f103xb.o
TIM2_IRQHandler                                   build/startup_stm32f103xb.o
TIM3_IRQHandler                                   build/startup_stm32f103xb.o
TIM4_IRQHandler                                   build/stm32f1xx_it.o
TIMEx_DMACommutationCplt                          build/stm32f1xx_hal_tim_ex.o
                                                  build/stm32f1xx_hal_tim.o
TIMEx_DMACommutationHalfCplt                      build/stm32f1xx_hal_tim_ex.o
                                                  build/stm32f1xx_hal_tim.o
TIM_Base_SetConfig                                build/stm32f1xx_hal_tim.o
                                                  build/stm32f1xx_hal_tim_ex.o
TIM_CCxChannelCmd                                 build/stm32f1xx_hal_tim.o
                                                  build/stm32f1xx_hal_tim_ex.o
TIM_DMACaptureCplt                                build/stm32f1xx_hal_tim.o
                                                  build/stm32f1xx_hal_tim_ex.o
TIM_DMACaptureHalfCplt                            build/stm32f1xx_hal_tim.o
                                                  build/stm32f1xx_hal_tim_ex.o
TIM_DMADelayPulseHalfCplt                         build/stm32f1xx_hal_tim.o
                                                  build/stm32f1xx_hal_tim_ex.o
TIM_DMAError                                      build/stm32f1xx_hal_tim.o
                                                  build/stm32f1xx_hal_tim_ex.o
TIM_ETR_SetConfig                                 build/stm32f1xx_hal_tim.o
TIM_OC2_SetConfig                                 build/stm32f1xx_hal_tim.o
                                                  build/stm32f1xx_hal_tim_ex.o
TIM_TI1_SetConfig                                 build/stm32f1xx_hal_tim.o
                                                  build/stm32f1xx_hal_tim_ex.o
TempCelsius                                       build/main.o
TempVolts                                         build/main.o
TestCircles                                       build/test.o
TestFilledCircles                                 build/test.o
TestFilledRectangles                              build/test.o
TestLines                                         build/test.o
TestRectangles                                    build/test.o
TestTriangles                                     build/test.o
USART1_IRQHandler                                 build/startup_stm32f103xb.o
USART2_IRQHandler                                 build/startup_stm32f103xb.o
USART3_IRQHandler                                 build/startup_stm32f103xb.o
USBWakeUp_IRQHandler                              build/startup_stm32f103xb.o
USB_HP_CAN1_TX_IRQHandler                         build/startup_stm32f103xb.o
USB_LP_CAN1_RX0_IRQHandler                        build/startup_stm32f103xb.o
UsageFault_Handler                                build/stm32f1xx_it.o
WWDG_IRQHandler                                   build/startup_stm32f103xb.o
__adddf3                                          c:/arm-gcc/tools/gcc-arm-none-eabi-10-2020-q4-major/bin/../lib/gcc/arm-none-eabi/10.3.1/thumb/v7-m/nofp\libgcc.a(_arm_addsubdf3.o)
__addsf3                                          c:/arm-gcc/tools/gcc-arm-none-eabi-10-2020-q4-major/bin/../lib/gcc/arm-none-eabi/10.3.1/thumb/v7-m/nofp\libgcc.a(_arm_addsubsf3.o)
__aeabi_d2f                                       c:/arm-gcc/tools/gcc-arm-none-eabi-10-2020-q4-major/bin/../lib/gcc/arm-none-eabi/10.3.1/thumb/v7-m/nofp\libgcc.a(_arm_truncdfsf2.o)
                                                  build/main.o
__aeabi_dadd                                      c:/arm-gcc/tools/gcc-arm-none-eabi-10-2020-q4-major/bin/../lib/gcc/arm-none-eabi/10.3.1/thumb/v7-m/nofp\libgcc.a(_arm_addsubdf3.o)
__aeabi_ddiv                                      c:/arm-gcc/tools/gcc-arm-none-eabi-10-2020-q4-major/bin/../lib/gcc/arm-none-eabi/10.3.1/thumb/v7-m/nofp\libgcc.a(_arm_muldivdf3.o)
                                                  build/main.o
__aeabi_dmul                                      c:/arm-gcc/tools/gcc-arm-none-eabi-10-2020-q4-major/bin/../lib/gcc/arm-none-eabi/10.3.1/thumb/v7-m/nofp\libgcc.a(_arm_muldivdf3.o)
                                                  c:/arm-gcc/tools/gcc-arm-none-eabi-10-2020-q4-major/bin/../lib/gcc/arm-none-eabi/10.3.1/thumb/v7-m/nofp\libgcc.a(_arm_muldf3.o)
                                                  build/main.o
__aeabi_drsub                                     c:/arm-gcc/tools/gcc-arm-none-eabi-10-2020-q4-major/bin/../lib/gcc/arm-none-eabi/10.3.1/thumb/v7-m/nofp\libgcc.a(_arm_addsubdf3.o)
__aeabi_dsub                                      c:/arm-gcc/tools/gcc-arm-none-eabi-10-2020-q4-major/bin/../lib/gcc/arm-none-eabi/10.3.1/thumb/v7-m/nofp\libgcc.a(_arm_addsubdf3.o)
__aeabi_f2d                                       c:/arm-gcc/tools/gcc-arm-none-eabi-10-2020-q4-major/bin/../lib/gcc/arm-none-eabi/10.3.1/thumb/v7-m/nofp\libgcc.a(_arm_addsubdf3.o)
__aeabi_f2iz                                      c:/arm-gcc/tools/gcc-arm-none-eabi-10-2020-q4-major/bin/../lib/gcc/arm-none-eabi/10.3.1/thumb/v7-m/nofp\libgcc.a(_arm_fixsfsi.o)
                                                  build/main.o
__aeabi_fadd                                      c:/arm-gcc/tools/gcc-arm-none-eabi-10-2020-q4-major/bin/../lib/gcc/arm-none-eabi/10.3.1/thumb/v7-m/nofp\libgcc.a(_arm_addsubsf3.o)
__aeabi_fmul                                      c:/arm-gcc/tools/gcc-arm-none-eabi-10-2020-q4-major/bin/../lib/gcc/arm-none-eabi/10.3.1/thumb/v7-m/nofp\libgcc.a(_arm_mulsf3.o)
                                                  build/main.o
__aeabi_frsub                                     c:/arm-gcc/tools/gcc-arm-none-eabi-10-2020-q4-major/bin/../lib/gcc/arm-none-eabi/10.3.1/thumb/v7-m/nofp\libgcc.a(_arm_addsubsf3.o)
__aeabi_fsub                                      c:/arm-gcc/tools/gcc-arm-none-eabi-10-2020-q4-major/bin/../lib/gcc/arm-none-eabi/10.3.1/thumb/v7-m/nofp\libgcc.a(_arm_addsubsf3.o)
                                                  build/main.o
__aeabi_i2d                                       c:/arm-gcc/tools/gcc-arm-none-eabi-10-2020-q4-major/bin/../lib/gcc/arm-none-eabi/10.3.1/thumb/v7-m/nofp\libgcc.a(_arm_addsubdf3.o)
__aeabi_i2f                                       c:/arm-gcc/tools/gcc-arm-none-eabi-10-2020-q4-major/bin/../lib/gcc/arm-none-eabi/10.3.1/thumb/v7-m/nofp\libgcc.a(_arm_addsubsf3.o)
                                                  build/main.o
__aeabi_l2d                                       c:/arm-gcc/tools/gcc-arm-none-eabi-10-2020-q4-major/bin/../lib/gcc/arm-none-eabi/10.3.1/thumb/v7-m/nofp\libgcc.a(_arm_addsubdf3.o)
__aeabi_l2f                                       c:/arm-gcc/tools/gcc-arm-none-eabi-10-2020-q4-major/bin/../lib/gcc/arm-none-eabi/10.3.1/thumb/v7-m/nofp\libgcc.a(_arm_addsubsf3.o)
__aeabi_ui2d                                      c:/arm-gcc/tools/gcc-arm-none-eabi-10-2020-q4-major/bin/../lib/gcc/arm-none-eabi/10.3.1/thumb/v7-m/nofp\libgcc.a(_arm_addsubdf3.o)
                                                  build/main.o
__aeabi_ui2f                                      c:/arm-gcc/tools/gcc-arm-none-eabi-10-2020-q4-major/bin/../lib/gcc/arm-none-eabi/10.3.1/thumb/v7-m/nofp\libgcc.a(_arm_addsubsf3.o)
__aeabi_ul2d                                      c:/arm-gcc/tools/gcc-arm-none-eabi-10-2020-q4-major/bin/../lib/gcc/arm-none-eabi/10.3.1/thumb/v7-m/nofp\libgcc.a(_arm_addsubdf3.o)
__aeabi_ul2f                                      c:/arm-gcc/tools/gcc-arm-none-eabi-10-2020-q4-major/bin/../lib/gcc/arm-none-eabi/10.3.1/thumb/v7-m/nofp\libgcc.a(_arm_addsubsf3.o)