Archive member included to satisfy reference by file (symbol)

c:/arm-gcc/tools/gcc-arm-none-eabi-10-2020-q4-major/bin/../lib/gcc/arm-none-eabi/10.3.1/../../../../arm-none-eabi/lib/thumb/v7-m/nofp\libc_nano.a(lib_a-exit.o)
                              c:/arm-gcc/tools/gcc-arm-none-eabi-10-2020-q4-major/bin/../lib/gcc/arm-none-eabi/10.3.1/../../../../arm-none-eabi/lib/thumb/v7-m/nofp/crt0.o (exit)
c:/arm-gcc/tools/gcc-arm-none-eabi-10-2020-q4-major/bin/../lib/gcc/arm-none-eabi/10.3.1/../../../../arm-none-eabi/lib/thumb/v7-m/nofp\libc_nano.a(lib_a-impure.o)
                              c:/arm-gcc/tools/gcc-arm-none-eabi-10-2020-q4-major/bin/../lib/gcc/arm-none-eabi/10.3.1/../../../../arm-none-eabi/lib/thumb/v7-m/nofp\libc_nano.a(lib_a-exit.o) (_global_impure_ptr)
c:/arm-gcc/tools/gcc-arm-none-eabi-10-2020-q4-major/bin/../lib/gcc/arm-none-eabi/10.3.1/../../../../arm-none-eabi/lib/thumb/v7-m/nofp\libc_nano.a(lib_a-init.o)
                              c:/arm-gcc/tools/gcc-arm-none-eabi-10-2020-q4-major/bin/../lib/gcc/arm-none-eabi/10.3.1/../../../../arm-none-eabi/lib/thumb/v7-m/nofp/crt0.o (__libc_init_array)
c:/arm-gcc/tools/gcc-arm-none-eabi-10-2020-q4-major/bin/../lib/gcc/arm-none-eabi/10.3.1/../../../../arm-none-eabi/lib/thumb/v7-m/nofp\libc_nano.a(lib_a-itoa.o)
                              build/main.o (itoa)
c:/arm-gcc/tools/gcc-arm-none-eabi-10-2020-q4-major/bin/../lib/gcc/arm-none-eabi/10.3.1/../../../../arm-none-eabi/lib/thumb/v7-m/nofp\libc_nano.a(lib_a-memset.o)
                              c:/arm-gcc/tools/gcc-arm-none-eabi-10-2020-q4-major/bin/../lib/gcc/arm-none-eabi/10.3.1/../../../../arm-none-eabi/lib/thumb/v7-m/nofp/crt0.o (memset)
c:/arm-gcc/tools/gcc-arm-none-eabi-10-2020-q4-major/bin/../lib/gcc/arm-none-eabi/10.3.1/../../../../arm-none-eabi/lib/thumb/v7-m/nofp\libc_nano.a(lib_a-strlen.o)
                              build/fonts.o (strlen)
c:/arm-gcc/tools/gcc-arm-none-eabi-10-2020-q4-major/bin/../lib/gcc/arm-none-eabi/10.3.1/../../../../arm-none-eabi/lib/thumb/v7-m/nofp\libc_nano.a(lib_a-utoa.o)
                              c:/arm-gcc/tools/gcc-arm-none-eabi-10-2020-q4-major/bin/../lib/gcc/arm-none-eabi/10.3.1/../../../../arm-none-eabi/lib/thumb/v7-m/nofp\libc_nano.a(lib_a-itoa.o) (__utoa)
c:/arm-gcc/tools/gcc-arm-none-eabi-10-2020-q4-major/bin/../lib/gcc/arm-none-eabi/10.3.1/../../../../arm-none-eabi/lib/thumb/v7-m/nofp\libnosys.a(_exit.o)
                              c:/arm-gcc/tools/gcc-arm-none-eabi-10-2020-q4-major/bin/../lib/gcc/arm-none-eabi/10.3.1/../../../../arm-none-eabi/lib/thumb/v7-m/nofp\libc_nano.a(lib_a-exit.o) (_exit)
c:/arm-gcc/tools/gcc-arm-none-eabi-10-2020-q4-major/bin/../lib/gcc/arm-none-eabi/10.3.1/thumb/v7-m/nofp\libgcc.a(_arm_muldf3.o)
                              build/main.o (__aeabi_dmul)
c:/arm-gcc/tools/gcc-arm-none-eabi-10-2020-q4-major/bin/../lib/gcc/arm-none-eabi/10.3.1/thumb/v7-m/nofp\libgcc.a(_arm_mulsf3.o)
                              build/main.o (__aeabi_fmul)
c:/arm-gcc/tools/gcc-arm-none-eabi-10-2020-q4-major/bin/../lib/gcc/arm-none-eabi/10.3.1/thumb/v7-m/nofp\libgcc.a(_arm_addsubdf3.o)
                              build/main.o (__aeabi_dadd)
c:/arm-gcc/tools/gcc-arm-none-eabi-10-2020-q4-major/bin/../lib/gcc/arm-none-eabi/10.3.1/thumb/v7-m/nofp\libgcc.a(_arm_muldivdf3.o)
                              build/main.o (__aeabi_ddiv)
c:/arm-gcc/tools/gcc-arm-none-eabi-10-2020-q4-major/bin/../lib/gcc/arm-none-eabi/10.3.1/thumb/v7-m/nofp\libgcc.a(_arm_truncdfsf2.o)
                              build/main.o (__aeabi_d2f)
c:/arm-gcc/tools/gcc-arm-none-eabi-10-2020-q4-major/bin/../lib/gcc/arm-none-eabi/10.3.1/thumb/v7-m/nofp\libgcc.a(_arm_addsubsf3.o)
                              build/main.o (__aeabi_fsub)
c:/arm-gcc/tools/gcc-arm-none-eabi-10-2020-q4-major/bin/../lib/gcc/arm-none-eabi/10.3.1/thumb/v7-m/nofp\libgcc.a(_arm_muldivsf3.o)
                              build/main.o (__aeabi_fdiv)
c:/arm-gcc/tools/gcc-arm-none-eabi-10-2020-q4-major/bin/../lib/gcc/arm-none-eabi/10.3.1/thumb/v7-m/nofp\libgcc.a(_arm_cmpsf2.o)
                              build/main.o (__aeabi_fcmpeq)
c:/arm-gcc/tools/gcc-arm-none-eabi-10-2020-q4-major/bin/../lib/gcc/arm-none-eabi/10.3.1/thumb/v7-m/nofp\libgcc.a(_arm_fixsfsi.o)
                              build/main.o (__aeabi_f2iz)
c:/arm-gcc/tools/gcc-arm-none-eabi-10-2020-q4-major/bin/../lib/gcc/arm-none-eabi/10.3.1/thumb/v7-m/nofp\libgcc.a(_arm_fixunssfsi.o)
                              build/main.o (__aeabi_f2uiz)

Discarded input sections

 .text          0x00000000        0x0 c:/arm-gcc/tools/gcc-arm-none-eabi-10-2020-q4-major/bin/../lib/gcc/arm-none-eabi/10.3.1/thumb/v7-m/nofp/crti.o
 .data          0x00000000        0x0 c:/arm-gcc/tools/gcc-arm-none-eabi-10-2020-q4-major/bin/../lib/gcc/arm-none-eabi/10.3.1/thumb/v7-m/nofp/crti.o
 .bss           0x00000000        0x0 c:/arm-gcc/tools/gcc-arm-none-eabi-10-2020-q4-major/bin/../lib/gcc/arm-none-eabi/10.3.1/thumb/v7-m/nofp/crti.o
[...]
Memory Configuration

Name             Origin             Length             Attributes
RAM              0x20000000         0x00005000         xrw
FLASH            0x08000000         0x00010000         xr
*default*        0x00000000         0xffffffff

Linker script and memory map

LOAD c:/arm-gcc/tools/gcc-arm-none-eabi-10-2020-q4-major/bin/../lib/gcc/arm-none-eabi/10.3.1/thumb/v7-m/nofp/crti.o
LOAD c:/arm-gcc/tools/gcc-arm-none-eabi-10-2020-q4-major/bin/../lib/gcc/arm-none-eabi/10.3.1/thumb/v7-m/nofp/crtbegin.o
LOAD c:/arm-gcc/tools/gcc-arm-none-eabi-10-2020-q4-major/bin/../lib/gcc/arm-none-eabi/10.3.1/../../../../arm-none-eabi/lib/thumb/v7-m/nofp/crt0.o
LOAD build/main.o
LOAD build/ssd1306.o
LOAD build/fonts.o
LOAD build/test.o
LOAD build/stm32f1xx_it.o
LOAD build/stm32f1xx_hal_msp.o
LOAD build/stm32f1xx_hal_gpio_ex.o
LOAD build/stm32f1xx_hal_tim.o
LOAD build/stm32f1xx_hal_tim_ex.o
LOAD build/stm32f1xx_hal.o
LOAD build/stm32f1xx_hal_rcc.o
LOAD build/stm32f1xx_hal_rcc_ex.o
LOAD build/stm32f1xx_hal_gpio.o
LOAD build/stm32f1xx_hal_dma.o
LOAD build/stm32f1xx_hal_cortex.o
LOAD build/stm32f1xx_hal_pwr.o
LOAD build/stm32f1xx_hal_flash.o
LOAD build/stm32f1xx_hal_flash_ex.o
LOAD build/stm32f1xx_hal_exti.o
LOAD build/system_stm32f1xx.o
LOAD build/stm32f1xx_hal_i2c.o
LOAD build/stm32f1xx_hal_adc.o
LOAD build/stm32f1xx_hal_adc_ex.o
LOAD build/startup_stm32f103xb.o
LOAD c:/arm-gcc/tools/gcc-arm-none-eabi-10-2020-q4-major/bin/../lib/gcc/arm-none-eabi/10.3.1/../../../../arm-none-eabi/lib/thumb/v7-m/nofp\libc_nano.a
LOAD c:/arm-gcc/tools/gcc-arm-none-eabi-10-2020-q4-major/bin/../lib/gcc/arm-none-eabi/10.3.1/../../../../arm-none-eabi/lib/thumb/v7-m/nofp\libm.a
LOAD c:/arm-gcc/tools/gcc-arm-none-eabi-10-2020-q4-major/bin/../lib/gcc/arm-none-eabi/10.3.1/../../../../arm-none-eabi/lib/thumb/v7-m/nofp\libnosys.a
START GROUP
LOAD c:/arm-gcc/tools/gcc-arm-none-eabi-10-2020-q4-major/bin/../lib/gcc/arm-none-eabi/10.3.1/thumb/v7-m/nofp\libgcc.a
LOAD c:/arm-gcc/tools/gcc-arm-none-eabi-10-2020-q4-major/bin/../lib/gcc/arm-none-eabi/10.3.1/../../../../arm-none-eabi/lib/thumb/v7-m/nofp\libc_nano.a
END GROUP
START GROUP
LOAD c:/arm-gcc/tools/gcc-arm-none-eabi-10-2020-q4-major/bin/../lib/gcc/arm-none-eabi/10.3.1/thumb/v7-m/nofp\libgcc.a
LOAD c:/arm-gcc/tools/gcc-arm-none-eabi-10-2020-q4-major/bin/../lib/gcc/arm-none-eabi/10.3.1/../../../../arm-none-eabi/lib/thumb/v7-m/nofp\libc_nano.a
END GROUP
LOAD c:/arm-gcc/tools/gcc-arm-none-eabi-10-2020-q4-major/bin/../lib/gcc/arm-none-eabi/10.3.1/thumb/v7-m/nofp/crtend.o
LOAD c:/arm-gcc/tools/gcc-arm-none-eabi-10-2020-q4-major/bin/../lib/gcc/arm-none-eabi/10.3.1/thumb/v7-m/nofp/crtn.o
                0x20005000                _estack = 0x20005000
                0x00000200                _Min_Heap_Size = 0x200
                0x00000400                _Min_Stack_Size = 0x400

.isr_vector     0x08000000      0x10c
                0x08000000                . = ALIGN (0x4)
 *(.isr_vector)
 .isr_vector    0x08000000      0x10c build/startup_stm32f103xb.o
                0x08000000                g_pfnVectors
                0x0800010c                . = ALIGN (0x4)

.text           0x08000110     0x58e4
                0x08000110                . = ALIGN (0x4)
 *(.text)
 .text          0x08000110       0x40 c:/arm-gcc/tools/gcc-arm-none-eabi-10-2020-q4-major/bin/../lib/gcc/arm-none-eabi/10.3.1/thumb/v7-m/nofp/crtbegin.o
 .text          0x08000150      0x378 c:/arm-gcc/tools/gcc-arm-none-eabi-10-2020-q4-major/bin/../lib/gcc/arm-none-eabi/10.3.1/thumb/v7-m/nofp\libgcc.a(_arm_addsubdf3.o)
                0x08000150                __aeabi_drsub
                0x08000158                __aeabi_dsub
                0x08000158                __subdf3
                0x0800015c                __aeabi_dadd
                0x0800015c                __adddf3
                0x080003d4                __floatunsidf
                0x080003d4                __aeabi_ui2d
                0x080003f4                __floatsidf
                0x080003f4                __aeabi_i2d
                0x08000418                __aeabi_f2d
                0x08000418                __extendsfdf2
                0x0800045c                __floatundidf
                0x0800045c                __aeabi_ul2d
                0x0800046c                __floatdidf
                0x0800046c                __aeabi_l2d
 .text          0x080004c8      0x424 c:/arm-gcc/tools/gcc-arm-none-eabi-10-2020-q4-major/bin/../lib/gcc/arm-none-eabi/10.3.1/thumb/v7-m/nofp\libgcc.a(_arm_muldivdf3.o)
                0x080004c8                __aeabi_dmul
                0x080004c8                __muldf3
                0x0800071c                __divdf3
                0x0800071c                __aeabi_ddiv
 .text          0x080008ec       0xa0 c:/arm-gcc/tools/gcc-arm-none-eabi-10-2020-q4-major/bin/../lib/gcc/arm-none-eabi/10.3.1/thumb/v7-m/nofp\libgcc.a(_arm_truncdfsf2.o)
                0x080008ec                __truncdfsf2
                0x080008ec                __aeabi_d2f
 .text          0x0800098c      0x21c c:/arm-gcc/tools/gcc-arm-none-eabi-10-2020-q4-major/bin/../lib/gcc/arm-none-eabi/10.3.1/thumb/v7-m/nofp\libgcc.a(_arm_addsubsf3.o)
                0x0800098c                __aeabi_frsub
                0x08000994                __subsf3
                0x08000994                __aeabi_fsub
                0x08000998                __aeabi_fadd
                0x08000998                __addsf3
                0x08000af8                __aeabi_ui2f
                0x08000af8                __floatunsisf
                0x08000b00                __aeabi_i2f
                0x08000b00                __floatsisf
                0x08000b1c                __aeabi_ul2f
                0x08000b1c                __floatundisf
                0x08000b2c                __aeabi_l2f
                0x08000b2c                __floatdisf
 .text          0x08000ba8      0x2a0 c:/arm-gcc/tools/gcc-arm-none-eabi-10-2020-q4-major/bin/../lib/gcc/arm-none-eabi/10.3.1/thumb/v7-m/nofp\libgcc.a(_arm_muldivsf3.o)
                0x08000ba8                __mulsf3
                0x08000ba8                __aeabi_fmul
                0x08000d10                __aeabi_fdiv
                0x08000d10                __divsf3
 .text          0x08000e48       0xec c:/arm-gcc/tools/gcc-arm-none-eabi-10-2020-q4-major/bin/../lib/gcc/arm-none-eabi/10.3.1/thumb/v7-m/nofp\libgcc.a(_arm_cmpsf2.o)
                0x08000e48                __gesf2
                0x08000e48                __gtsf2
                0x08000e50                __lesf2
                0x08000e50                __ltsf2
                0x08000e58                __nesf2
                0x08000e58                __eqsf2
                0x08000e58                __cmpsf2
                0x08000eb8                __aeabi_cfrcmple
                0x08000ec0                __aeabi_cfcmpeq
                0x08000ec0                __aeabi_cfcmple
                0x08000ed0                __aeabi_fcmpeq
                0x08000ee4                __aeabi_fcmplt
                0x08000ef8                __aeabi_fcmple
                0x08000f0c                __aeabi_fcmpge
                0x08000f20                __aeabi_fcmpgt
 .text          0x08000f34       0x4c c:/arm-gcc/tools/gcc-arm-none-eabi-10-2020-q4-major/bin/../lib/gcc/arm-none-eabi/10.3.1/thumb/v7-m/nofp\libgcc.a(_arm_fixsfsi.o)
                0x08000f34                __aeabi_f2iz
                0x08000f34                __fixsfsi
 .text          0x08000f80       0x40 c:/arm-gcc/tools/gcc-arm-none-eabi-10-2020-q4-major/bin/../lib/gcc/arm-none-eabi/10.3.1/thumb/v7-m/nofp\libgcc.a(_arm_fixunssfsi.o)
                0x08000f80                __fixunssfsi
                0x08000f80                __aeabi_f2uiz
 *(.text*)
 .text.calcPid  0x08000fc0      0x21c build/main.o
                0x08000fc0                calcPid
 .text.HAL_TIM_PeriodElapsedCallback
                0x080011dc       0x58 build/main.o
                0x080011dc                HAL_TIM_PeriodElapsedCallback
 .text.MenuHandler
                0x08001234      0x1b0 build/main.o
                0x08001234                MenuHandler
 .text.ClickHandler
                0x080013e4       0x7c build/main.o
                0x080013e4                ClickHandler
 .text.main     0x08001460      0x204 build/main.o
                0x08001460                main
 .text.SystemClock_Config
                0x08001664       0xb6 build/main.o
                0x08001664                SystemClock_Config
 *fill*         0x0800171a        0x2 
 .text.MX_ADC1_Init
                0x0800171c       0x7c build/main.o
 .text.MX_I2C1_Init
                0x08001798       0x5c build/main.o
 .text.MX_TIM2_Init
                0x080017f4      0x10c build/main.o
 .text.MX_TIM4_Init
                0x08001900       0xdc build/main.o
 .text.MX_GPIO_Init
                0x080019dc      0x138 build/main.o
 .text.Error_Handler
                0x08001b14        0xa build/main.o
                0x08001b14                Error_Handler
 *fill*         0x08001b1e        0x2 
 .text.SSD1306_Init
                0x08001b20      0x188 build/ssd1306.o
                0x08001b20                SSD1306_Init
 .text.SSD1306_UpdateScreen
                0x08001ca8       0x5c build/ssd1306.o
                0x08001ca8                SSD1306_UpdateScreen
 .text.SSD1306_Fill
                0x08001d04       0x30 build/ssd1306.o
                0x08001d04                SSD1306_Fill
 .text.SSD1306_DrawPixel
                0x08001d34       0xbc build/ssd1306.o
                0x08001d34                SSD1306_DrawPixel
 .text.SSD1306_GotoXY
                0x08001df0       0x2c build/ssd1306.o
                0x08001df0                SSD1306_GotoXY
 .text.SSD1306_Putc
                0x08001e1c      0x100 build/ssd1306.o
                0x08001e1c                SSD1306_Putc
 .text.SSD1306_Puts
                0x08001f1c       0x4a build/ssd1306.o
                0x08001f1c                SSD1306_Puts
 .text.SSD1306_Clear
                0x08001f66       0x12 build/ssd1306.o
                0x08001f66                SSD1306_Clear
 .text.ssd1306_I2C_Init
                0x08001f78       0x28 build/ssd1306.o
                0x08001f78                ssd1306_I2C_Init
 .text.ssd1306_I2C_WriteMulti
                0x08001fa0       0xcc build/ssd1306.o
                0x08001fa0                ssd1306_I2C_WriteMulti
 .text.ssd1306_I2C_Write
                0x0800206c       0x3c build/ssd1306.o
                0x0800206c                ssd1306_I2C_Write
 .text.NMI_Handler
                0x080020a8        0x6 build/stm32f1xx_it.o
                0x080020a8                NMI_Handler
 .text.HardFault_Handler
                0x080020ae        0x6 build/stm32f1xx_it.o
                0x080020ae                HardFault_Handler
 .text.MemManage_Handler
                0x080020b4        0x6 build/stm32f1xx_it.o
                0x080020b4                MemManage_Handler
 .text.BusFault_Handler
                0x080020ba        0x6 build/stm32f1xx_it.o
                0x080020ba                BusFault_Handler
 .text.UsageFault_Handler
                0x080020c0        0x6 build/stm32f1xx_it.o
                0x080020c0                UsageFault_Handler
 .text.SVC_Handler
                0x080020c6        0xc build/stm32f1xx_it.o
                0x080020c6                SVC_Handler
 .text.DebugMon_Handler
                0x080020d2        0xc build/stm32f1xx_it.o
                0x080020d2                DebugMon_Handler
 .text.PendSV_Handler
                0x080020de        0xc build/stm32f1xx_it.o
                0x080020de                PendSV_Handler
 .text.SysTick_Handler
                0x080020ea        0xc build/stm32f1xx_it.o
                0x080020ea                SysTick_Handler
 *fill*         0x080020f6        0x2 
 .text.TIM4_IRQHandler
                0x080020f8       0x14 build/stm32f1xx_it.o
                0x080020f8                TIM4_IRQHandler
 .text.HAL_MspInit
                0x0800210c       0x64 build/stm32f1xx_hal_msp.o
                0x0800210c                HAL_MspInit
 .text.HAL_ADC_MspInit
                0x08002170       0x78 build/stm32f1xx_hal_msp.o
                0x08002170                HAL_ADC_MspInit
 .text.HAL_I2C_MspInit
                0x080021e8       0xa0 build/stm32f1xx_hal_msp.o
                0x080021e8                HAL_I2C_MspInit
 .text.HAL_TIM_Base_MspInit
                0x08002288       0x70 build/stm32f1xx_hal_msp.o
                0x08002288                HAL_TIM_Base_MspInit
 .text.HAL_TIM_MspPostInit
                0x080022f8       0x60 build/stm32f1xx_hal_msp.o
                0x080022f8                HAL_TIM_MspPostInit
 .text.HAL_TIM_Base_Init
                0x08002358       0x9e build/stm32f1xx_hal_tim.o
                0x08002358                HAL_TIM_Base_Init
 *fill*         0x080023f6        0x2 
 .text.HAL_TIM_Base_Start_IT
                0x080023f8       0xa4 build/stm32f1xx_hal_tim.o
                0x080023f8                HAL_TIM_Base_Start_IT
 .text.HAL_TIM_Base_Stop_IT
                0x0800249c       0x5c build/stm32f1xx_hal_tim.o
                0x0800249c                HAL_TIM_Base_Stop_IT
 .text.HAL_TIM_PWM_Init
                0x080024f8       0x9e build/stm32f1xx_hal_tim.o
                0x080024f8                HAL_TIM_PWM_Init
 .text.HAL_TIM_PWM_MspInit
                0x08002596       0x12 build/stm32f1xx_hal_tim.o
                0x08002596                HAL_TIM_PWM_MspInit
 .text.HAL_TIM_PWM_Start
                0x080025a8      0x144 build/stm32f1xx_hal_tim.o
                0x080025a8                HAL_TIM_PWM_Start
 .text.HAL_TIM_PWM_Stop_IT
                0x080026ec      0x154 build/stm32f1xx_hal_tim.o
                0x080026ec                HAL_TIM_PWM_Stop_IT
 .text.HAL_TIM_IRQHandler
                0x08002840      0x210 build/stm32f1xx_hal_tim.o
                0x08002840                HAL_TIM_IRQHandler
 .text.HAL_TIM_PWM_ConfigChannel
                0x08002a50      0x17c build/stm32f1xx_hal_tim.o
                0x08002a50                HAL_TIM_PWM_ConfigChannel
 .text.HAL_TIM_ConfigClockSource
                0x08002bcc      0x188 build/stm32f1xx_hal_tim.o
                0x08002bcc                HAL_TIM_ConfigClockSource
 .text.HAL_TIM_OC_DelayElapsedCallback
                0x08002d54       0x12 build/stm32f1xx_hal_tim.o
                0x08002d54                HAL_TIM_OC_DelayElapsedCallback
 .text.HAL_TIM_IC_CaptureCallback
                0x08002d66       0x12 build/stm32f1xx_hal_tim.o
                0x08002d66                HAL_TIM_IC_CaptureCallback
 .text.HAL_TIM_PWM_PulseFinishedCallback
                0x08002d78       0x12 build/stm32f1xx_hal_tim.o
                0x08002d78                HAL_TIM_PWM_PulseFinishedCallback
 .text.HAL_TIM_TriggerCallback
                0x08002d8a       0x12 build/stm32f1xx_hal_tim.o
                0x08002d8a                HAL_TIM_TriggerCallback
 .text.TIM_Base_SetConfig
                0x08002d9c       0xc4 build/stm32f1xx_hal_tim.o
                0x08002d9c                TIM_Base_SetConfig
 .text.TIM_OC1_SetConfig
                0x08002e60       0xcc build/stm32f1xx_hal_tim.o
 .text.TIM_OC2_SetConfig
                0x08002f2c       0xd4 build/stm32f1xx_hal_tim.o
                0x08002f2c                TIM_OC2_SetConfig
 .text.TIM_OC3_SetConfig
                0x08003000       0xd4 build/stm32f1xx_hal_tim.o
 .text.TIM_OC4_SetConfig
                0x080030d4       0x9c build/stm32f1xx_hal_tim.o
 .text.TIM_TI1_ConfigInputStage
                0x08003170       0x5c build/stm32f1xx_hal_tim.o
 .text.TIM_TI2_ConfigInputStage
                0x080031cc       0x5e build/stm32f1xx_hal_tim.o
 .text.TIM_ITRx_SetConfig
                0x0800322a       0x34 build/stm32f1xx_hal_tim.o
 .text.TIM_ETR_SetConfig
                0x0800325e       0x3e build/stm32f1xx_hal_tim.o
                0x0800325e                TIM_ETR_SetConfig
 .text.TIM_CCxChannelCmd
                0x0800329c       0x48 build/stm32f1xx_hal_tim.o
                0x0800329c                TIM_CCxChannelCmd
 .text.HAL_TIMEx_MasterConfigSynchronization
                0x080032e4       0xbc build/stm32f1xx_hal_tim_ex.o
                0x080032e4                HAL_TIMEx_MasterConfigSynchronization
 .text.HAL_TIMEx_CommutCallback
                0x080033a0       0x12 build/stm32f1xx_hal_tim_ex.o
                0x080033a0                HAL_TIMEx_CommutCallback
 .text.HAL_TIMEx_BreakCallback
                0x080033b2       0x12 build/stm32f1xx_hal_tim_ex.o
                0x080033b2                HAL_TIMEx_BreakCallback
 .text.HAL_Init
                0x080033c4       0x2c build/stm32f1xx_hal.o
                0x080033c4                HAL_Init
 .text.HAL_InitTick
                0x080033f0       0x60 build/stm32f1xx_hal.o
                0x080033f0                HAL_InitTick
 .text.HAL_IncTick
                0x08003450       0x24 build/stm32f1xx_hal.o
                0x08003450                HAL_IncTick
 .text.HAL_GetTick
                0x08003474       0x14 build/stm32f1xx_hal.o
                0x08003474                HAL_GetTick
 .text.HAL_RCC_OscConfig
                0x08003488      0x504 build/stm32f1xx_hal_rcc.o
                0x08003488                HAL_RCC_OscConfig
 .text.HAL_RCC_ClockConfig
                0x0800398c      0x1d4 build/stm32f1xx_hal_rcc.o
                0x0800398c                HAL_RCC_ClockConfig
 .text.HAL_RCC_GetSysClockFreq
                0x08003b60       0xbc build/stm32f1xx_hal_rcc.o
                0x08003b60                HAL_RCC_GetSysClockFreq
 .text.HAL_RCC_GetHCLKFreq
                0x08003c1c       0x14 build/stm32f1xx_hal_rcc.o
                0x08003c1c                HAL_RCC_GetHCLKFreq
 .text.HAL_RCC_GetPCLK1Freq
                0x08003c30       0x28 build/stm32f1xx_hal_rcc.o
                0x08003c30                HAL_RCC_GetPCLK1Freq
 .text.HAL_RCC_GetPCLK2Freq
                0x08003c58       0x28 build/stm32f1xx_hal_rcc.o
                0x08003c58                HAL_RCC_GetPCLK2Freq
 .text.RCC_Delay
                0x08003c80       0x3c build/stm32f1xx_hal_rcc.o
 .text.HAL_RCCEx_PeriphCLKConfig
                0x08003cbc      0x16c build/stm32f1xx_hal_rcc_ex.o
                0x08003cbc                HAL_RCCEx_PeriphCLKConfig
 .text.HAL_RCCEx_GetPeriphCLKFreq
                0x08003e28      0x180 build/stm32f1xx_hal_rcc_ex.o
                0x08003e28                HAL_RCCEx_GetPeriphCLKFreq
 .text.HAL_GPIO_Init
                0x08003fa8      0x308 build/stm32f1xx_hal_gpio.o
                0x08003fa8                HAL_GPIO_Init
 .text.HAL_GPIO_ReadPin
                0x080042b0       0x2e build/stm32f1xx_hal_gpio.o
                0x080042b0                HAL_GPIO_ReadPin
 .text.HAL_GPIO_WritePin
                0x080042de       0x30 build/stm32f1xx_hal_gpio.o
                0x080042de                HAL_GPIO_WritePin
 *fill*         0x0800430e        0x2 
 .text.__NVIC_SetPriorityGrouping
                0x08004310       0x48 build/stm32f1xx_hal_cortex.o
 .text.__NVIC_GetPriorityGrouping
                0x08004358       0x1c build/stm32f1xx_hal_cortex.o
 .text.__NVIC_EnableIRQ
                0x08004374       0x38 build/stm32f1xx_hal_cortex.o
 .text.__NVIC_SetPriority
                0x080043ac       0x54 build/stm32f1xx_hal_cortex.o
 .text.NVIC_EncodePriority
                0x08004400       0x64 build/stm32f1xx_hal_cortex.o
 .text.SysTick_Config
                0x08004464       0x44 build/stm32f1xx_hal_cortex.o
 .text.HAL_NVIC_SetPriorityGrouping
                0x080044a8       0x16 build/stm32f1xx_hal_cortex.o
                0x080044a8                HAL_NVIC_SetPriorityGrouping
 .text.HAL_NVIC_SetPriority
                0x080044be       0x38 build/stm32f1xx_hal_cortex.o
                0x080044be                HAL_NVIC_SetPriority
 .text.HAL_NVIC_EnableIRQ
                0x080044f6       0x1c build/stm32f1xx_hal_cortex.o
                0x080044f6                HAL_NVIC_EnableIRQ
 .text.HAL_SYSTICK_Config
                0x08004512       0x18 build/stm32f1xx_hal_cortex.o
                0x08004512                HAL_SYSTICK_Config
 .text.SystemInit
                0x0800452a        0xc build/system_stm32f1xx.o
                0x0800452a                SystemInit
 *fill*         0x08004536        0x2 
 .text.HAL_I2C_Init
                0x08004538      0x288 build/stm32f1xx_hal_i2c.o
                0x08004538                HAL_I2C_Init
 .text.HAL_I2C_Master_Transmit
                0x080047c0      0x1fc build/stm32f1xx_hal_i2c.o
                0x080047c0                HAL_I2C_Master_Transmit
 .text.HAL_I2C_IsDeviceReady
                0x080049bc      0x25c build/stm32f1xx_hal_i2c.o
                0x080049bc                HAL_I2C_IsDeviceReady
 .text.I2C_MasterRequestWrite
                0x08004c18      0x104 build/stm32f1xx_hal_i2c.o
 .text.I2C_WaitOnFlagUntilTimeout
                0x08004d1c       0xae build/stm32f1xx_hal_i2c.o
 .text.I2C_WaitOnMasterAddressFlagUntilTimeout
                0x08004dca       0xfe build/stm32f1xx_hal_i2c.o
 .text.I2C_WaitOnTXEFlagUntilTimeout
                0x08004ec8       0x82 build/stm32f1xx_hal_i2c.o
 .text.I2C_WaitOnBTFFlagUntilTimeout
                0x08004f4a       0x82 build/stm32f1xx_hal_i2c.o
 .text.I2C_IsAcknowledgeFailed
                0x08004fcc       0x5c build/stm32f1xx_hal_i2c.o
 .text.HAL_ADC_Init
                0x08005028      0x1b0 build/stm32f1xx_hal_adc.o
                0x08005028                HAL_ADC_Init
 .text.HAL_ADC_Start
                0x080051d8      0x15c build/stm32f1xx_hal_adc.o
                0x080051d8                HAL_ADC_Start
 .text.HAL_ADC_PollForConversion
                0x08005334      0x20c build/stm32f1xx_hal_adc.o
                0x08005334                HAL_ADC_PollForConversion
 .text.HAL_ADC_GetValue
                0x08005540       0x18 build/stm32f1xx_hal_adc.o
                0x08005540                HAL_ADC_GetValue
 .text.HAL_ADC_ConfigChannel
                0x08005558      0x1f0 build/stm32f1xx_hal_adc.o
                0x08005558                HAL_ADC_ConfigChannel
 .text.ADC_Enable
                0x08005748       0xb4 build/stm32f1xx_hal_adc.o
                0x08005748                ADC_Enable
 .text.ADC_ConversionStop_Disable
                0x080057fc       0x82 build/stm32f1xx_hal_adc.o
                0x080057fc                ADC_ConversionStop_Disable
 *fill*         0x0800587e        0x2 
 .text.Reset_Handler
                0x08005880       0x48 build/startup_stm32f103xb.o
                0x08005880                Reset_Handler
 .text.Default_Handler
                0x080058c8        0x2 build/startup_stm32f103xb.o
                0x080058c8                RTC_Alarm_IRQHandler
                0x080058c8                EXTI2_IRQHandler
                0x080058c8                TIM1_CC_IRQHandler
                0x080058c8                PVD_IRQHandler
                0x080058c8                EXTI3_IRQHandler
                0x080058c8                EXTI0_IRQHandler
                0x080058c8                I2C2_EV_IRQHandler
                0x080058c8                ADC1_2_IRQHandler
                0x080058c8                SPI1_IRQHandler
                0x080058c8                TAMPER_IRQHandler
                0x080058c8                DMA1_Channel4_IRQHandler
                0x080058c8                USART3_IRQHandler
                0x080058c8                RTC_IRQHandler
                0x080058c8                DMA1_Channel7_IRQHandler
                0x080058c8                CAN1_RX1_IRQHandler
                0x080058c8                I2C1_EV_IRQHandler
                0x080058c8                DMA1_Channel6_IRQHandler
                0x080058c8                TIM3_IRQHandler
                0x080058c8                RCC_IRQHandler
                0x080058c8                TIM1_TRG_COM_IRQHandler
                0x080058c8                DMA1_Channel1_IRQHandler
                0x080058c8                Default_Handler
                0x080058c8                EXTI15_10_IRQHandler
                0x080058c8                EXTI9_5_IRQHandler
                0x080058c8                SPI2_IRQHandler
                0x080058c8                DMA1_Channel5_IRQHandler
                0x080058c8                EXTI4_IRQHandler
                0x080058c8                USB_LP_CAN1_RX0_IRQHandler
                0x080058c8                USB_HP_CAN1_TX_IRQHandler
                0x080058c8                DMA1_Channel3_IRQHandler
                0x080058c8                TIM1_UP_IRQHandler
                0x080058c8                WWDG_IRQHandler
                0x080058c8                TIM2_IRQHandler
                0x080058c8                TIM1_BRK_IRQHandler
                0x080058c8                EXTI1_IRQHandler
                0x080058c8                USART2_IRQHandler
                0x080058c8                I2C2_ER_IRQHandler
                0x080058c8                DMA1_Channel2_IRQHandler
                0x080058c8                CAN1_SCE_IRQHandler
                0x080058c8                FLASH_IRQHandler
                0x080058c8                USART1_IRQHandler
                0x080058c8                I2C1_ER_IRQHandler
                0x080058c8                USBWakeUp_IRQHandler
 *fill*         0x080058ca        0x2 
 .text.__libc_init_array
                0x080058cc       0x48 c:/arm-gcc/tools/gcc-arm-none-eabi-10-2020-q4-major/bin/../lib/gcc/arm-none-eabi/10.3.1/../../../../arm-none-eabi/lib/thumb/v7-m/nofp\libc_nano.a(lib_a-init.o)
                0x080058cc                __libc_init_array
 .text.__itoa   0x08005914       0x30 c:/arm-gcc/tools/gcc-arm-none-eabi-10-2020-q4-major/bin/../lib/gcc/arm-none-eabi/10.3.1/../../../../arm-none-eabi/lib/thumb/v7-m/nofp\libc_nano.a(lib_a-itoa.o)
                0x08005914                __itoa
 .text.itoa     0x08005944        0x4 c:/arm-gcc/tools/gcc-arm-none-eabi-10-2020-q4-major/bin/../lib/gcc/arm-none-eabi/10.3.1/../../../../arm-none-eabi/lib/thumb/v7-m/nofp\libc_nano.a(lib_a-itoa.o)
                0x08005944                itoa
 .text.memset   0x08005948       0x10 c:/arm-gcc/tools/gcc-arm-none-eabi-10-2020-q4-major/bin/../lib/gcc/arm-none-eabi/10.3.1/../../../../arm-none-eabi/lib/thumb/v7-m/nofp\libc_nano.a(lib_a-memset.o)
                0x08005948                memset
 .text.__utoa   0x08005958       0x84 c:/arm-gcc/tools/gcc-arm-none-eabi-10-2020-q4-major/bin/../lib/gcc/arm-none-eabi/10.3.1/../../../../arm-none-eabi/lib/thumb/v7-m/nofp\libc_nano.a(lib_a-utoa.o)
                0x08005958                __utoa
 *(.glue_7)
 .glue_7        0x080059dc        0x0 linker stubs
 *(.glue_7t)
 .glue_7t       0x080059dc        0x0 linker stubs
 *(.eh_frame)
 .eh_frame      0x080059dc        0x0 c:/arm-gcc/tools/gcc-arm-none-eabi-10-2020-q4-major/bin/../lib/gcc/arm-none-eabi/10.3.1/thumb/v7-m/nofp/crtbegin.o
 *(.init)
 .init          0x080059dc        0x4 c:/arm-gcc/tools/gcc-arm-none-eabi-10-2020-q4-major/bin/../lib/gcc/arm-none-eabi/10.3.1/thumb/v7-m/nofp/crti.o
                0x080059dc                _init
 .init          0x080059e0        0x8 c:/arm-gcc/tools/gcc-arm-none-eabi-10-2020-q4-major/bin/../lib/gcc/arm-none-eabi/10.3.1/thumb/v7-m/nofp/crtn.o
 *(.fini)
 .fini          0x080059e8        0x4 c:/arm-gcc/tools/gcc-arm-none-eabi-10-2020-q4-major/bin/../lib/gcc/arm-none-eabi/10.3.1/thumb/v7-m/nofp/crti.o
                0x080059e8                _fini
 .fini          0x080059ec        0x8 c:/arm-gcc/tools/gcc-arm-none-eabi-10-2020-q4-major/bin/../lib/gcc/arm-none-eabi/10.3.1/thumb/v7-m/nofp/crtn.o
                0x080059f4                . = ALIGN (0x4)
                0x080059f4                _etext = .

.vfp11_veneer   0x080059f4        0x0
 .vfp11_veneer  0x080059f4        0x0 linker stubs

.v4_bx          0x080059f4        0x0
 .v4_bx         0x080059f4        0x0 linker stubs

.iplt           0x080059f4        0x0
 .iplt          0x080059f4        0x0 c:/arm-gcc/tools/gcc-arm-none-eabi-10-2020-q4-major/bin/../lib/gcc/arm-none-eabi/10.3.1/thumb/v7-m/nofp/crtbegin.o

.rodata         0x080059f4      0x810
                0x080059f4                . = ALIGN (0x4)
 *(.rodata)
 .rodata        0x080059f4       0x41 build/main.o
 *fill*         0x08005a35        0x3 
 .rodata        0x08005a38       0x10 build/stm32f1xx_hal_rcc.o
 .rodata        0x08005a48       0x10 build/stm32f1xx_hal_rcc_ex.o
 *(.rodata*)
 .rodata.Font7x10
                0x08005a58      0x76c build/fonts.o
                0x08005a58                Font7x10
 .rodata.AHBPrescTable
                0x080061c4       0x10 build/system_stm32f1xx.o
                0x080061c4                AHBPrescTable
 .rodata.APBPrescTable
                0x080061d4        0x8 build/system_stm32f1xx.o
                0x080061d4                APBPrescTable
 .rodata.__utoa.str1.1
                0x080061dc       0x25 c:/arm-gcc/tools/gcc-arm-none-eabi-10-2020-q4-major/bin/../lib/gcc/arm-none-eabi/10.3.1/../../../../arm-none-eabi/lib/thumb/v7-m/nofp\libc_nano.a(lib_a-utoa.o)
                0x08006204                . = ALIGN (0x4)
 *fill*         0x08006201        0x3 

.rel.dyn        0x08006204        0x0
 .rel.iplt      0x08006204        0x0 c:/arm-gcc/tools/gcc-arm-none-eabi-10-2020-q4-major/bin/../lib/gcc/arm-none-eabi/10.3.1/thumb/v7-m/nofp/crtbegin.o

.ARM.extab
 *(.ARM.extab* .gnu.linkonce.armextab.*)

.ARM            0x08006204        0x0
                0x08006204                __exidx_start = .
 *(.ARM.exidx*)
                0x08006204                __exidx_end = .

.preinit_array  0x08006204        0x0
                0x08006204                PROVIDE (__preinit_array_start = .)
 *(.preinit_array*)
                0x08006204                PROVIDE (__preinit_array_end = .)

.init_array     0x08006204        0x4
                0x08006204                PROVIDE (__init_array_start = .)
 *(SORT_BY_NAME(.init_array.*))
 *(.init_array*)
 .init_array    0x08006204        0x4 c:/arm-gcc/tools/gcc-arm-none-eabi-10-2020-q4-major/bin/../lib/gcc/arm-none-eabi/10.3.1/thumb/v7-m/nofp/crtbegin.o
                0x08006208                PROVIDE (__init_array_end = .)

.fini_array     0x08006208        0x4
                [!provide]                PROVIDE (__fini_array_start = .)
 *(SORT_BY_NAME(.fini_array.*))
 *(.fini_array*)
 .fini_array    0x08006208        0x4 c:/arm-gcc/tools/gcc-arm-none-eabi-10-2020-q4-major/bin/../lib/gcc/arm-none-eabi/10.3.1/thumb/v7-m/nofp/crtbegin.o
                [!provide]                PROVIDE (__fini_array_end = .)
                0x0800620c                _sidata = LOADADDR (.data)

.data           0x20000000       0x18 load address 0x0800620c
                0x20000000                . = ALIGN (0x4)
                0x20000000                _sdata = .
 *(.data)
 *(.data*)
 .data.StepAlta
                0x20000000        0x1 build/main.o
                0x20000000                StepAlta
 *fill*         0x20000001        0x3 
 .data.Font_7x10
                0x20000004        0x8 build/fonts.o
                0x20000004                Font_7x10
 .data.uwTickPrio
                0x2000000c        0x4 build/stm32f1xx_hal.o
                0x2000000c                uwTickPrio
 .data.uwTickFreq
                0x20000010        0x1 build/stm32f1xx_hal.o
                0x20000010                uwTickFreq
 *fill*         0x20000011        0x3 
 .data.SystemCoreClock
                0x20000014        0x4 build/system_stm32f1xx.o
                0x20000014                SystemCoreClock
                0x20000018                . = ALIGN (0x4)
                0x20000018                _edata = .

.igot.plt       0x20000018        0x0 load address 0x08006224
 .igot.plt      0x20000018        0x0 c:/arm-gcc/tools/gcc-arm-none-eabi-10-2020-q4-major/bin/../lib/gcc/arm-none-eabi/10.3.1/thumb/v7-m/nofp/crtbegin.o
                0x20000018                . = ALIGN (0x4)

.bss            0x20000018      0x58c load address 0x08006224
                0x20000018                _sbss = .
                0x20000018                __bss_start__ = _sbss
 *(.bss)
 .bss           0x20000018       0x1c c:/arm-gcc/tools/gcc-arm-none-eabi-10-2020-q4-major/bin/../lib/gcc/arm-none-eabi/10.3.1/thumb/v7-m/nofp/crtbegin.o
 *(.bss*)
 .bss.hadc1     0x20000034       0x30 build/main.o
                0x20000034                hadc1
 .bss.hi2c1     0x20000064       0x54 build/main.o
                0x20000064                hi2c1
 .bss.htim2     0x200000b8       0x48 build/main.o
                0x200000b8                htim2
 .bss.htim4     0x20000100       0x48 build/main.o
                0x20000100                htim4
 .bss.MenuAtual
                0x20000148        0x4 build/main.o
                0x20000148                MenuAtual
 .bss.counterOpcao
                0x2000014c        0x4 build/main.o
                0x2000014c                counterOpcao
 .bss.counterPrev
                0x20000150        0x4 build/main.o
                0x20000150                counterPrev
 .bss.txtCounter
                0x20000154        0xa build/main.o
                0x20000154                txtCounter
 *fill*         0x2000015e        0x2 
 .bss.TempVolts
                0x20000160        0x4 build/main.o
                0x20000160                TempVolts
 .bss.TempCelsius
                0x20000164        0x4 build/main.o
                0x20000164                TempCelsius
 .bss.setpoint  0x20000168        0x4 build/main.o
                0x20000168                setpoint
 .bss.kp        0x2000016c        0x4 build/main.o
                0x2000016c                kp
 .bss.ki        0x20000170        0x4 build/main.o
                0x20000170                ki
 .bss.kd        0x20000174        0x4 build/main.o
                0x20000174                kd
 .bss.y         0x20000178        0x4 build/main.o
                0x20000178                y
 .bss.erroAnt   0x2000017c        0x4 build/main.o
                0x2000017c                erroAnt
 .bss.Ts        0x20000180        0x4 build/main.o
                0x20000180                Ts
 .bss.yiAnt     0x20000184        0x4 build/main.o
                0x20000184                yiAnt
 .bss.ydAnt     0x20000188        0x4 build/main.o
                0x20000188                ydAnt
 .bss.Nd        0x2000018c        0x4 build/main.o
                0x2000018c                Nd
 .bss.yPWM      0x20000190        0x4 build/main.o
                0x20000190                yPWM
 .bss.tim4ms    0x20000194        0x4 build/main.o
                0x20000194                tim4ms
 .bss.SSD1306_Buffer
                0x20000198      0x400 build/ssd1306.o
 .bss.SSD1306   0x20000598        0x6 build/ssd1306.o
 *fill*         0x2000059e        0x2 
 .bss.uwTick    0x200005a0        0x4 build/stm32f1xx_hal.o
                0x200005a0                uwTick
 *(COMMON)
                0x200005a4                . = ALIGN (0x4)
                0x200005a4                _ebss = .
                0x200005a4                __bss_end__ = _ebss

._user_heap_stack
                0x200005a4      0x604 load address 0x08006224
                0x200005a8                . = ALIGN (0x8)
 *fill*         0x200005a4        0x4 
                [!provide]                PROVIDE (end = .)
                [!provide]                PROVIDE (_end = .)
                0x200007a8                . = (. + _Min_Heap_Size)
 *fill*         0x200005a8      0x200 
                0x20000ba8                . = (. + _Min_Stack_Size)
 *fill*         0x200007a8      0x400 
                0x20000ba8                . = ALIGN (0x8)

/DISCARD/
 libc.a(*)
 libm.a(*)
 libgcc.a(*)

.ARM.attributes
                0x00000000       0x29
 *(.ARM.attributes)
 .ARM.attributes
                0x00000000       0x1d c:/arm-gcc/tools/gcc-arm-none-eabi-10-2020-q4-major/bin/../lib/gcc/arm-none-eabi/10.3.1/thumb/v7-m/nofp/crti.o
 .ARM.attributes
                0x0000001d       0x2d c:/arm-gcc/tools/gcc-arm-none-eabi-10-2020-q4-major/bin/../lib/gcc/arm-none-eabi/10.3.1/thumb/v7-m/nofp/crtbegin.o
 .ARM.attributes
                0x0000004a       0x2d build/main.o
 .ARM.attributes
                0x00000077       0x2d build/ssd1306.o
 .ARM.attributes
                0x000000a4       0x2d build/fonts.o
 .ARM.attributes
                0x000000d1       0x2d build/stm32f1xx_it.o
 .ARM.attributes
                0x000000fe       0x2d build/stm32f1xx_hal_msp.o
 .ARM.attributes
                0x0000012b       0x2d build/stm32f1xx_hal_tim.o
 .ARM.attributes
                0x00000158       0x2d build/stm32f1xx_hal_tim_ex.o
 .ARM.attributes
                0x00000185       0x2d build/stm32f1xx_hal.o
 .ARM.attributes
                0x000001b2       0x2d build/stm32f1xx_hal_rcc.o
 .ARM.attributes
                0x000001df       0x2d build/stm32f1xx_hal_rcc_ex.o
 .ARM.attributes
                0x0000020c       0x2d build/stm32f1xx_hal_gpio.o
 .ARM.attributes
                0x00000239       0x2d build/stm32f1xx_hal_cortex.o
 .ARM.attributes
                0x00000266       0x2d build/system_stm32f1xx.o
 .ARM.attributes
                0x00000293       0x2d build/stm32f1xx_hal_i2c.o
 .ARM.attributes
                0x000002c0       0x2d build/stm32f1xx_hal_adc.o
 .ARM.attributes
                0x000002ed       0x21 build/startup_stm32f103xb.o
 .ARM.attributes
                0x0000030e       0x2d c:/arm-gcc/tools/gcc-arm-none-eabi-10-2020-q4-major/bin/../lib/gcc/arm-none-eabi/10.3.1/../../../../arm-none-eabi/lib/thumb/v7-m/nofp\libc_nano.a(lib_a-init.o)
 .ARM.attributes
                0x0000033b       0x2d c:/arm-gcc/tools/gcc-arm-none-eabi-10-2020-q4-major/bin/../lib/gcc/arm-none-eabi/10.3.1/../../../../arm-none-eabi/lib/thumb/v7-m/nofp\libc_nano.a(lib_a-itoa.o)
 .ARM.attributes
                0x00000368       0x2d c:/arm-gcc/tools/gcc-arm-none-eabi-10-2020-q4-major/bin/../lib/gcc/arm-none-eabi/10.3.1/../../../../arm-none-eabi/lib/thumb/v7-m/nofp\libc_nano.a(lib_a-memset.o)
 .ARM.attributes
                0x00000395       0x2d c:/arm-gcc/tools/gcc-arm-none-eabi-10-2020-q4-major/bin/../lib/gcc/arm-none-eabi/10.3.1/../../../../arm-none-eabi/lib/thumb/v7-m/nofp\libc_nano.a(lib_a-utoa.o)
 .ARM.attributes
                0x000003c2       0x1d c:/arm-gcc/tools/gcc-arm-none-eabi-10-2020-q4-major/bin/../lib/gcc/arm-none-eabi/10.3.1/thumb/v7-m/nofp\libgcc.a(_arm_addsubdf3.o)
 .ARM.attributes
                0x000003df       0x1d c:/arm-gcc/tools/gcc-arm-none-eabi-10-2020-q4-major/bin/../lib/gcc/arm-none-eabi/10.3.1/thumb/v7-m/nofp\libgcc.a(_arm_muldivdf3.o)
 .ARM.attributes
                0x000003fc       0x1d c:/arm-gcc/tools/gcc-arm-none-eabi-10-2020-q4-major/bin/../lib/gcc/arm-none-eabi/10.3.1/thumb/v7-m/nofp\libgcc.a(_arm_truncdfsf2.o)
 .ARM.attributes
                0x00000419       0x1d c:/arm-gcc/tools/gcc-arm-none-eabi-10-2020-q4-major/bin/../lib/gcc/arm-none-eabi/10.3.1/thumb/v7-m/nofp\libgcc.a(_arm_addsubsf3.o)
 .ARM.attributes
                0x00000436       0x1d c:/arm-gcc/tools/gcc-arm-none-eabi-10-2020-q4-major/bin/../lib/gcc/arm-none-eabi/10.3.1/thumb/v7-m/nofp\libgcc.a(_arm_muldivsf3.o)
 .ARM.attributes
                0x00000453       0x1d c:/arm-gcc/tools/gcc-arm-none-eabi-10-2020-q4-major/bin/../lib/gcc/arm-none-eabi/10.3.1/thumb/v7-m/nofp\libgcc.a(_arm_cmpsf2.o)
 .ARM.attributes
                0x00000470       0x1d c:/arm-gcc/tools/gcc-arm-none-eabi-10-2020-q4-major/bin/../lib/gcc/arm-none-eabi/10.3.1/thumb/v7-m/nofp\libgcc.a(_arm_fixsfsi.o)
 .ARM.attributes
                0x0000048d       0x1d c:/arm-gcc/tools/gcc-arm-none-eabi-10-2020-q4-major/bin/../lib/gcc/arm-none-eabi/10.3.1/thumb/v7-m/nofp\libgcc.a(_arm_fixunssfsi.o)
 .ARM.attributes
                0x000004aa       0x1d c:/arm-gcc/tools/gcc-arm-none-eabi-10-2020-q4-major/bin/../lib/gcc/arm-none-eabi/10.3.1/thumb/v7-m/nofp/crtn.o
OUTPUT(build/hellobluepill.elf elf32-littlearm)
LOAD linker stubs
LOAD c:/arm-gcc/tools/gcc-arm-none-eabi-10-2020-q4-major/bin/../lib/gcc/arm-none-eabi/10.3.1/../../../../arm-none-eabi/lib/thumb/v7-m/nofp\libc.a
LOAD c:/arm-gcc/tools/gcc-arm-none-eabi-10-2020-q4-major/bin/../lib/gcc/arm-none-eabi/10.3.1/../../../../arm-none-eabi/lib/thumb/v7-m/nofp\libm.a
LOAD c:/arm-gcc/tools/gcc-arm-none-eabi-10-2020-q4-major/bin/../lib/gcc/arm-none-eabi/10.3.1/thumb/v7-m/nofp\libgcc.a

.debug_info     0x00000000     0xe4c6
 .debug_info    0x00000000     0x1603 build/main.o
 .debug_info    0x00001603     0x1195 build/ssd1306.o
 .debug_info    0x00002798      0x265 build/fonts.o
 .debug_info    0x000029fd      0x777 build/stm32f1xx_it.o
 .debug_info    0x00003174     0x120f build/stm32f1xx_hal_msp.o
 .debug_info    0x00004383     0x2c6e build/stm32f1xx_hal_tim.o
 .debug_info    0x00006ff1     0x155d build/stm32f1xx_hal_tim_ex.o
 .debug_info    0x0000854e      0x798 build/stm32f1xx_hal.o
 .debug_info    0x00008ce6      0x8cb build/stm32f1xx_hal_rcc.o
 .debug_info    0x000095b1      0x3f5 build/stm32f1xx_hal_rcc_ex.o
 .debug_info    0x000099a6      0x67d build/stm32f1xx_hal_gpio.o
 .debug_info    0x0000a023      0xbf5 build/stm32f1xx_hal_cortex.o
 .debug_info    0x0000ac18      0x261 build/system_stm32f1xx.o
 .debug_info    0x0000ae79     0x28b6 build/stm32f1xx_hal_i2c.o
 .debug_info    0x0000d72f      0xd75 build/stm32f1xx_hal_adc.o
 .debug_info    0x0000e4a4       0x22 build/startup_stm32f103xb.o

.debug_abbrev   0x00000000     0x1d7e
 .debug_abbrev  0x00000000      0x29d build/main.o
 .debug_abbrev  0x0000029d      0x2c9 build/ssd1306.o
 .debug_abbrev  0x00000566       0xf2 build/fonts.o
 .debug_abbrev  0x00000658      0x15b build/stm32f1xx_it.o
 .debug_abbrev  0x000007b3      0x1d8 build/stm32f1xx_hal_msp.o
 .debug_abbrev  0x0000098b      0x230 build/stm32f1xx_hal_tim.o
 .debug_abbrev  0x00000bbb      0x238 build/stm32f1xx_hal_tim_ex.o
 .debug_abbrev  0x00000df3      0x1c7 build/stm32f1xx_hal.o
 .debug_abbrev  0x00000fba      0x25f build/stm32f1xx_hal_rcc.o
 .debug_abbrev  0x00001219      0x16c build/stm32f1xx_hal_rcc_ex.o
 .debug_abbrev  0x00001385      0x1ba build/stm32f1xx_hal_gpio.o
 .debug_abbrev  0x0000153f      0x2ca build/stm32f1xx_hal_cortex.o
 .debug_abbrev  0x00001809      0x13a build/system_stm32f1xx.o
 .debug_abbrev  0x00001943      0x25b build/stm32f1xx_hal_i2c.o
 .debug_abbrev  0x00001b9e      0x1ce build/stm32f1xx_hal_adc.o
 .debug_abbrev  0x00001d6c       0x12 build/startup_stm32f103xb.o

.debug_loc      0x00000000     0x81f3
 .debug_loc     0x00000000      0x31c build/main.o
 .debug_loc     0x0000031c      0x863 build/ssd1306.o
 .debug_loc     0x00000b7f       0x50 build/fonts.o
 .debug_loc     0x00000bcf      0x200 build/stm32f1xx_it.o
 .debug_loc     0x00000dcf      0x28c build/stm32f1xx_hal_msp.o
 .debug_loc     0x0000105b     0x27a0 build/stm32f1xx_hal_tim.o
 .debug_loc     0x000037fb      0xdc8 build/stm32f1xx_hal_tim_ex.o
 .debug_loc     0x000045c3      0x698 build/stm32f1xx_hal.o
 .debug_loc     0x00004c5b      0x444 build/stm32f1xx_hal_rcc.o
 .debug_loc     0x0000509f       0xfe build/stm32f1xx_hal_rcc_ex.o
 .debug_loc     0x0000519d      0x2d4 build/stm32f1xx_hal_gpio.o
 .debug_loc     0x00005471      0x8f8 build/stm32f1xx_hal_cortex.o
 .debug_loc     0x00005d69       0xa0 build/system_stm32f1xx.o
 .debug_loc     0x00005e09     0x1af6 build/stm32f1xx_hal_i2c.o
 .debug_loc     0x000078ff      0x8f4 build/stm32f1xx_hal_adc.o

.debug_aranges  0x00000000      0xe60
 .debug_aranges
                0x00000000       0x78 build/main.o
 .debug_aranges
                0x00000078       0xf8 build/ssd1306.o
 .debug_aranges
                0x00000170       0x20 build/fonts.o
 .debug_aranges
                0x00000190       0x68 build/stm32f1xx_it.o
 .debug_aranges
                0x000001f8       0x58 build/stm32f1xx_hal_msp.o
 .debug_aranges
                0x00000250      0x3d0 build/stm32f1xx_hal_tim.o
 .debug_aranges
                0x00000620      0x168 build/stm32f1xx_hal_tim_ex.o
 .debug_aranges
                0x00000788       0xe0 build/stm32f1xx_hal.o
 .debug_aranges
                0x00000868       0x90 build/stm32f1xx_hal_rcc.o
 .debug_aranges
                0x000008f8       0x30 build/stm32f1xx_hal_rcc_ex.o
 .debug_aranges
                0x00000928       0x58 build/stm32f1xx_hal_gpio.o
 .debug_aranges
                0x00000980      0x100 build/stm32f1xx_hal_cortex.o
 .debug_aranges
                0x00000a80       0x28 build/system_stm32f1xx.o
 .debug_aranges
                0x00000aa8      0x2a0 build/stm32f1xx_hal_i2c.o
 .debug_aranges
                0x00000d48       0xf0 build/stm32f1xx_hal_adc.o
 .debug_aranges
                0x00000e38       0x28 build/startup_stm32f103xb.o

.debug_ranges   0x00000000      0xd90
 .debug_ranges  0x00000000       0x68 build/main.o
 .debug_ranges  0x00000068       0xe8 build/ssd1306.o
 .debug_ranges  0x00000150       0x10 build/fonts.o
 .debug_ranges  0x00000160       0x58 build/stm32f1xx_it.o
 .debug_ranges  0x000001b8       0x48 build/stm32f1xx_hal_msp.o
 .debug_ranges  0x00000200      0x3c0 build/stm32f1xx_hal_tim.o
 .debug_ranges  0x000005c0      0x158 build/stm32f1xx_hal_tim_ex.o
 .debug_ranges  0x00000718       0xd0 build/stm32f1xx_hal.o
 .debug_ranges  0x000007e8       0x80 build/stm32f1xx_hal_rcc.o
 .debug_ranges  0x00000868       0x20 build/stm32f1xx_hal_rcc_ex.o
 .debug_ranges  0x00000888       0x48 build/stm32f1xx_hal_gpio.o
 .debug_ranges  0x000008d0       0xf0 build/stm32f1xx_hal_cortex.o
 .debug_ranges  0x000009c0       0x18 build/system_stm32f1xx.o
 .debug_ranges  0x000009d8      0x2b8 build/stm32f1xx_hal_i2c.o
 .debug_ranges  0x00000c90       0xe0 build/stm32f1xx_hal_adc.o
 .debug_ranges  0x00000d70       0x20 build/startup_stm32f103xb.o

.debug_line     0x00000000     0xb822
 .debug_line    0x00000000      0x6a3 build/main.o
 .debug_line    0x000006a3      0x981 build/ssd1306.o
 .debug_line    0x00001024      0x130 build/fonts.o
 .debug_line    0x00001154      0x280 build/stm32f1xx_it.o
 .debug_line    0x000013d4      0x325 build/stm32f1xx_hal_msp.o
 .debug_line    0x000016f9     0x2e32 build/stm32f1xx_hal_tim.o
 .debug_line    0x0000452b     0x13be build/stm32f1xx_hal_tim_ex.o
 .debug_line    0x000058e9      0x48c build/stm32f1xx_hal.o
 .debug_line    0x00005d75      0x8ce build/stm32f1xx_hal_rcc.o
 .debug_line    0x00006643      0x3b4 build/stm32f1xx_hal_rcc_ex.o
 .debug_line    0x000069f7      0x4ee build/stm32f1xx_hal_gpio.o
 .debug_line    0x00006ee5      0x622 build/stm32f1xx_hal_cortex.o
 .debug_line    0x00007507      0x1ff build/system_stm32f1xx.o
 .debug_line    0x00007706     0x35a1 build/stm32f1xx_hal_i2c.o
 .debug_line    0x0000aca7      0xb09 build/stm32f1xx_hal_adc.o
 .debug_line    0x0000b7b0       0x72 build/startup_stm32f103xb.o

.debug_str      0x00000000     0x40de
 .debug_str     0x00000000      0xe5a build/main.o
                                0xf4d (size before relaxing)
 .debug_str     0x00000e5a      0x331 build/ssd1306.o
                                0x972 (size before relaxing)
 .debug_str     0x0000118b       0x70 build/fonts.o
                                0x228 (size before relaxing)
 .debug_str     0x000011fb       0xb8 build/stm32f1xx_it.o
                                0x6d2 (size before relaxing)
 .debug_str     0x000012b3      0x3c4 build/stm32f1xx_hal_msp.o
                                0xe38 (size before relaxing)
 .debug_str     0x00001677      0xde9 build/stm32f1xx_hal_tim.o
                               0x15c3 (size before relaxing)
 .debug_str     0x00002460      0x578 build/stm32f1xx_hal_tim_ex.o
                                0xd74 (size before relaxing)
 .debug_str     0x000029d8      0x2ee build/stm32f1xx_hal.o
                                0x7bd (size before relaxing)
 .debug_str     0x00002cc6      0x224 build/stm32f1xx_hal_rcc.o
                                0x5e2 (size before relaxing)
 .debug_str     0x00002eea       0xb6 build/stm32f1xx_hal_rcc_ex.o
                                0x390 (size before relaxing)
 .debug_str     0x00002fa0      0x139 build/stm32f1xx_hal_gpio.o
                                0x3de (size before relaxing)
 .debug_str     0x000030d9      0x407 build/stm32f1xx_hal_cortex.o
                                0x8b1 (size before relaxing)
 .debug_str     0x000034e0       0x4f build/system_stm32f1xx.o
                                0x232 (size before relaxing)
 .debug_str     0x0000352f      0x89b build/stm32f1xx_hal_i2c.o
                                0xf42 (size before relaxing)
 .debug_str     0x00003dca      0x2f0 build/stm32f1xx_hal_adc.o
                                0x848 (size before relaxing)
 .debug_str     0x000040ba       0x24 build/startup_stm32f103xb.o
                                 0x51 (size before relaxing)

.comment        0x00000000       0x49
 .comment       0x00000000       0x49 build/main.o
                                 0x4a (size before relaxing)
 .comment       0x00000049       0x4a build/ssd1306.o
 .comment       0x00000049       0x4a build/fonts.o
 .comment       0x00000049       0x4a build/stm32f1xx_it.o
 .comment       0x00000049       0x4a build/stm32f1xx_hal_msp.o
 .comment       0x00000049       0x4a build/stm32f1xx_hal_tim.o
 .comment       0x00000049       0x4a build/stm32f1xx_hal_tim_ex.o
 .comment       0x00000049       0x4a build/stm32f1xx_hal.o
 .comment       0x00000049       0x4a build/stm32f1xx_hal_rcc.o
 .comment       0x00000049       0x4a build/stm32f1xx_hal_rcc_ex.o
 .comment       0x00000049       0x4a build/stm32f1xx_hal_gpio.o
 .comment       0x00000049       0x4a build/stm32f1xx_hal_cortex.o
 .comment       0x00000049       0x4a build/system_stm32f1xx.o
 .comment       0x00000049       0x4a build/stm32f1xx_hal_i2c.o
 .comment       0x00000049       0x4a build/stm32f1xx_hal_adc.o

.debug_frame    0x00000000     0x3fb8
 .debug_frame   0x00000000      0x1a0 build/main.o
 .debug_frame   0x000001a0      0x414 build/ssd1306.o
 .debug_frame   0x000005b4       0x38 build/fonts.o
 .debug_frame   0x000005ec      0x120 build/stm32f1xx_it.o
 .debug_frame   0x0000070c      0x134 build/stm32f1xx_hal_msp.o
 .debug_frame   0x00000840     0x11b8 build/stm32f1xx_hal_tim.o
 .debug_frame   0x000019f8      0x638 build/stm32f1xx_hal_tim_ex.o
 .debug_frame   0x00002030      0x334 build/stm32f1xx_hal.o
 .debug_frame   0x00002364      0x21c build/stm32f1xx_hal_rcc.o
 .debug_frame   0x00002580       0x84 build/stm32f1xx_hal_rcc_ex.o
 .debug_frame   0x00002604      0x14c build/stm32f1xx_hal_gpio.o
 .debug_frame   0x00002750      0x428 build/stm32f1xx_hal_cortex.o
 .debug_frame   0x00002b78       0x58 build/system_stm32f1xx.o
 .debug_frame   0x00002bd0      0xc5c build/stm32f1xx_hal_i2c.o
 .debug_frame   0x0000382c      0x40c build/stm32f1xx_hal_adc.o
 .debug_frame   0x00003c38       0x2c c:/arm-gcc/tools/gcc-arm-none-eabi-10-2020-q4-major/bin/../lib/gcc/arm-none-eabi/10.3.1/../../../../arm-none-eabi/lib/thumb/v7-m/nofp\libc_nano.a(lib_a-init.o)
 .debug_frame   0x00003c64       0x38 c:/arm-gcc/tools/gcc-arm-none-eabi-10-2020-q4-major/bin/../lib/gcc/arm-none-eabi/10.3.1/../../../../arm-none-eabi/lib/thumb/v7-m/nofp\libc_nano.a(lib_a-itoa.o)
 .debug_frame   0x00003c9c       0x20 c:/arm-gcc/tools/gcc-arm-none-eabi-10-2020-q4-major/bin/../lib/gcc/arm-none-eabi/10.3.1/../../../../arm-none-eabi/lib/thumb/v7-m/nofp\libc_nano.a(lib_a-memset.o)
 .debug_frame   0x00003cbc       0x48 c:/arm-gcc/tools/gcc-arm-none-eabi-10-2020-q4-major/bin/../lib/gcc/arm-none-eabi/10.3.1/../../../../arm-none-eabi/lib/thumb/v7-m/nofp\libc_nano.a(lib_a-utoa.o)
 .debug_frame   0x00003d04       0xac c:/arm-gcc/tools/gcc-arm-none-eabi-10-2020-q4-major/bin/../lib/gcc/arm-none-eabi/10.3.1/thumb/v7-m/nofp\libgcc.a(_arm_addsubdf3.o)
 .debug_frame   0x00003db0       0x50 c:/arm-gcc/tools/gcc-arm-none-eabi-10-2020-q4-major/bin/../lib/gcc/arm-none-eabi/10.3.1/thumb/v7-m/nofp\libgcc.a(_arm_muldivdf3.o)
 .debug_frame   0x00003e00       0x24 c:/arm-gcc/tools/gcc-arm-none-eabi-10-2020-q4-major/bin/../lib/gcc/arm-none-eabi/10.3.1/thumb/v7-m/nofp\libgcc.a(_arm_truncdfsf2.o)
 .debug_frame   0x00003e24       0x4c c:/arm-gcc/tools/gcc-arm-none-eabi-10-2020-q4-major/bin/../lib/gcc/arm-none-eabi/10.3.1/thumb/v7-m/nofp\libgcc.a(_arm_addsubsf3.o)
 .debug_frame   0x00003e70       0x38 c:/arm-gcc/tools/gcc-arm-none-eabi-10-2020-q4-major/bin/../lib/gcc/arm-none-eabi/10.3.1/thumb/v7-m/nofp\libgcc.a(_arm_muldivsf3.o)
 .debug_frame   0x00003ea8       0xc8 c:/arm-gcc/tools/gcc-arm-none-eabi-10-2020-q4-major/bin/../lib/gcc/arm-none-eabi/10.3.1/thumb/v7-m/nofp\libgcc.a(_arm_cmpsf2.o)
 .debug_frame   0x00003f70       0x24 c:/arm-gcc/tools/gcc-arm-none-eabi-10-2020-q4-major/bin/../lib/gcc/arm-none-eabi/10.3.1/thumb/v7-m/nofp\libgcc.a(_arm_fixsfsi.o)
 .debug_frame   0x00003f94       0x24 c:/arm-gcc/tools/gcc-arm-none-eabi-10-2020-q4-major/bin/../lib/gcc/arm-none-eabi/10.3.1/thumb/v7-m/nofp\libgcc.a(_arm_fixunssfsi.o)

Cross Reference Table

Symbol                                            File
ADC1_2_IRQHandler                                 build/startup_stm32f103xb.o
ADC_ConversionStop_Disable                        build/stm32f1xx_hal_adc.o
                                                  build/stm32f1xx_hal_adc_ex.o
ADC_DMAConvCplt                                   build/stm32f1xx_hal_adc.o
                                                  build/stm32f1xx_hal_adc_ex.o
ADC_DMAError                                      build/stm32f1xx_hal_adc.o
                                                  build/stm32f1xx_hal_adc_ex.o
ADC_DMAHalfConvCplt                               build/stm32f1xx_hal_adc.o
                                                  build/stm32f1xx_hal_adc_ex.o
ADC_Enable                                        build/stm32f1xx_hal_adc.o
                                                  build/stm32f1xx_hal_adc_ex.o
AHBPrescTable                                     build/system_stm32f1xx.o
                                                  build/stm32f1xx_hal_rcc.o
APBPrescTable                                     build/system_stm32f1xx.o
                                                  build/stm32f1xx_hal_rcc.o
BusFault_Handler                                  build/stm32f1xx_it.o
CAN1_RX1_IRQHandler                               build/startup_stm32f103xb.o
CAN1_SCE_IRQHandler                               build/startup_stm32f103xb.o
ClickHandler                                      build/main.o
DMA1_Channel1_IRQHandler                          build/startup_stm32f103xb.o
DMA1_Channel2_IRQHandler                          build/startup_stm32f103xb.o
DMA1_Channel3_IRQHandler                          build/startup_stm32f103xb.o
DMA1_Channel4_IRQHandler                          build/startup_stm32f103xb.o
DMA1_Channel5_IRQHandler                          build/startup_stm32f103xb.o
DMA1_Channel6_IRQHandler                          build/startup_stm32f103xb.o
DMA1_Channel7_IRQHandler                          build/startup_stm32f103xb.o
DebugMon_Handler                                  build/stm32f1xx_it.o
Default_Handler                                   build/startup_stm32f103xb.o
EXTI0_IRQHandler                                  build/startup_stm32f103xb.o
EXTI15_10_IRQHandler                              build/startup_stm32f103xb.o
EXTI1_IRQHandler                                  build/startup_stm32f103xb.o
EXTI2_IRQHandler                                  build/startup_stm32f103xb.o
EXTI3_IRQHandler                                  build/startup_stm32f103xb.o
EXTI4_IRQHandler                                  build/startup_stm32f103xb.o
EXTI9_5_IRQHandler                                build/startup_stm32f103xb.o
Error_Handler                                     build/main.o
FLASH_IRQHandler                                  build/startup_stm32f103xb.o
FLASH_PageErase                                   build/stm32f1xx_hal_flash_ex.o
                                                  build/stm32f1xx_hal_flash.o
FLASH_WaitForLastOperation                        build/stm32f1xx_hal_flash.o
                                                  build/stm32f1xx_hal_flash_ex.o
FONTS_GetStringSize                               build/fonts.o
Font11x18                                         build/fonts.o
Font16x26                                         build/fonts.o
Font7x10                                          build/fonts.o
Font_11x18                                        build/fonts.o
Font_16x26                                        build/fonts.o
Font_7x10                                         build/fonts.o
                                                  build/main.o
HAL_ADCEx_Calibration_Start                       build/stm32f1xx_hal_adc_ex.o
HAL_ADCEx_InjectedConfigChannel                   build/stm32f1xx_hal_adc_ex.o
HAL_ADCEx_InjectedConvCpltCallback                build/stm32f1xx_hal_adc_ex.o
                                                  build/stm32f1xx_hal_adc.o
HAL_ADCEx_InjectedGetValue                        build/stm32f1xx_hal_adc_ex.o
HAL_ADCEx_InjectedPollForConversion               build/stm32f1xx_hal_adc_ex.o
HAL_ADCEx_InjectedStart                           build/stm32f1xx_hal_adc_ex.o
HAL_ADCEx_InjectedStart_IT                        build/stm32f1xx_hal_adc_ex.o
HAL_ADCEx_InjectedStop                            build/stm32f1xx_hal_adc_ex.o
HAL_ADCEx_InjectedStop_IT                         build/stm32f1xx_hal_adc_ex.o
HAL_ADCEx_MultiModeConfigChannel                  build/stm32f1xx_hal_adc_ex.o
HAL_ADCEx_MultiModeGetValue                       build/stm32f1xx_hal_adc_ex.o
HAL_ADCEx_MultiModeStart_DMA                      build/stm32f1xx_hal_adc_ex.o
HAL_ADCEx_MultiModeStop_DMA                       build/stm32f1xx_hal_adc_ex.o
HAL_ADC_AnalogWDGConfig                           build/stm32f1xx_hal_adc.o
HAL_ADC_ConfigChannel                             build/stm32f1xx_hal_adc.o
                                                  build/main.o
HAL_ADC_ConvCpltCallback                          build/stm32f1xx_hal_adc.o
HAL_ADC_ConvHalfCpltCallback                      build/stm32f1xx_hal_adc.o
HAL_ADC_DeInit                                    build/stm32f1xx_hal_adc.o
HAL_ADC_ErrorCallback                             build/stm32f1xx_hal_adc.o
HAL_ADC_GetError                                  build/stm32f1xx_hal_adc.o
HAL_ADC_GetState                                  build/stm32f1xx_hal_adc.o
HAL_ADC_GetValue                                  build/stm32f1xx_hal_adc.o
                                                  build/main.o
HAL_ADC_IRQHandler                                build/stm32f1xx_hal_adc.o
HAL_ADC_Init                                      build/stm32f1xx_hal_adc.o
                                                  build/main.o
HAL_ADC_LevelOutOfWindowCallback                  build/stm32f1xx_hal_adc.o
HAL_ADC_MspDeInit                                 build/stm32f1xx_hal_msp.o
HAL_ADC_MspInit                                   build/stm32f1xx_hal_msp.o
HAL_ADC_PollForConversion                         build/stm32f1xx_hal_adc.o
                                                  build/main.o
HAL_ADC_PollForEvent                              build/stm32f1xx_hal_adc.o
HAL_ADC_Start                                     build/stm32f1xx_hal_adc.o
                                                  build/main.o
HAL_ADC_Start_DMA                                 build/stm32f1xx_hal_adc.o
HAL_ADC_Start_IT                                  build/stm32f1xx_hal_adc.o
HAL_ADC_Stop                                      build/stm32f1xx_hal_adc.o
HAL_ADC_Stop_DMA                                  build/stm32f1xx_hal_adc.o
HAL_ADC_Stop_IT                                   build/stm32f1xx_hal_adc.o
HAL_DBGMCU_DisableDBGSleepMode                    build/stm32f1xx_hal.o
HAL_DBGMCU_DisableDBGStandbyMode                  build/stm32f1xx_hal.o
HAL_DBGMCU_DisableDBGStopMode                     build/stm32f1xx_hal.o
HAL_DBGMCU_EnableDBGSleepMode                     build/stm32f1xx_hal.o
HAL_DBGMCU_EnableDBGStandbyMode                   build/stm32f1xx_hal.o
HAL_DBGMCU_EnableDBGStopMode                      build/stm32f1xx_hal.o
HAL_DMA_Abort                                     build/stm32f1xx_hal_dma.o
                                                  build/stm32f1xx_hal_adc_ex.o
                                                  build/stm32f1xx_hal_adc.o
HAL_DMA_Abort_IT                                  build/stm32f1xx_hal_dma.o
                                                  build/stm32f1xx_hal_i2c.o
                                                  build/stm32f1xx_hal_tim_ex.o
                                                  build/stm32f1xx_hal_tim.o
HAL_DMA_DeInit                                    build/stm32f1xx_hal_dma.o
HAL_DMA_GetError                                  build/stm32f1xx_hal_dma.o
HAL_DMA_GetState                                  build/stm32f1xx_hal_dma.o
                                                  build/stm32f1xx_hal_i2c.o
HAL_DMA_IRQHandler                                build/stm32f1xx_hal_dma.o
HAL_DMA_Init                                      build/stm32f1xx_hal_dma.o
HAL_DMA_PollForTransfer                           build/stm32f1xx_hal_dma.o
HAL_DMA_RegisterCallback                          build/stm32f1xx_hal_dma.o
HAL_DMA_Start                                     build/stm32f1xx_hal_dma.o
HAL_DMA_Start_IT                                  build/stm32f1xx_hal_dma.o
                                                  build/stm32f1xx_hal_adc_ex.o
                                                  build/stm32f1xx_hal_adc.o
                                                  build/stm32f1xx_hal_i2c.o
                                                  build/stm32f1xx_hal_tim_ex.o
                                                  build/stm32f1xx_hal_tim.o
HAL_DMA_UnRegisterCallback                        build/stm32f1xx_hal_dma.o
HAL_DeInit                                        build/stm32f1xx_hal.o
HAL_Delay                                         build/stm32f1xx_hal.o
                                                  build/test.o
HAL_EXTI_ClearConfigLine                          build/stm32f1xx_hal_exti.o
HAL_EXTI_ClearPending                             build/stm32f1xx_hal_exti.o
HAL_EXTI_GenerateSWI                              build/stm32f1xx_hal_exti.o
HAL_EXTI_GetConfigLine                            build/stm32f1xx_hal_exti.o
HAL_EXTI_GetHandle                                build/stm32f1xx_hal_exti.o
HAL_EXTI_GetPending                               build/stm32f1xx_hal_exti.o
HAL_EXTI_IRQHandler                               build/stm32f1xx_hal_exti.o
HAL_EXTI_RegisterCallback                         build/stm32f1xx_hal_exti.o
HAL_EXTI_SetConfigLine                            build/stm32f1xx_hal_exti.o
HAL_FLASHEx_Erase                                 build/stm32f1xx_hal_flash_ex.o
HAL_FLASHEx_Erase_IT                              build/stm32f1xx_hal_flash_ex.o
HAL_FLASHEx_OBErase                               build/stm32f1xx_hal_flash_ex.o
HAL_FLASHEx_OBGetConfig                           build/stm32f1xx_hal_flash_ex.o
HAL_FLASHEx_OBGetUserData                         build/stm32f1xx_hal_flash_ex.o
HAL_FLASHEx_OBProgram                             build/stm32f1xx_hal_flash_ex.o
HAL_FLASH_EndOfOperationCallback                  build/stm32f1xx_hal_flash.o
HAL_FLASH_GetError                                build/stm32f1xx_hal_flash.o
HAL_FLASH_IRQHandler                              build/stm32f1xx_hal_flash.o
HAL_FLASH_Lock                                    build/stm32f1xx_hal_flash.o
HAL_FLASH_OB_Launch                               build/stm32f1xx_hal_flash.o
HAL_FLASH_OB_Lock                                 build/stm32f1xx_hal_flash.o
HAL_FLASH_OB_Unlock                               build/stm32f1xx_hal_flash.o
HAL_FLASH_OperationErrorCallback                  build/stm32f1xx_hal_flash.o
HAL_FLASH_Program                                 build/stm32f1xx_hal_flash.o
HAL_FLASH_Program_IT                              build/stm32f1xx_hal_flash.o
HAL_FLASH_Unlock                                  build/stm32f1xx_hal_flash.o
HAL_GPIOEx_ConfigEventout                         build/stm32f1xx_hal_gpio_ex.o
HAL_GPIOEx_DisableEventout                        build/stm32f1xx_hal_gpio_ex.o
HAL_GPIOEx_EnableEventout                         build/stm32f1xx_hal_gpio_ex.o
HAL_GPIO_DeInit                                   build/stm32f1xx_hal_gpio.o
                                                  build/stm32f1xx_hal_msp.o
HAL_GPIO_EXTI_Callback                            build/stm32f1xx_hal_gpio.o
HAL_GPIO_EXTI_IRQHandler                          build/stm32f1xx_hal_gpio.o
HAL_GPIO_Init                                     build/stm32f1xx_hal_gpio.o
                                                  build/stm32f1xx_hal_rcc.o
                                                  build/stm32f1xx_hal_msp.o
                                                  build/main.o
HAL_GPIO_LockPin                                  build/stm32f1xx_hal_gpio.o
HAL_GPIO_ReadPin                                  build/stm32f1xx_hal_gpio.o
                                                  build/main.o
HAL_GPIO_TogglePin                                build/stm32f1xx_hal_gpio.o
HAL_GPIO_WritePin                                 build/stm32f1xx_hal_gpio.o
                                                  build/main.o
HAL_GetDEVID                                      build/stm32f1xx_hal.o
HAL_GetHalVersion                                 build/stm32f1xx_hal.o
HAL_GetREVID                                      build/stm32f1xx_hal.o
HAL_GetTick                                       build/stm32f1xx_hal.o
                                                  build/stm32f1xx_hal_adc_ex.o
                                                  build/stm32f1xx_hal_adc.o
                                                  build/stm32f1xx_hal_i2c.o
                                                  build/stm32f1xx_hal_flash.o
                                                  build/stm32f1xx_hal_dma.o
                                                  build/stm32f1xx_hal_rcc_ex.o
                                                  build/stm32f1xx_hal_rcc.o
HAL_GetTickFreq                                   build/stm32f1xx_hal.o
HAL_GetTickPrio                                   build/stm32f1xx_hal.o
HAL_GetUIDw0                                      build/stm32f1xx_hal.o
HAL_GetUIDw1                                      build/stm32f1xx_hal.o
HAL_GetUIDw2                                      build/stm32f1xx_hal.o
HAL_I2C_AbortCpltCallback                         build/stm32f1xx_hal_i2c.o
HAL_I2C_AddrCallback                              build/stm32f1xx_hal_i2c.o
HAL_I2C_DeInit                                    build/stm32f1xx_hal_i2c.o
HAL_I2C_DisableListen_IT                          build/stm32f1xx_hal_i2c.o
HAL_I2C_ER_IRQHandler                             build/stm32f1xx_hal_i2c.o
HAL_I2C_EV_IRQHandler                             build/stm32f1xx_hal_i2c.o
HAL_I2C_EnableListen_IT                           build/stm32f1xx_hal_i2c.o
HAL_I2C_ErrorCallback                             build/stm32f1xx_hal_i2c.o
HAL_I2C_GetError                                  build/stm32f1xx_hal_i2c.o
HAL_I2C_GetMode                                   build/stm32f1xx_hal_i2c.o
HAL_I2C_GetState                                  build/stm32f1xx_hal_i2c.o
HAL_I2C_Init                                      build/stm32f1xx_hal_i2c.o
                                                  build/main.o
HAL_I2C_IsDeviceReady                             build/stm32f1xx_hal_i2c.o
                                                  build/ssd1306.o
HAL_I2C_ListenCpltCallback                        build/stm32f1xx_hal_i2c.o
HAL_I2C_MasterRxCpltCallback                      build/stm32f1xx_hal_i2c.o
HAL_I2C_MasterTxCpltCallback                      build/stm32f1xx_hal_i2c.o
HAL_I2C_Master_Abort_IT                           build/stm32f1xx_hal_i2c.o
HAL_I2C_Master_Receive                            build/stm32f1xx_hal_i2c.o
HAL_I2C_Master_Receive_DMA                        build/stm32f1xx_hal_i2c.o
HAL_I2C_Master_Receive_IT                         build/stm32f1xx_hal_i2c.o
HAL_I2C_Master_Seq_Receive_DMA                    build/stm32f1xx_hal_i2c.o
HAL_I2C_Master_Seq_Receive_IT                     build/stm32f1xx_hal_i2c.o
HAL_I2C_Master_Seq_Transmit_DMA                   build/stm32f1xx_hal_i2c.o
HAL_I2C_Master_Seq_Transmit_IT                    build/stm32f1xx_hal_i2c.o
HAL_I2C_Master_Transmit                           build/stm32f1xx_hal_i2c.o
                                                  build/ssd1306.o
HAL_I2C_Master_Transmit_DMA                       build/stm32f1xx_hal_i2c.o
HAL_I2C_Master_Transmit_IT                        build/stm32f1xx_hal_i2c.o
HAL_I2C_MemRxCpltCallback                         build/stm32f1xx_hal_i2c.o
HAL_I2C_MemTxCpltCallback                         build/stm32f1xx_hal_i2c.o
HAL_I2C_Mem_Read                                  build/stm32f1xx_hal_i2c.o
HAL_I2C_Mem_Read_DMA                              build/stm32f1xx_hal_i2c.o
HAL_I2C_Mem_Read_IT                               build/stm32f1xx_hal_i2c.o
HAL_I2C_Mem_Write                                 build/stm32f1xx_hal_i2c.o
HAL_I2C_Mem_Write_DMA                             build/stm32f1xx_hal_i2c.o
HAL_I2C_Mem_Write_IT                              build/stm32f1xx_hal_i2c.o
HAL_I2C_MspDeInit                                 build/stm32f1xx_hal_msp.o
HAL_I2C_MspInit                                   build/stm32f1xx_hal_msp.o
HAL_I2C_SlaveRxCpltCallback                       build/stm32f1xx_hal_i2c.o
HAL_I2C_SlaveTxCpltCallback                       build/stm32f1xx_hal_i2c.o
HAL_I2C_Slave_Receive                             build/stm32f1xx_hal_i2c.o
HAL_I2C_Slave_Receive_DMA                         build/stm32f1xx_hal_i2c.o
HAL_I2C_Slave_Receive_IT                          build/stm32f1xx_hal_i2c.o
HAL_I2C_Slave_Seq_Receive_DMA                     build/stm32f1xx_hal_i2c.o
HAL_I2C_Slave_Seq_Receive_IT                      build/stm32f1xx_hal_i2c.o
HAL_I2C_Slave_Seq_Transmit_DMA                    build/stm32f1xx_hal_i2c.o
HAL_I2C_Slave_Seq_Transmit_IT                     build/stm32f1xx_hal_i2c.o
HAL_I2C_Slave_Transmit                            build/stm32f1xx_hal_i2c.o
HAL_I2C_Slave_Transmit_DMA                        build/stm32f1xx_hal_i2c.o
HAL_I2C_Slave_Transmit_IT                         build/stm32f1xx_hal_i2c.o
HAL_IncTick                                       build/stm32f1xx_hal.o
                                                  build/stm32f1xx_it.o
HAL_Init                                          build/stm32f1xx_hal.o
                                                  build/main.o
HAL_InitTick                                      build/stm32f1xx_hal.o
                                                  build/stm32f1xx_hal_rcc.o
HAL_MspDeInit                                     build/stm32f1xx_hal.o
HAL_MspInit                                       build/stm32f1xx_hal_msp.o
HAL_NVIC_ClearPendingIRQ                          build/stm32f1xx_hal_cortex.o
HAL_NVIC_DisableIRQ                               build/stm32f1xx_hal_cortex.o
                                                  build/stm32f1xx_hal_msp.o
HAL_NVIC_EnableIRQ                                build/stm32f1xx_hal_cortex.o
                                                  build/stm32f1xx_hal_msp.o
HAL_NVIC_GetActive                                build/stm32f1xx_hal_cortex.o
HAL_NVIC_GetPendingIRQ                            build/stm32f1xx_hal_cortex.o
HAL_NVIC_GetPriority                              build/stm32f1xx_hal_cortex.o
HAL_NVIC_GetPriorityGrouping                      build/stm32f1xx_hal_cortex.o
HAL_NVIC_SetPendingIRQ                            build/stm32f1xx_hal_cortex.o
HAL_NVIC_SetPriority                              build/stm32f1xx_hal_cortex.o
                                                  build/stm32f1xx_hal.o
                                                  build/stm32f1xx_hal_msp.o
HAL_NVIC_SetPriorityGrouping                      build/stm32f1xx_hal_cortex.o
                                                  build/stm32f1xx_hal.o
HAL_NVIC_SystemReset                              build/stm32f1xx_hal_cortex.o
                                                  build/stm32f1xx_hal_flash.o
HAL_PWR_ConfigPVD                                 build/stm32f1xx_hal_pwr.o
HAL_PWR_DeInit                                    build/stm32f1xx_hal_pwr.o
HAL_PWR_DisableBkUpAccess                         build/stm32f1xx_hal_pwr.o
HAL_PWR_DisablePVD                                build/stm32f1xx_hal_pwr.o
HAL_PWR_DisableSEVOnPend                          build/stm32f1xx_hal_pwr.o
HAL_PWR_DisableSleepOnExit                        build/stm32f1xx_hal_pwr.o
HAL_PWR_DisableWakeUpPin                          build/stm32f1xx_hal_pwr.o
HAL_PWR_EnableBkUpAccess                          build/stm32f1xx_hal_pwr.o
HAL_PWR_EnablePVD                                 build/stm32f1xx_hal_pwr.o
HAL_PWR_EnableSEVOnPend                           build/stm32f1xx_hal_pwr.o
HAL_PWR_EnableSleepOnExit                         build/stm32f1xx_hal_pwr.o
HAL_PWR_EnableWakeUpPin                           build/stm32f1xx_hal_pwr.o
HAL_PWR_EnterSLEEPMode                            build/stm32f1xx_hal_pwr.o
HAL_PWR_EnterSTANDBYMode                          build/stm32f1xx_hal_pwr.o
HAL_PWR_EnterSTOPMode                             build/stm32f1xx_hal_pwr.o
HAL_PWR_PVDCallback                               build/stm32f1xx_hal_pwr.o
HAL_PWR_PVD_IRQHandler                            build/stm32f1xx_hal_pwr.o
HAL_RCCEx_GetPeriphCLKConfig                      build/stm32f1xx_hal_rcc_ex.o
HAL_RCCEx_GetPeriphCLKFreq                        build/stm32f1xx_hal_rcc_ex.o
                                                  build/stm32f1xx_hal_adc_ex.o
                                                  build/stm32f1xx_hal_adc.o
HAL_RCCEx_PeriphCLKConfig                         build/stm32f1xx_hal_rcc_ex.o
                                                  build/main.o
HAL_RCC_CSSCallback                               build/stm32f1xx_hal_rcc.o
HAL_RCC_ClockConfig                               build/stm32f1xx_hal_rcc.o
                                                  build/main.o
HAL_RCC_DeInit                                    build/stm32f1xx_hal_rcc.o
HAL_RCC_DisableCSS                                build/stm32f1xx_hal_rcc.o
HAL_RCC_EnableCSS                                 build/stm32f1xx_hal_rcc.o
HAL_RCC_GetClockConfig                            build/stm32f1xx_hal_rcc.o
HAL_RCC_GetHCLKFreq                               build/stm32f1xx_hal_rcc.o
HAL_RCC_GetOscConfig                              build/stm32f1xx_hal_rcc.o
HAL_RCC_GetPCLK1Freq                              build/stm32f1xx_hal_rcc.o
                                                  build/stm32f1xx_hal_i2c.o
HAL_RCC_GetPCLK2Freq                              build/stm32f1xx_hal_rcc.o
                                                  build/stm32f1xx_hal_rcc_ex.o
HAL_RCC_GetSysClockFreq                           build/stm32f1xx_hal_rcc.o
HAL_RCC_MCOConfig                                 build/stm32f1xx_hal_rcc.o
HAL_RCC_NMI_IRQHandler                            build/stm32f1xx_hal_rcc.o
HAL_RCC_OscConfig                                 build/stm32f1xx_hal_rcc.o
                                                  build/main.o
HAL_ResumeTick                                    build/stm32f1xx_hal.o
HAL_SYSTICK_CLKSourceConfig                       build/stm32f1xx_hal_cortex.o
HAL_SYSTICK_Callback                              build/stm32f1xx_hal_cortex.o
HAL_SYSTICK_Config                                build/stm32f1xx_hal_cortex.o
                                                  build/stm32f1xx_hal.o
HAL_SYSTICK_IRQHandler                            build/stm32f1xx_hal_cortex.o
HAL_SetTickFreq                                   build/stm32f1xx_hal.o
HAL_SuspendTick                                   build/stm32f1xx_hal.o
HAL_TIMEx_BreakCallback                           build/stm32f1xx_hal_tim_ex.o
                                                  build/stm32f1xx_hal_tim.o
HAL_TIMEx_CommutCallback                          build/stm32f1xx_hal_tim_ex.o
                                                  build/stm32f1xx_hal_tim.o
HAL_TIMEx_CommutHalfCpltCallback                  build/stm32f1xx_hal_tim_ex.o
HAL_TIMEx_ConfigBreakDeadTime                     build/stm32f1xx_hal_tim_ex.o
HAL_TIMEx_ConfigCommutEvent                       build/stm32f1xx_hal_tim_ex.o
HAL_TIMEx_ConfigCommutEvent_DMA                   build/stm32f1xx_hal_tim_ex.o
HAL_TIMEx_ConfigCommutEvent_IT                    build/stm32f1xx_hal_tim_ex.o
HAL_TIMEx_GetChannelNState                        build/stm32f1xx_hal_tim_ex.o
HAL_TIMEx_HallSensor_DeInit                       build/stm32f1xx_hal_tim_ex.o
HAL_TIMEx_HallSensor_GetState                     build/stm32f1xx_hal_tim_ex.o
HAL_TIMEx_HallSensor_Init                         build/stm32f1xx_hal_tim_ex.o
HAL_TIMEx_HallSensor_MspDeInit                    build/stm32f1xx_hal_tim_ex.o
HAL_TIMEx_HallSensor_MspInit                      build/stm32f1xx_hal_tim_ex.o
HAL_TIMEx_HallSensor_Start                        build/stm32f1xx_hal_tim_ex.o
HAL_TIMEx_HallSensor_Start_DMA                    build/stm32f1xx_hal_tim_ex.o
HAL_TIMEx_HallSensor_Start_IT                     build/stm32f1xx_hal_tim_ex.o
HAL_TIMEx_HallSensor_Stop                         build/stm32f1xx_hal_tim_ex.o
HAL_TIMEx_HallSensor_Stop_DMA                     build/stm32f1xx_hal_tim_ex.o
HAL_TIMEx_HallSensor_Stop_IT                      build/stm32f1xx_hal_tim_ex.o
HAL_TIMEx_MasterConfigSynchronization             build/stm32f1xx_hal_tim_ex.o
                                                  build/main.o
HAL_TIMEx_OCN_Start                               build/stm32f1xx_hal_tim_ex.o
HAL_TIMEx_OCN_Start_DMA                           build/stm32f1xx_hal_tim_ex.o
HAL_TIMEx_OCN_Start_IT                            build/stm32f1xx_hal_tim_ex.o
HAL_TIMEx_OCN_Stop                                build/stm32f1xx_hal_tim_ex.o
HAL_TIMEx_OCN_Stop_DMA                            build/stm32f1xx_hal_tim_ex.o
HAL_TIMEx_OCN_Stop_IT                             build/stm32f1xx_hal_tim_ex.o
HAL_TIMEx_OnePulseN_Start                         build/stm32f1xx_hal_tim_ex.o
HAL_TIMEx_OnePulseN_Start_IT                      build/stm32f1xx_hal_tim_ex.o
HAL_TIMEx_OnePulseN_Stop                          build/stm32f1xx_hal_tim_ex.o
HAL_TIMEx_OnePulseN_Stop_IT                       build/stm32f1xx_hal_tim_ex.o
HAL_TIMEx_PWMN_Start                              build/stm32f1xx_hal_tim_ex.o
HAL_TIMEx_PWMN_Start_DMA                          build/stm32f1xx_hal_tim_ex.o
HAL_TIMEx_PWMN_Start_IT                           build/stm32f1xx_hal_tim_ex.o
HAL_TIMEx_PWMN_Stop                               build/stm32f1xx_hal_tim_ex.o
HAL_TIMEx_PWMN_Stop_DMA                           build/stm32f1xx_hal_tim_ex.o
HAL_TIMEx_PWMN_Stop_IT                            build/stm32f1xx_hal_tim_ex.o
HAL_TIMEx_RemapConfig                             build/stm32f1xx_hal_tim_ex.o
HAL_TIM_Base_DeInit                               build/stm32f1xx_hal_tim.o
HAL_TIM_Base_GetState                             build/stm32f1xx_hal_tim.o
HAL_TIM_Base_Init                                 build/stm32f1xx_hal_tim.o
                                                  build/main.o
HAL_TIM_Base_MspDeInit                            build/stm32f1xx_hal_msp.o
HAL_TIM_Base_MspInit                              build/stm32f1xx_hal_msp.o
HAL_TIM_Base_Start                                build/stm32f1xx_hal_tim.o
HAL_TIM_Base_Start_DMA                            build/stm32f1xx_hal_tim.o
HAL_TIM_Base_Start_IT                             build/stm32f1xx_hal_tim.o
                                                  build/main.o
HAL_TIM_Base_Stop                                 build/stm32f1xx_hal_tim.o
HAL_TIM_Base_Stop_DMA                             build/stm32f1xx_hal_tim.o
HAL_TIM_Base_Stop_IT                              build/stm32f1xx_hal_tim.o
                                                  build/main.o
HAL_TIM_ConfigClockSource                         build/stm32f1xx_hal_tim.o
                                                  build/main.o
HAL_TIM_ConfigOCrefClear                          build/stm32f1xx_hal_tim.o
HAL_TIM_ConfigTI1Input                            build/stm32f1xx_hal_tim.o
HAL_TIM_DMABurstState                             build/stm32f1xx_hal_tim.o
HAL_TIM_DMABurst_MultiReadStart                   build/stm32f1xx_hal_tim.o
HAL_TIM_DMABurst_MultiWriteStart                  build/stm32f1xx_hal_tim.o
HAL_TIM_DMABurst_ReadStart                        build/stm32f1xx_hal_tim.o
HAL_TIM_DMABurst_ReadStop                         build/stm32f1xx_hal_tim.o
HAL_TIM_DMABurst_WriteStart                       build/stm32f1xx_hal_tim.o
HAL_TIM_DMABurst_WriteStop                        build/stm32f1xx_hal_tim.o
HAL_TIM_Encoder_DeInit                            build/stm32f1xx_hal_tim.o
HAL_TIM_Encoder_GetState                          build/stm32f1xx_hal_tim.o
HAL_TIM_Encoder_Init                              build/stm32f1xx_hal_tim.o
HAL_TIM_Encoder_MspDeInit                         build/stm32f1xx_hal_tim.o
HAL_TIM_Encoder_MspInit                           build/stm32f1xx_hal_tim.o
HAL_TIM_Encoder_Start                             build/stm32f1xx_hal_tim.o
HAL_TIM_Encoder_Start_DMA                         build/stm32f1xx_hal_tim.o
HAL_TIM_Encoder_Start_IT                          build/stm32f1xx_hal_tim.o
HAL_TIM_Encoder_Stop                              build/stm32f1xx_hal_tim.o
HAL_TIM_Encoder_Stop_DMA                          build/stm32f1xx_hal_tim.o
HAL_TIM_Encoder_Stop_IT                           build/stm32f1xx_hal_tim.o
HAL_TIM_ErrorCallback                             build/stm32f1xx_hal_tim.o
                                                  build/stm32f1xx_hal_tim_ex.o
HAL_TIM_GenerateEvent                             build/stm32f1xx_hal_tim.o
HAL_TIM_GetActiveChannel                          build/stm32f1xx_hal_tim.o
HAL_TIM_GetChannelState                           build/stm32f1xx_hal_tim.o
HAL_TIM_IC_CaptureCallback                        build/stm32f1xx_hal_tim.o
HAL_TIM_IC_CaptureHalfCpltCallback                build/stm32f1xx_hal_tim.o
HAL_TIM_IC_ConfigChannel                          build/stm32f1xx_hal_tim.o
HAL_TIM_IC_DeInit                                 build/stm32f1xx_hal_tim.o
HAL_TIM_IC_GetState                               build/stm32f1xx_hal_tim.o
HAL_TIM_IC_Init                                   build/stm32f1xx_hal_tim.o
HAL_TIM_IC_MspDeInit                              build/stm32f1xx_hal_tim.o
HAL_TIM_IC_MspInit                                build/stm32f1xx_hal_tim.o
HAL_TIM_IC_Start                                  build/stm32f1xx_hal_tim.o
HAL_TIM_IC_Start_DMA                              build/stm32f1xx_hal_tim.o
HAL_TIM_IC_Start_IT                               build/stm32f1xx_hal_tim.o
HAL_TIM_IC_Stop                                   build/stm32f1xx_hal_tim.o
HAL_TIM_IC_Stop_DMA                               build/stm32f1xx_hal_tim.o
HAL_TIM_IC_Stop_IT                                build/stm32f1xx_hal_tim.o
HAL_TIM_IRQHandler                                build/stm32f1xx_hal_tim.o
                                                  build/stm32f1xx_it.o
HAL_TIM_MspPostInit                               build/stm32f1xx_hal_msp.o
                                                  build/main.o
HAL_TIM_OC_ConfigChannel                          build/stm32f1xx_hal_tim.o
HAL_TIM_OC_DeInit                                 build/stm32f1xx_hal_tim.o
HAL_TIM_OC_DelayElapsedCallback                   build/stm32f1xx_hal_tim.o
HAL_TIM_OC_GetState                               build/stm32f1xx_hal_tim.o
HAL_TIM_OC_Init                                   build/stm32f1xx_hal_tim.o
HAL_TIM_OC_MspDeInit                              build/stm32f1xx_hal_tim.o
HAL_TIM_OC_MspInit                                build/stm32f1xx_hal_tim.o
HAL_TIM_OC_Start                                  build/stm32f1xx_hal_tim.o
HAL_TIM_OC_Start_DMA                              build/stm32f1xx_hal_tim.o
HAL_TIM_OC_Start_IT                               build/stm32f1xx_hal_tim.o
HAL_TIM_OC_Stop                                   build/stm32f1xx_hal_tim.o
HAL_TIM_OC_Stop_DMA                               build/stm32f1xx_hal_tim.o
HAL_TIM_OC_Stop_IT                                build/stm32f1xx_hal_tim.o
HAL_TIM_OnePulse_ConfigChannel                    build/stm32f1xx_hal_tim.o
HAL_TIM_OnePulse_DeInit                           build/stm32f1xx_hal_tim.o
HAL_TIM_OnePulse_GetState                         build/stm32f1xx_hal_tim.o
HAL_TIM_OnePulse_Init                             build/stm32f1xx_hal_tim.o
HAL_TIM_OnePulse_MspDeInit                        build/stm32f1xx_hal_tim.o
HAL_TIM_OnePulse_MspInit                          build/stm32f1xx_hal_tim.o
HAL_TIM_OnePulse_Start                            build/stm32f1xx_hal_tim.o
HAL_TIM_OnePulse_Start_IT                         build/stm32f1xx_hal_tim.o
HAL_TIM_OnePulse_Stop                             build/stm32f1xx_hal_tim.o
HAL_TIM_OnePulse_Stop_IT                          build/stm32f1xx_hal_tim.o
HAL_TIM_PWM_ConfigChannel                         build/stm32f1xx_hal_tim.o
                                                  build/main.o
HAL_TIM_PWM_DeInit                                build/stm32f1xx_hal_tim.o
HAL_TIM_PWM_GetState                              build/stm32f1xx_hal_tim.o
HAL_TIM_PWM_Init                                  build/stm32f1xx_hal_tim.o
                                                  build/main.o
HAL_TIM_PWM_MspDeInit                             build/stm32f1xx_hal_tim.o
HAL_TIM_PWM_MspInit                               build/stm32f1xx_hal_tim.o
HAL_TIM_PWM_PulseFinishedCallback                 build/stm32f1xx_hal_tim.o
                                                  build/stm32f1xx_hal_tim_ex.o
HAL_TIM_PWM_PulseFinishedHalfCpltCallback         build/stm32f1xx_hal_tim.o
HAL_TIM_PWM_Start                                 build/stm32f1xx_hal_tim.o
                                                  build/main.o
HAL_TIM_PWM_Start_DMA                             build/stm32f1xx_hal_tim.o
HAL_TIM_PWM_Start_IT                              build/stm32f1xx_hal_tim.o
HAL_TIM_PWM_Stop                                  build/stm32f1xx_hal_tim.o
HAL_TIM_PWM_Stop_DMA                              build/stm32f1xx_hal_tim.o
HAL_TIM_PWM_Stop_IT                               build/stm32f1xx_hal_tim.o
                                                  build/main.o
HAL_TIM_PeriodElapsedCallback                     build/main.o
HAL_TIM_PeriodElapsedHalfCpltCallback             build/stm32f1xx_hal_tim.o
HAL_TIM_ReadCapturedValue                         build/stm32f1xx_hal_tim.o
HAL_TIM_SlaveConfigSynchro                        build/stm32f1xx_hal_tim.o
HAL_TIM_SlaveConfigSynchro_IT                     build/stm32f1xx_hal_tim.o
HAL_TIM_TriggerCallback                           build/stm32f1xx_hal_tim.o
HAL_TIM_TriggerHalfCpltCallback                   build/stm32f1xx_hal_tim.o
HardFault_Handler                                 build/stm32f1xx_it.o
I2C1_ER_IRQHandler                                build/startup_stm32f103xb.o
I2C1_EV_IRQHandler                                build/startup_stm32f103xb.o
I2C2_ER_IRQHandler                                build/startup_stm32f103xb.o
I2C2_EV_IRQHandler                                build/startup_stm32f103xb.o
MemManage_Handler                                 build/stm32f1xx_it.o
MenuAtual                                         build/main.o
MenuHandler                                       build/main.o
NMI_Handler                                       build/stm32f1xx_it.o
Nd                                                build/main.o
PVD_IRQHandler                                    build/startup_stm32f103xb.o
PendSV_Handler                                    build/stm32f1xx_it.o
RCC_IRQHandler                                    build/startup_stm32f103xb.o
RTC_Alarm_IRQHandler                              build/startup_stm32f103xb.o
RTC_IRQHandler                                    build/startup_stm32f103xb.o
Reset_Handler                                     build/startup_stm32f103xb.o
SPI1_IRQHandler                                   build/startup_stm32f103xb.o
SPI2_IRQHandler                                   build/startup_stm32f103xb.o
SSD1306_Clear                                     build/ssd1306.o
                                                  build/test.o
                                                  build/main.o
SSD1306_DrawBitmap                                build/ssd1306.o
SSD1306_DrawCircle                                build/ssd1306.o
                                                  build/test.o
SSD1306_DrawFilledCircle                          build/ssd1306.o
                                                  build/test.o
SSD1306_DrawFilledRectangle                       build/ssd1306.o
                                                  build/test.o
SSD1306_DrawFilledTriangle                        build/ssd1306.o
SSD1306_DrawLine                                  build/ssd1306.o
                                                  build/test.o
SSD1306_DrawPixel                                 build/ssd1306.o
SSD1306_DrawRectangle                             build/ssd1306.o
                                                  build/test.o
SSD1306_DrawTriangle                              build/ssd1306.o
                                                  build/test.o
SSD1306_Fill                                      build/ssd1306.o
SSD1306_GotoXY                                    build/ssd1306.o
                                                  build/main.o
SSD1306_Init                                      build/ssd1306.o
                                                  build/main.o
SSD1306_InvertDisplay                             build/ssd1306.o
SSD1306_OFF                                       build/ssd1306.o
SSD1306_ON                                        build/ssd1306.o
SSD1306_Putc                                      build/ssd1306.o
SSD1306_Puts                                      build/ssd1306.o
                                                  build/main.o
SSD1306_ScrollLeft                                build/ssd1306.o
SSD1306_ScrollRight                               build/ssd1306.o
SSD1306_Scrolldiagleft                            build/ssd1306.o
SSD1306_Scrolldiagright                           build/ssd1306.o
SSD1306_Stopscroll                                build/ssd1306.o
SSD1306_ToggleInvert                              build/ssd1306.o
SSD1306_UpdateScreen                              build/ssd1306.o
                                                  build/test.o
                                                  build/main.o
SVC_Handler                                       build/stm32f1xx_it.o
StepAlta                                          build/main.o
SysTick_Handler                                   build/stm32f1xx_it.o
SystemClock_Config                                build/main.o
SystemCoreClock                                   build/system_stm32f1xx.o
                                                  build/stm32f1xx_hal_adc_ex.o
                                                  build/stm32f1xx_hal_adc.o
                                                  build/stm32f1xx_hal_i2c.o
                                                  build/stm32f1xx_hal_rcc.o
                                                  build/stm32f1xx_hal.o
SystemCoreClockUpdate                             build/system_stm32f1xx.o
SystemInit                                        build/system_stm32f1xx.o
                                                  build/startup_stm32f103xb.o
TAMPER_IRQHandler                                 build/startup_stm32f103xb.o
TIM1_BRK_IRQHandler                               build/startup_stm32f103xb.o
TIM1_CC_IRQHandler                                build/startup_stm32f103xb.o
TIM1_TRG_COM_IRQHandler                           build/startup_stm32f103xb.o
TIM1_UP_IRQHandler                                build/startup_stm32f103xb.o
TIM2_IRQHandler                                   build/startup_stm32f103xb.o
TIM3_IRQHandler                                   build/startup_stm32f103xb.o
TIM4_IRQHandler                                   build/stm32f1xx_it.o
TIMEx_DMACommutationCplt                          build/stm32f1xx_hal_tim_ex.o
                                                  build/stm32f1xx_hal_tim.o
TIMEx_DMACommutationHalfCplt                      build/stm32f1xx_hal_tim_ex.o
                                                  build/stm32f1xx_hal_tim.o
TIM_Base_SetConfig                                build/stm32f1xx_hal_tim.o
                                                  build/stm32f1xx_hal_tim_ex.o
TIM_CCxChannelCmd                                 build/stm32f1xx_hal_tim.o
                                                  build/stm32f1xx_hal_tim_ex.o
TIM_DMACaptureCplt                                build/stm32f1xx_hal_tim.o
                                                  build/stm32f1xx_hal_tim_ex.o
TIM_DMACaptureHalfCplt                            build/stm32f1xx_hal_tim.o
                                                  build/stm32f1xx_hal_tim_ex.o
TIM_DMADelayPulseHalfCplt                         build/stm32f1xx_hal_tim.o
                                                  build/stm32f1xx_hal_tim_ex.o
TIM_DMAError                                      build/stm32f1xx_hal_tim.o
                                                  build/stm32f1xx_hal_tim_ex.o
TIM_ETR_SetConfig                                 build/stm32f1xx_hal_tim.o
TIM_OC2_SetConfig                                 build/stm32f1xx_hal_tim.o
                                                  build/stm32f1xx_hal_tim_ex.o
TIM_TI1_SetConfig                                 build/stm32f1xx_hal_tim.o
                                                  build/stm32f1xx_hal_tim_ex.o
TempCelsius                                       build/main.o
TempVolts                                         build/main.o
TestCircles                                       build/test.o
TestFilledCircles                                 build/test.o
TestFilledRectangles                              build/test.o
TestLines                                         build/test.o
TestRectangles                                    build/test.o